Archive member included because of file (symbol)

/var/folders/10/2gtg3c9534n7mjwvtflsvxs80000gn/T/arduino_cache_720481/core/core_4afc72e51422f546eee8ea0ceffe6130.a(exc.S.o)
                              (__exc_nmi)
/var/folders/10/2gtg3c9534n7mjwvtflsvxs80000gn/T/arduino_cache_720481/core/core_4afc72e51422f546eee8ea0ceffe6130.a(isrs.S.o)
                              (__stm32reservedexception7)
/var/folders/10/2gtg3c9534n7mjwvtflsvxs80000gn/T/arduino_cache_720481/core/core_4afc72e51422f546eee8ea0ceffe6130.a(vector_table.S.o)
                              (__stm32_vector_table)
/var/folders/10/2gtg3c9534n7mjwvtflsvxs80000gn/T/arduino_cache_720481/core/core_4afc72e51422f546eee8ea0ceffe6130.a(adc.c.o)
                              /var/folders/10/2gtg3c9534n7mjwvtflsvxs80000gn/T/arduino_build_76740/core/wirish/boards.cpp.o (adc_set_sample_rate)
/var/folders/10/2gtg3c9534n7mjwvtflsvxs80000gn/T/arduino_cache_720481/core/core_4afc72e51422f546eee8ea0ceffe6130.a(adc_f1.c.o)
                              (__irq_adc)
/var/folders/10/2gtg3c9534n7mjwvtflsvxs80000gn/T/arduino_cache_720481/core/core_4afc72e51422f546eee8ea0ceffe6130.a(dma_f1.c.o)
                              (__irq_dma1_channel1)
/var/folders/10/2gtg3c9534n7mjwvtflsvxs80000gn/T/arduino_cache_720481/core/core_4afc72e51422f546eee8ea0ceffe6130.a(exti.c.o)
                              (__irq_exti0)
/var/folders/10/2gtg3c9534n7mjwvtflsvxs80000gn/T/arduino_cache_720481/core/core_4afc72e51422f546eee8ea0ceffe6130.a(exti_f1.c.o)
                              /var/folders/10/2gtg3c9534n7mjwvtflsvxs80000gn/T/arduino_cache_720481/core/core_4afc72e51422f546eee8ea0ceffe6130.a(exti.c.o) (exti_select)
/var/folders/10/2gtg3c9534n7mjwvtflsvxs80000gn/T/arduino_cache_720481/core/core_4afc72e51422f546eee8ea0ceffe6130.a(flash.c.o)
                              /var/folders/10/2gtg3c9534n7mjwvtflsvxs80000gn/T/arduino_build_76740/core/wirish/boards.cpp.o (flash_set_latency)
/var/folders/10/2gtg3c9534n7mjwvtflsvxs80000gn/T/arduino_cache_720481/core/core_4afc72e51422f546eee8ea0ceffe6130.a(gpio_f1.c.o)
                              /var/folders/10/2gtg3c9534n7mjwvtflsvxs80000gn/T/arduino_build_76740/core/wirish/boards_setup.cpp.o (gpio_init_all)
/var/folders/10/2gtg3c9534n7mjwvtflsvxs80000gn/T/arduino_cache_720481/core/core_4afc72e51422f546eee8ea0ceffe6130.a(i2c.c.o)
                              /var/folders/10/2gtg3c9534n7mjwvtflsvxs80000gn/T/arduino_build_76740/libraries/Wire/Wire.cpp.o (i2c_master_xfer)
/var/folders/10/2gtg3c9534n7mjwvtflsvxs80000gn/T/arduino_cache_720481/core/core_4afc72e51422f546eee8ea0ceffe6130.a(i2c_f1.c.o)
                              /var/folders/10/2gtg3c9534n7mjwvtflsvxs80000gn/T/arduino_cache_720481/core/core_4afc72e51422f546eee8ea0ceffe6130.a(i2c.c.o) (i2c_config_gpios)
/var/folders/10/2gtg3c9534n7mjwvtflsvxs80000gn/T/arduino_cache_720481/core/core_4afc72e51422f546eee8ea0ceffe6130.a(nvic.c.o)
                              /var/folders/10/2gtg3c9534n7mjwvtflsvxs80000gn/T/arduino_cache_720481/core/core_4afc72e51422f546eee8ea0ceffe6130.a(i2c_f1.c.o) (nvic_irq_set_priority)
/var/folders/10/2gtg3c9534n7mjwvtflsvxs80000gn/T/arduino_cache_720481/core/core_4afc72e51422f546eee8ea0ceffe6130.a(rcc.c.o)
                              /var/folders/10/2gtg3c9534n7mjwvtflsvxs80000gn/T/arduino_build_76740/core/wirish/boards.cpp.o (rcc_switch_sysclk)
/var/folders/10/2gtg3c9534n7mjwvtflsvxs80000gn/T/arduino_cache_720481/core/core_4afc72e51422f546eee8ea0ceffe6130.a(rcc_f1.c.o)
                              /var/folders/10/2gtg3c9534n7mjwvtflsvxs80000gn/T/arduino_build_76740/core/wirish/boards.cpp.o (rcc_configure_pll)
/var/folders/10/2gtg3c9534n7mjwvtflsvxs80000gn/T/arduino_cache_720481/core/core_4afc72e51422f546eee8ea0ceffe6130.a(systick.c.o)
                              /var/folders/10/2gtg3c9534n7mjwvtflsvxs80000gn/T/arduino_build_76740/core/wirish/boards.cpp.o (systick_init)
/var/folders/10/2gtg3c9534n7mjwvtflsvxs80000gn/T/arduino_cache_720481/core/core_4afc72e51422f546eee8ea0ceffe6130.a(timer.c.o)
                              /var/folders/10/2gtg3c9534n7mjwvtflsvxs80000gn/T/arduino_build_76740/core/wirish/boards.cpp.o (timer_foreach)
/var/folders/10/2gtg3c9534n7mjwvtflsvxs80000gn/T/arduino_cache_720481/core/core_4afc72e51422f546eee8ea0ceffe6130.a(usart_f1.c.o)
                              (__irq_usart1)
/var/folders/10/2gtg3c9534n7mjwvtflsvxs80000gn/T/arduino_cache_720481/core/core_4afc72e51422f546eee8ea0ceffe6130.a(usart_private.c.o)
                              /var/folders/10/2gtg3c9534n7mjwvtflsvxs80000gn/T/arduino_cache_720481/core/core_4afc72e51422f546eee8ea0ceffe6130.a(usart_f1.c.o) (_usart_clock_freq)
/var/folders/10/2gtg3c9534n7mjwvtflsvxs80000gn/T/arduino_cache_720481/core/core_4afc72e51422f546eee8ea0ceffe6130.a(usb.c.o)
                              (__irq_usb_lp_can_rx0)
/var/folders/10/2gtg3c9534n7mjwvtflsvxs80000gn/T/arduino_cache_720481/core/core_4afc72e51422f546eee8ea0ceffe6130.a(usb_cdcacm.c.o)
[...]
Memory Configuration

Name             Origin             Length             Attributes
ram              0x0000000020000000 0x000000000000c000 xrw
rom              0x0000000008000000 0x0000000000040000 xr
*default*        0x0000000000000000 0xffffffffffffffff

Linker script and memory map

LOAD /Users/giovanni/Library/Arduino15/packages/arduino/tools/arm-none-eabi-gcc/4.8.3-2014q1/bin/../lib/gcc/arm-none-eabi/4.8.3/armv7-m/crti.o
LOAD /Users/giovanni/Library/Arduino15/packages/arduino/tools/arm-none-eabi-gcc/4.8.3-2014q1/bin/../lib/gcc/arm-none-eabi/4.8.3/armv7-m/crtbegin.o
LOAD /Users/giovanni/Library/Arduino15/packages/arduino/tools/arm-none-eabi-gcc/4.8.3-2014q1/bin/../lib/gcc/arm-none-eabi/4.8.3/../../../../arm-none-eabi/lib/armv7-m/crt0.o
LOAD /Users/giovanni/Library/Arduino15/packages/arduino/tools/arm-none-eabi-gcc/4.8.3-2014q1/bin/../lib/gcc/arm-none-eabi/4.8.3/armv7-m/libgcc.a
START GROUP
LOAD /var/folders/10/2gtg3c9534n7mjwvtflsvxs80000gn/T/arduino_build_76740/sketch/CircularBuffer.cpp.o
LOAD /var/folders/10/2gtg3c9534n7mjwvtflsvxs80000gn/T/arduino_build_76740/sketch/dcmotor.cpp.o
LOAD /var/folders/10/2gtg3c9534n7mjwvtflsvxs80000gn/T/arduino_build_76740/sketch/encoder.cpp.o
LOAD /var/folders/10/2gtg3c9534n7mjwvtflsvxs80000gn/T/arduino_build_76740/sketch/motorcontroller.cpp.o
LOAD /var/folders/10/2gtg3c9534n7mjwvtflsvxs80000gn/T/arduino_build_76740/sketch/stm32_amr_firmware.ino.cpp.o
LOAD /var/folders/10/2gtg3c9534n7mjwvtflsvxs80000gn/T/arduino_build_76740/sketch/ucPack.cpp.o
LOAD /var/folders/10/2gtg3c9534n7mjwvtflsvxs80000gn/T/arduino_build_76740/libraries/Wire/SoftWire.cpp.o
LOAD /var/folders/10/2gtg3c9534n7mjwvtflsvxs80000gn/T/arduino_build_76740/libraries/Wire/Wire.cpp.o
LOAD /var/folders/10/2gtg3c9534n7mjwvtflsvxs80000gn/T/arduino_build_76740/libraries/Wire/utility/WireBase.cpp.o
LOAD /var/folders/10/2gtg3c9534n7mjwvtflsvxs80000gn/T/arduino_build_76740/core/wirish/start.S.o
LOAD /var/folders/10/2gtg3c9534n7mjwvtflsvxs80000gn/T/arduino_build_76740/core/wirish/start_c.c.o
LOAD /var/folders/10/2gtg3c9534n7mjwvtflsvxs80000gn/T/arduino_build_76740/core/wirish/syscalls.c.o
LOAD /var/folders/10/2gtg3c9534n7mjwvtflsvxs80000gn/T/arduino_build_76740/core/board.cpp.o
LOAD /var/folders/10/2gtg3c9534n7mjwvtflsvxs80000gn/T/arduino_build_76740/core/wirish/boards.cpp.o
LOAD /var/folders/10/2gtg3c9534n7mjwvtflsvxs80000gn/T/arduino_build_76740/core/wirish/boards_setup.cpp.o
LOAD /var/folders/10/2gtg3c9534n7mjwvtflsvxs80000gn/T/arduino_cache_720481/core/core_4afc72e51422f546eee8ea0ceffe6130.a
END GROUP
LOAD /Users/giovanni/Library/Arduino15/packages/arduino/tools/arm-none-eabi-gcc/4.8.3-2014q1/bin/../lib/gcc/arm-none-eabi/4.8.3/../../../../arm-none-eabi/lib/armv7-m/libstdc++_s.a
LOAD /Users/giovanni/Library/Arduino15/packages/arduino/tools/arm-none-eabi-gcc/4.8.3-2014q1/bin/../lib/gcc/arm-none-eabi/4.8.3/../../../../arm-none-eabi/lib/armv7-m/libm.a
START GROUP
LOAD /Users/giovanni/Library/Arduino15/packages/arduino/tools/arm-none-eabi-gcc/4.8.3-2014q1/bin/../lib/gcc/arm-none-eabi/4.8.3/armv7-m/libgcc.a
LOAD /Users/giovanni/Library/Arduino15/packages/arduino/tools/arm-none-eabi-gcc/4.8.3-2014q1/bin/../lib/gcc/arm-none-eabi/4.8.3/../../../../arm-none-eabi/lib/armv7-m/libc_s.a
END GROUP
START GROUP
LOAD /Users/giovanni/Library/Arduino15/packages/arduino/tools/arm-none-eabi-gcc/4.8.3-2014q1/bin/../lib/gcc/arm-none-eabi/4.8.3/armv7-m/libgcc.a
LOAD /Users/giovanni/Library/Arduino15/packages/arduino/tools/arm-none-eabi-gcc/4.8.3-2014q1/bin/../lib/gcc/arm-none-eabi/4.8.3/../../../../arm-none-eabi/lib/armv7-m/libc_s.a
END GROUP
LOAD /Users/giovanni/Library/Arduino15/packages/arduino/tools/arm-none-eabi-gcc/4.8.3-2014q1/bin/../lib/gcc/arm-none-eabi/4.8.3/armv7-m/crtend.o
LOAD /Users/giovanni/Library/Arduino15/packages/arduino/tools/arm-none-eabi-gcc/4.8.3-2014q1/bin/../lib/gcc/arm-none-eabi/4.8.3/armv7-m/crtn.o
START GROUP
LOAD /Users/giovanni/Library/Arduino15/packages/arduino/tools/arm-none-eabi-gcc/4.8.3-2014q1/bin/../lib/gcc/arm-none-eabi/4.8.3/armv7-m/libgcc.a
LOAD /Users/giovanni/Library/Arduino15/packages/arduino/tools/arm-none-eabi-gcc/4.8.3-2014q1/bin/../lib/gcc/arm-none-eabi/4.8.3/../../../../arm-none-eabi/lib/armv7-m/libc.a
LOAD /Users/giovanni/Library/Arduino15/packages/arduino/tools/arm-none-eabi-gcc/4.8.3-2014q1/bin/../lib/gcc/arm-none-eabi/4.8.3/../../../../arm-none-eabi/lib/armv7-m/libm.a
END GROUP
START GROUP
LOAD /Users/giovanni/Library/Arduino15/packages/arduino/tools/arm-none-eabi-gcc/4.8.3-2014q1/bin/../lib/gcc/arm-none-eabi/4.8.3/../../../../arm-none-eabi/lib/armv7-m/libnosys.a
END GROUP
                0x000000002000c000                PROVIDE (__msp_init, (ORIGIN (ram) + 0xc000))
                0x00000000080016b0                PROVIDE (__exc_reset, __start__)

.text           0x0000000008000000     0x5574
                0x0000000008000000                __text_start__ = .
 *(.stm32.interrupt_vector)
 .stm32.interrupt_vector
                0x0000000008000000      0x130 /var/folders/10/2gtg3c9534n7mjwvtflsvxs80000gn/T/arduino_cache_720481/core/core_4afc72e51422f546eee8ea0ceffe6130.a(vector_table.S.o)
                0x0000000008000000                __stm32_vector_table
 *(.text .text.* .gnu.linkonce.t.*)
 .text          0x0000000008000130       0x54 /Users/giovanni/Library/Arduino15/packages/arduino/tools/arm-none-eabi-gcc/4.8.3-2014q1/bin/../lib/gcc/arm-none-eabi/4.8.3/armv7-m/crtbegin.o
 .text._ZN14CircularBufferC2Eh
                0x0000000008000184       0x1a /var/folders/10/2gtg3c9534n7mjwvtflsvxs80000gn/T/arduino_build_76740/sketch/CircularBuffer.cpp.o
                0x0000000008000184                CircularBuffer::CircularBuffer(unsigned char)
                0x0000000008000184                CircularBuffer::CircularBuffer(unsigned char)
 .text._ZN14CircularBufferD2Ev
                0x000000000800019e        0xe /var/folders/10/2gtg3c9534n7mjwvtflsvxs80000gn/T/arduino_build_76740/sketch/CircularBuffer.cpp.o
                0x000000000800019e                CircularBuffer::~CircularBuffer()
                0x000000000800019e                CircularBuffer::~CircularBuffer()
 .text._ZN14CircularBuffer4pushEh
                0x00000000080001ac       0x2c /var/folders/10/2gtg3c9534n7mjwvtflsvxs80000gn/T/arduino_build_76740/sketch/CircularBuffer.cpp.o
                0x00000000080001ac                CircularBuffer::push(unsigned char)
 .text._ZN14CircularBuffer3popEv
                0x00000000080001d8       0x24 /var/folders/10/2gtg3c9534n7mjwvtflsvxs80000gn/T/arduino_build_76740/sketch/CircularBuffer.cpp.o
                0x00000000080001d8                CircularBuffer::pop()
 .text._ZN14CircularBuffer3topEv
                0x00000000080001fc        0xe /var/folders/10/2gtg3c9534n7mjwvtflsvxs80000gn/T/arduino_build_76740/sketch/CircularBuffer.cpp.o
                0x00000000080001fc                CircularBuffer::top()
 .text._ZN14CircularBuffer7isEmptyEv
                0x000000000800020a        0xc /var/folders/10/2gtg3c9534n7mjwvtflsvxs80000gn/T/arduino_build_76740/sketch/CircularBuffer.cpp.o
                0x000000000800020a                CircularBuffer::isEmpty()
 .text._ZN14CircularBuffer7getSizeEv
                0x0000000008000216        0x4 /var/folders/10/2gtg3c9534n7mjwvtflsvxs80000gn/T/arduino_build_76740/sketch/CircularBuffer.cpp.o
                0x0000000008000216                CircularBuffer::getSize()
 .text._ZN14CircularBufferixEi
                0x000000000800021a       0x14 /var/folders/10/2gtg3c9534n7mjwvtflsvxs80000gn/T/arduino_build_76740/sketch/CircularBuffer.cpp.o
                0x000000000800021a                CircularBuffer::operator[](int)
 .text._ZN7DCMotorC2Ehhh
                0x000000000800022e       0x3e /var/folders/10/2gtg3c9534n7mjwvtflsvxs80000gn/T/arduino_build_76740/sketch/dcmotor.cpp.o
                0x000000000800022e                DCMotor::DCMotor(unsigned char, unsigned char, unsigned char)
                0x000000000800022e                DCMotor::DCMotor(unsigned char, unsigned char, unsigned char)
 .text._ZN7DCMotor8setSpeedEl
                0x000000000800026c       0x3a /var/folders/10/2gtg3c9534n7mjwvtflsvxs80000gn/T/arduino_build_76740/sketch/dcmotor.cpp.o
                0x000000000800026c                DCMotor::setSpeed(long)
 .text._ZN7DCMotor10force_stopEv
                0x00000000080002a6       0x20 /var/folders/10/2gtg3c9534n7mjwvtflsvxs80000gn/T/arduino_build_76740/sketch/dcmotor.cpp.o
                0x00000000080002a6                DCMotor::force_stop()
 .text._ZN7EncoderC2EP9timer_devhhh
                0x00000000080002c6       0x3e /var/folders/10/2gtg3c9534n7mjwvtflsvxs80000gn/T/arduino_build_76740/sketch/encoder.cpp.o
                0x00000000080002c6                Encoder::Encoder(timer_dev*, unsigned char, unsigned char, unsigned char)
                0x00000000080002c6                Encoder::Encoder(timer_dev*, unsigned char, unsigned char, unsigned char)
 .text._ZN7Encoder5resetEv
                0x0000000008000304        0xa /var/folders/10/2gtg3c9534n7mjwvtflsvxs80000gn/T/arduino_build_76740/sketch/encoder.cpp.o
                0x0000000008000304                Encoder::reset()
 .text._ZN7Encoder8getCountEv
                0x000000000800030e        0xa /var/folders/10/2gtg3c9534n7mjwvtflsvxs80000gn/T/arduino_build_76740/sketch/encoder.cpp.o
                0x000000000800030e                Encoder::getCount()
 .text._ZN7Encoder9setOffsetEs
                0x0000000008000318        0xa /var/folders/10/2gtg3c9534n7mjwvtflsvxs80000gn/T/arduino_build_76740/sketch/encoder.cpp.o
                0x0000000008000318                Encoder::setOffset(short)
 .text._ZN7Encoder14invertPolarityEb
                0x0000000008000322       0x16 /var/folders/10/2gtg3c9534n7mjwvtflsvxs80000gn/T/arduino_build_76740/sketch/encoder.cpp.o
                0x0000000008000322                Encoder::invertPolarity(bool)
 .text._ZN15MotorController9addMemoryEf
                0x0000000008000338       0x18 /var/folders/10/2gtg3c9534n7mjwvtflsvxs80000gn/T/arduino_build_76740/sketch/motorcontroller.cpp.o
                0x0000000008000338                MotorController::addMemory(float)
 .text._ZN15MotorController10meanMemoryEv
                0x0000000008000350       0x3c /var/folders/10/2gtg3c9534n7mjwvtflsvxs80000gn/T/arduino_build_76740/sketch/motorcontroller.cpp.o
                0x0000000008000350                MotorController::meanMemory()
 .text._ZN15MotorController11clearMemoryEv
                0x000000000800038c       0x1c /var/folders/10/2gtg3c9534n7mjwvtflsvxs80000gn/T/arduino_build_76740/sketch/motorcontroller.cpp.o
                0x000000000800038c                MotorController::clearMemory()
 .text._ZN15MotorControllerC2EhhhP9timer_devhhhbff
                0x00000000080003a8       0xc0 /var/folders/10/2gtg3c9534n7mjwvtflsvxs80000gn/T/arduino_build_76740/sketch/motorcontroller.cpp.o
                0x00000000080003a8                MotorController::MotorController(unsigned char, unsigned char, unsigned char, timer_dev*, unsigned char, unsigned char, unsigned char, bool, float, float)
                0x00000000080003a8                MotorController::MotorController(unsigned char, unsigned char, unsigned char, timer_dev*, unsigned char, unsigned char, unsigned char, bool, float, float)
 .text._ZN15MotorController9setRadAtSEf
                0x0000000008000468       0x40 /var/folders/10/2gtg3c9534n7mjwvtflsvxs80000gn/T/arduino_build_76740/sketch/motorcontroller.cpp.o
                0x0000000008000468                MotorController::setRadAtS(float)
 .text._ZN15MotorController6updateEv
                0x00000000080004a8       0xc0 /var/folders/10/2gtg3c9534n7mjwvtflsvxs80000gn/T/arduino_build_76740/sketch/motorcontroller.cpp.o
                0x00000000080004a8                MotorController::update()
 .text._ZN15MotorController4initEv
                0x0000000008000568       0x20 /var/folders/10/2gtg3c9534n7mjwvtflsvxs80000gn/T/arduino_build_76740/sketch/motorcontroller.cpp.o
                0x0000000008000568                MotorController::init()
 .text._ZN15MotorController5startEv
                0x0000000008000588       0x16 /var/folders/10/2gtg3c9534n7mjwvtflsvxs80000gn/T/arduino_build_76740/sketch/motorcontroller.cpp.o
                0x0000000008000588                MotorController::start()
 *fill*         0x000000000800059e        0x2 
 .text._Z4tickv
                0x00000000080005a0       0x10 /var/folders/10/2gtg3c9534n7mjwvtflsvxs80000gn/T/arduino_build_76740/sketch/stm32_amr_firmware.ino.cpp.o
                0x00000000080005a0                tick()
 .text._Z12motor_updatev
                0x00000000080005b0        0xc /var/folders/10/2gtg3c9534n7mjwvtflsvxs80000gn/T/arduino_build_76740/sketch/stm32_amr_firmware.ino.cpp.o
                0x00000000080005b0                motor_update()
 .text._ZN3Imu10updateDataEv
                0x00000000080005bc       0xc2 /var/folders/10/2gtg3c9534n7mjwvtflsvxs80000gn/T/arduino_build_76740/sketch/stm32_amr_firmware.ino.cpp.o
                0x00000000080005bc                Imu::updateData()
 *fill*         0x000000000800067e        0x2 
 .text._ZN3Imu11setAccScaleEh
                0x0000000008000680       0x58 /var/folders/10/2gtg3c9534n7mjwvtflsvxs80000gn/T/arduino_build_76740/sketch/stm32_amr_firmware.ino.cpp.o
                0x0000000008000680                Imu::setAccScale(unsigned char)
 .text._ZN3Imu12setGyroScaleEh
                0x00000000080006d8       0x58 /var/folders/10/2gtg3c9534n7mjwvtflsvxs80000gn/T/arduino_build_76740/sketch/stm32_amr_firmware.ino.cpp.o
                0x00000000080006d8                Imu::setGyroScale(unsigned char)
 .text._Z7warm_upv
                0x0000000008000730       0xbc /var/folders/10/2gtg3c9534n7mjwvtflsvxs80000gn/T/arduino_build_76740/sketch/stm32_amr_firmware.ino.cpp.o
                0x0000000008000730                warm_up()
 *fill*         0x00000000080007ec        0x4 
 .text.startup._GLOBAL__sub_I_packeter
                0x00000000080007f0      0x198 /var/folders/10/2gtg3c9534n7mjwvtflsvxs80000gn/T/arduino_build_76740/sketch/stm32_amr_firmware.ino.cpp.o
 .text.exit._GLOBAL__sub_D_packeter
                0x0000000008000988       0x2c /var/folders/10/2gtg3c9534n7mjwvtflsvxs80000gn/T/arduino_build_76740/sketch/stm32_amr_firmware.ino.cpp.o
 .text._ZN3Imu10initializeEv
                0x00000000080009b4       0x74 /var/folders/10/2gtg3c9534n7mjwvtflsvxs80000gn/T/arduino_build_76740/sketch/stm32_amr_firmware.ino.cpp.o
                0x00000000080009b4                Imu::initialize()
 .text._Z5setupv
                0x0000000008000a28      0x1f0 /var/folders/10/2gtg3c9534n7mjwvtflsvxs80000gn/T/arduino_build_76740/sketch/stm32_amr_firmware.ino.cpp.o
                0x0000000008000a28                setup()
 .text._Z4loopv
                0x0000000008000c18      0x548 /var/folders/10/2gtg3c9534n7mjwvtflsvxs80000gn/T/arduino_build_76740/sketch/stm32_amr_firmware.ino.cpp.o
                0x0000000008000c18                loop()
 .text._ZN6ucPackC2Ehhh
                0x0000000008001160       0x2e /var/folders/10/2gtg3c9534n7mjwvtflsvxs80000gn/T/arduino_build_76740/sketch/ucPack.cpp.o
                0x0000000008001160                ucPack::ucPack(unsigned char, unsigned char, unsigned char)
                0x0000000008001160                ucPack::ucPack(unsigned char, unsigned char, unsigned char)
 .text._ZN6ucPackD2Ev
                0x000000000800118e       0x20 /var/folders/10/2gtg3c9534n7mjwvtflsvxs80000gn/T/arduino_build_76740/sketch/ucPack.cpp.o
                0x000000000800118e                ucPack::~ucPack()
                0x000000000800118e                ucPack::~ucPack()
 .text._ZN6ucPack4crc8EPKhh
                0x00000000080011ae       0x48 /var/folders/10/2gtg3c9534n7mjwvtflsvxs80000gn/T/arduino_build_76740/sketch/ucPack.cpp.o
                0x00000000080011ae                ucPack::crc8(unsigned char const*, unsigned char)
 .text._ZN6ucPack12checkPayloadEv
                0x00000000080011f6       0xca /var/folders/10/2gtg3c9534n7mjwvtflsvxs80000gn/T/arduino_build_76740/sketch/ucPack.cpp.o
                0x00000000080011f6                ucPack::checkPayload()
 .text._ZN6ucPack10payloadTopEv
                0x00000000080012c0        0x6 /var/folders/10/2gtg3c9534n7mjwvtflsvxs80000gn/T/arduino_build_76740/sketch/ucPack.cpp.o
                0x00000000080012c0                ucPack::payloadTop()
 .text._ZN6ucPack9packetC1FEhf
                0x00000000080012c6       0x3c /var/folders/10/2gtg3c9534n7mjwvtflsvxs80000gn/T/arduino_build_76740/sketch/ucPack.cpp.o
                0x00000000080012c6                ucPack::packetC1F(unsigned char, float)
 .text._ZN6ucPack11unpacketC1FERhRf
                0x0000000008001302       0x10 /var/folders/10/2gtg3c9534n7mjwvtflsvxs80000gn/T/arduino_build_76740/sketch/ucPack.cpp.o
                0x0000000008001302                ucPack::unpacketC1F(unsigned char&, float&)
 .text._ZN6ucPack9packetC2FEhff
                0x0000000008001312       0x42 /var/folders/10/2gtg3c9534n7mjwvtflsvxs80000gn/T/arduino_build_76740/sketch/ucPack.cpp.o
                0x0000000008001312                ucPack::packetC2F(unsigned char, float, float)
 .text._ZN6ucPack11unpacketC2FERhRfS1_
                0x0000000008001354       0x1a /var/folders/10/2gtg3c9534n7mjwvtflsvxs80000gn/T/arduino_build_76740/sketch/ucPack.cpp.o
                0x0000000008001354                ucPack::unpacketC2F(unsigned char&, float&, float&)
 .text._ZN6ucPack9packetC4FEhffff
                0x000000000800136e       0x56 /var/folders/10/2gtg3c9534n7mjwvtflsvxs80000gn/T/arduino_build_76740/sketch/ucPack.cpp.o
                0x000000000800136e                ucPack::packetC4F(unsigned char, float, float, float, float)
 .text._ZN6ucPack11unpacketC4FERhRfS1_S1_S1_
                0x00000000080013c4       0x2e /var/folders/10/2gtg3c9534n7mjwvtflsvxs80000gn/T/arduino_build_76740/sketch/ucPack.cpp.o
                0x00000000080013c4                ucPack::unpacketC4F(unsigned char&, float&, float&, float&, float&)
 .text._ZN6ucPack9packetC8FEhffffffff
                0x00000000080013f2       0x7a /var/folders/10/2gtg3c9534n7mjwvtflsvxs80000gn/T/arduino_build_76740/sketch/ucPack.cpp.o
                0x00000000080013f2                ucPack::packetC8F(unsigned char, float, float, float, float, float, float, float, float)
 .text._ZN7TwoWire7processEv
                0x000000000800146c        0xc /var/folders/10/2gtg3c9534n7mjwvtflsvxs80000gn/T/arduino_build_76740/libraries/Wire/Wire.cpp.o
                0x000000000800146c                TwoWire::process()
 .text._ZN7TwoWire5beginEh
                0x0000000008001478        0xe /var/folders/10/2gtg3c9534n7mjwvtflsvxs80000gn/T/arduino_build_76740/libraries/Wire/Wire.cpp.o
                0x0000000008001478                TwoWire::begin(unsigned char)
 .text.i2c_disable
                0x0000000008001486       0x1a /var/folders/10/2gtg3c9534n7mjwvtflsvxs80000gn/T/arduino_build_76740/libraries/Wire/Wire.cpp.o
 .text._ZN7TwoWire3endEv
                0x00000000080014a0       0x10 /var/folders/10/2gtg3c9534n7mjwvtflsvxs80000gn/T/arduino_build_76740/libraries/Wire/Wire.cpp.o
                0x00000000080014a0                TwoWire::end()
 .text._ZN7TwoWire7processEh
                0x00000000080014b0       0x4a /var/folders/10/2gtg3c9534n7mjwvtflsvxs80000gn/T/arduino_build_76740/libraries/Wire/Wire.cpp.o
                0x00000000080014b0                TwoWire::process(unsigned char)
 *fill*         0x00000000080014fa        0x2 
 .text._ZN7TwoWireC2Ehhm
                0x00000000080014fc       0x40 /var/folders/10/2gtg3c9534n7mjwvtflsvxs80000gn/T/arduino_build_76740/libraries/Wire/Wire.cpp.o
                0x00000000080014fc                TwoWire::TwoWire(unsigned char, unsigned char, unsigned long)
                0x00000000080014fc                TwoWire::TwoWire(unsigned char, unsigned char, unsigned long)
 .text._ZN7TwoWireD2Ev
                0x000000000800153c       0x24 /var/folders/10/2gtg3c9534n7mjwvtflsvxs80000gn/T/arduino_build_76740/libraries/Wire/Wire.cpp.o
                0x000000000800153c                TwoWire::~TwoWire()
                0x000000000800153c                TwoWire::~TwoWire()
 .text._ZN7TwoWire8setClockEm
                0x0000000008001560       0x26 /var/folders/10/2gtg3c9534n7mjwvtflsvxs80000gn/T/arduino_build_76740/libraries/Wire/Wire.cpp.o
                0x0000000008001560                TwoWire::setClock(unsigned long)
 *fill*         0x0000000008001586        0x2 
 .text.startup._GLOBAL__sub_I__ZN7TwoWire7processEh
                0x0000000008001588       0x28 /var/folders/10/2gtg3c9534n7mjwvtflsvxs80000gn/T/arduino_build_76740/libraries/Wire/Wire.cpp.o
 .text.exit._GLOBAL__sub_D__ZN7TwoWire7processEh
                0x00000000080015b0        0xc /var/folders/10/2gtg3c9534n7mjwvtflsvxs80000gn/T/arduino_build_76740/libraries/Wire/Wire.cpp.o
 .text._ZN8WireBase3endEv
                0x00000000080015bc        0x2 /var/folders/10/2gtg3c9534n7mjwvtflsvxs80000gn/T/arduino_build_76740/libraries/Wire/utility/WireBase.cpp.o
                0x00000000080015bc                WireBase::end()
 .text._ZN8WireBase5beginEh
                0x00000000080015be       0x14 /var/folders/10/2gtg3c9534n7mjwvtflsvxs80000gn/T/arduino_build_76740/libraries/Wire/utility/WireBase.cpp.o
                0x00000000080015be                WireBase::begin(unsigned char)
 .text._ZN8WireBase17beginTransmissionEi
                0x00000000080015d2       0x16 /var/folders/10/2gtg3c9534n7mjwvtflsvxs80000gn/T/arduino_build_76740/libraries/Wire/utility/WireBase.cpp.o
                0x00000000080015d2                WireBase::beginTransmission(int)
 .text._ZN8WireBase15endTransmissionEb
                0x00000000080015e8       0x1e /var/folders/10/2gtg3c9534n7mjwvtflsvxs80000gn/T/arduino_build_76740/libraries/Wire/utility/WireBase.cpp.o
                0x00000000080015e8                WireBase::endTransmission(bool)
 .text._ZN8WireBase11requestFromEhib
                0x0000000008001606       0x38 /var/folders/10/2gtg3c9534n7mjwvtflsvxs80000gn/T/arduino_build_76740/libraries/Wire/utility/WireBase.cpp.o
                0x0000000008001606                WireBase::requestFrom(unsigned char, int, bool)
 .text._ZN8WireBase11requestFromEiib
                0x000000000800163e        0x6 /var/folders/10/2gtg3c9534n7mjwvtflsvxs80000gn/T/arduino_build_76740/libraries/Wire/utility/WireBase.cpp.o
                0x000000000800163e                WireBase::requestFrom(int, int, bool)
 .text._ZN8WireBase5writeEh
                0x0000000008001644       0x28 /var/folders/10/2gtg3c9534n7mjwvtflsvxs80000gn/T/arduino_build_76740/libraries/Wire/utility/WireBase.cpp.o
                0x0000000008001644                WireBase::write(unsigned char)
 .text._ZN8WireBase5writeEi
                0x000000000800166c        0x6 /var/folders/10/2gtg3c9534n7mjwvtflsvxs80000gn/T/arduino_build_76740/libraries/Wire/utility/WireBase.cpp.o
                0x000000000800166c                WireBase::write(int)
 .text._ZN8WireBase4readEv
                0x0000000008001672       0x3e /var/folders/10/2gtg3c9534n7mjwvtflsvxs80000gn/T/arduino_build_76740/libraries/Wire/utility/WireBase.cpp.o
                0x0000000008001672                WireBase::read()
 .text          0x00000000080016b0       0x10 /var/folders/10/2gtg3c9534n7mjwvtflsvxs80000gn/T/arduino_build_76740/core/wirish/start.S.o
                0x00000000080016b0                __start__
 .text.start_c  0x00000000080016c0       0x64 /var/folders/10/2gtg3c9534n7mjwvtflsvxs80000gn/T/arduino_build_76740/core/wirish/start_c.c.o
                0x00000000080016c0                start_c
 .text._sbrk    0x0000000008001724       0x44 /var/folders/10/2gtg3c9534n7mjwvtflsvxs80000gn/T/arduino_build_76740/core/wirish/syscalls.c.o
                0x0000000008001724                _sbrk
 .text._exit    0x0000000008001768        0x2 /var/folders/10/2gtg3c9534n7mjwvtflsvxs80000gn/T/arduino_build_76740/core/wirish/syscalls.c.o
                0x0000000008001768                _exit
 *fill*         0x000000000800176a        0x2 
 .text.startup._GLOBAL__sub_I_PIN_MAP
                0x000000000800176c       0x74 /var/folders/10/2gtg3c9534n7mjwvtflsvxs80000gn/T/arduino_build_76740/core/board.cpp.o
 .text._ZL18adc_default_configP7adc_dev
                0x00000000080017e0       0x1c /var/folders/10/2gtg3c9534n7mjwvtflsvxs80000gn/T/arduino_build_76740/core/wirish/boards.cpp.o
 .text._ZL20timer_default_configP9timer_dev
                0x00000000080017fc       0x9e /var/folders/10/2gtg3c9534n7mjwvtflsvxs80000gn/T/arduino_build_76740/core/wirish/boards.cpp.o
 .text._Z9boardInitv
                0x000000000800189a        0x2 /var/folders/10/2gtg3c9534n7mjwvtflsvxs80000gn/T/arduino_build_76740/core/wirish/boards.cpp.o
                0x000000000800189a                boardInit()
 .text._Z4initv
                0x000000000800189c       0xbc /var/folders/10/2gtg3c9534n7mjwvtflsvxs80000gn/T/arduino_build_76740/core/wirish/boards.cpp.o
                0x000000000800189c                init()
 .text._ZN6wirish4priv15board_reset_pllEv
                0x0000000008001958        0x2 /var/folders/10/2gtg3c9534n7mjwvtflsvxs80000gn/T/arduino_build_76740/core/wirish/boards_setup.cpp.o
                0x0000000008001958                wirish::priv::board_reset_pll()
 .text._ZN6wirish4priv28board_setup_clock_prescalersEv
                0x000000000800195a       0x2e /var/folders/10/2gtg3c9534n7mjwvtflsvxs80000gn/T/arduino_build_76740/core/wirish/boards_setup.cpp.o
                0x000000000800195a                wirish::priv::board_setup_clock_prescalers()
 .text._ZN6wirish4priv16board_setup_gpioEv
                0x0000000008001988        0x4 /var/folders/10/2gtg3c9534n7mjwvtflsvxs80000gn/T/arduino_build_76740/core/wirish/boards_setup.cpp.o
                0x0000000008001988                wirish::priv::board_setup_gpio()
 .text._ZN6wirish4priv15board_setup_usbEv
                0x000000000800198c        0x2 /var/folders/10/2gtg3c9534n7mjwvtflsvxs80000gn/T/arduino_build_76740/core/wirish/boards_setup.cpp.o
                0x000000000800198c                wirish::priv::board_setup_usb()
 .text._ZN6wirish4priv11series_initEv
                0x000000000800198e        0x4 /var/folders/10/2gtg3c9534n7mjwvtflsvxs80000gn/T/arduino_build_76740/core/wirish/boards_setup.cpp.o
                0x000000000800198e                wirish::priv::series_init()
 *fill*         0x0000000008001992        0xe 
 .text          0x00000000080019a0       0x60 /var/folders/10/2gtg3c9534n7mjwvtflsvxs80000gn/T/arduino_cache_720481/core/core_4afc72e51422f546eee8ea0ceffe6130.a(exc.S.o)
                0x00000000080019a0                __exc_nmi
                0x00000000080019a4                __exc_hardfault
                0x00000000080019a8                __exc_memmanage
                0x00000000080019ac                __exc_busfault
                0x00000000080019b0                __exc_usagefault
 .text          0x0000000008001a00        0x2 /var/folders/10/2gtg3c9534n7mjwvtflsvxs80000gn/T/arduino_cache_720481/core/core_4afc72e51422f546eee8ea0ceffe6130.a(isrs.S.o)
                0x0000000008001a00                __irq_rcc
                0x0000000008001a00                __irq_sdio
                0x0000000008001a00                __irq_fsmc
                0x0000000008001a00                __exc_debug_monitor
                0x0000000008001a00                __exc_svc
                0x0000000008001a00                __irq_can_rx1
                0x0000000008001a00                __irq_spi2
                0x0000000008001a00                __irq_can_sce
                0x0000000008001a00                __irq_pvd
                0x0000000008001a00                __irq_tamper
                0x0000000008001a00                __default_handler
                0x0000000008001a00                __irq_wwdg
                0x0000000008001a00                __stm32reservedexception10
                0x0000000008001a00                __irq_flash
                0x0000000008001a00                __stm32reservedexception13
                0x0000000008001a00                __irq_rtc
                0x0000000008001a00                __irq_spi1
                0x0000000008001a00                __stm32reservedexception7
                0x0000000008001a00                __irq_usb_hp_can_tx
                0x0000000008001a00                __irq_rtcalarm
                0x0000000008001a00                __irq_spi3
                0x0000000008001a00                __stm32reservedexception8
                0x0000000008001a00                __exc_pendsv
                0x0000000008001a00                __irq_usbwakeup
                0x0000000008001a00                __stm32reservedexception9
 .text.adc_init
                0x0000000008001a02       0x14 /var/folders/10/2gtg3c9534n7mjwvtflsvxs80000gn/T/arduino_cache_720481/core/core_4afc72e51422f546eee8ea0ceffe6130.a(adc.c.o)
                0x0000000008001a02                adc_init
 .text.adc_set_extsel
                0x0000000008001a16       0x12 /var/folders/10/2gtg3c9534n7mjwvtflsvxs80000gn/T/arduino_cache_720481/core/core_4afc72e51422f546eee8ea0ceffe6130.a(adc.c.o)
                0x0000000008001a16                adc_set_extsel
 .text.adc_set_sample_rate
                0x0000000008001a28       0x30 /var/folders/10/2gtg3c9534n7mjwvtflsvxs80000gn/T/arduino_cache_720481/core/core_4afc72e51422f546eee8ea0ceffe6130.a(adc.c.o)
                0x0000000008001a28                adc_set_sample_rate
 .text.adc_read
                0x0000000008001a58       0x20 /var/folders/10/2gtg3c9534n7mjwvtflsvxs80000gn/T/arduino_cache_720481/core/core_4afc72e51422f546eee8ea0ceffe6130.a(adc.c.o)
                0x0000000008001a58                adc_read
 .text.__irq_adc
                0x0000000008001a78       0x50 /var/folders/10/2gtg3c9534n7mjwvtflsvxs80000gn/T/arduino_cache_720481/core/core_4afc72e51422f546eee8ea0ceffe6130.a(adc_f1.c.o)
                0x0000000008001a78                __irq_adc
 .text.__irq_adc3
                0x0000000008001ac8       0x50 /var/folders/10/2gtg3c9534n7mjwvtflsvxs80000gn/T/arduino_cache_720481/core/core_4afc72e51422f546eee8ea0ceffe6130.a(adc_f1.c.o)
                0x0000000008001ac8                __irq_adc3
 .text.adc_calibrate
                0x0000000008001b18       0x24 /var/folders/10/2gtg3c9534n7mjwvtflsvxs80000gn/T/arduino_cache_720481/core/core_4afc72e51422f546eee8ea0ceffe6130.a(adc_f1.c.o)
                0x0000000008001b18                adc_calibrate
 .text.adc_set_prescaler
                0x0000000008001b3c        0x8 /var/folders/10/2gtg3c9534n7mjwvtflsvxs80000gn/T/arduino_cache_720481/core/core_4afc72e51422f546eee8ea0ceffe6130.a(adc_f1.c.o)
                0x0000000008001b3c                adc_set_prescaler
 .text.adc_foreach
                0x0000000008001b44       0x24 /var/folders/10/2gtg3c9534n7mjwvtflsvxs80000gn/T/arduino_cache_720481/core/core_4afc72e51422f546eee8ea0ceffe6130.a(adc_f1.c.o)
                0x0000000008001b44                adc_foreach
 .text.adc_enable_single_swstart
                0x0000000008001b68       0x36 /var/folders/10/2gtg3c9534n7mjwvtflsvxs80000gn/T/arduino_cache_720481/core/core_4afc72e51422f546eee8ea0ceffe6130.a(adc_f1.c.o)
                0x0000000008001b68                adc_enable_single_swstart
 .text.dma_irq_handler
                0x0000000008001b9e       0x1c /var/folders/10/2gtg3c9534n7mjwvtflsvxs80000gn/T/arduino_cache_720481/core/core_4afc72e51422f546eee8ea0ceffe6130.a(dma_f1.c.o)
 *fill*         0x0000000008001bba        0x2 
 .text.__irq_dma1_channel1
                0x0000000008001bbc       0x10 /var/folders/10/2gtg3c9534n7mjwvtflsvxs80000gn/T/arduino_cache_720481/core/core_4afc72e51422f546eee8ea0ceffe6130.a(dma_f1.c.o)
                0x0000000008001bbc                __irq_dma1_channel1
 .text.__irq_dma1_channel2
                0x0000000008001bcc       0x10 /var/folders/10/2gtg3c9534n7mjwvtflsvxs80000gn/T/arduino_cache_720481/core/core_4afc72e51422f546eee8ea0ceffe6130.a(dma_f1.c.o)
                0x0000000008001bcc                __irq_dma1_channel2
 .text.__irq_dma1_channel3
                0x0000000008001bdc       0x10 /var/folders/10/2gtg3c9534n7mjwvtflsvxs80000gn/T/arduino_cache_720481/core/core_4afc72e51422f546eee8ea0ceffe6130.a(dma_f1.c.o)
                0x0000000008001bdc                __irq_dma1_channel3
 .text.__irq_dma1_channel4
                0x0000000008001bec       0x10 /var/folders/10/2gtg3c9534n7mjwvtflsvxs80000gn/T/arduino_cache_720481/core/core_4afc72e51422f546eee8ea0ceffe6130.a(dma_f1.c.o)
                0x0000000008001bec                __irq_dma1_channel4
 .text.__irq_dma1_channel5
                0x0000000008001bfc       0x10 /var/folders/10/2gtg3c9534n7mjwvtflsvxs80000gn/T/arduino_cache_720481/core/core_4afc72e51422f546eee8ea0ceffe6130.a(dma_f1.c.o)
                0x0000000008001bfc                __irq_dma1_channel5
 .text.__irq_dma1_channel6
                0x0000000008001c0c       0x10 /var/folders/10/2gtg3c9534n7mjwvtflsvxs80000gn/T/arduino_cache_720481/core/core_4afc72e51422f546eee8ea0ceffe6130.a(dma_f1.c.o)
                0x0000000008001c0c                __irq_dma1_channel6
 .text.__irq_dma1_channel7
                0x0000000008001c1c       0x10 /var/folders/10/2gtg3c9534n7mjwvtflsvxs80000gn/T/arduino_cache_720481/core/core_4afc72e51422f546eee8ea0ceffe6130.a(dma_f1.c.o)
                0x0000000008001c1c                __irq_dma1_channel7
 .text.__irq_dma2_channel1
                0x0000000008001c2c       0x10 /var/folders/10/2gtg3c9534n7mjwvtflsvxs80000gn/T/arduino_cache_720481/core/core_4afc72e51422f546eee8ea0ceffe6130.a(dma_f1.c.o)
                0x0000000008001c2c                __irq_dma2_channel1
 .text.__irq_dma2_channel2
                0x0000000008001c3c       0x10 /var/folders/10/2gtg3c9534n7mjwvtflsvxs80000gn/T/arduino_cache_720481/core/core_4afc72e51422f546eee8ea0ceffe6130.a(dma_f1.c.o)
                0x0000000008001c3c                __irq_dma2_channel2
 .text.__irq_dma2_channel3
                0x0000000008001c4c       0x10 /var/folders/10/2gtg3c9534n7mjwvtflsvxs80000gn/T/arduino_cache_720481/core/core_4afc72e51422f546eee8ea0ceffe6130.a(dma_f1.c.o)
                0x0000000008001c4c                __irq_dma2_channel3
 .text.__irq_dma2_channel4_5
                0x0000000008001c5c       0x40 /var/folders/10/2gtg3c9534n7mjwvtflsvxs80000gn/T/arduino_cache_720481/core/core_4afc72e51422f546eee8ea0ceffe6130.a(dma_f1.c.o)
                0x0000000008001c5c                __irq_dma2_channel4_5
 .text.dispatch_single_exti
                0x0000000008001c9c       0x2c /var/folders/10/2gtg3c9534n7mjwvtflsvxs80000gn/T/arduino_cache_720481/core/core_4afc72e51422f546eee8ea0ceffe6130.a(exti.c.o)
                0x0000000008001c9c                dispatch_single_exti
 .text.dispatch_extis
                0x0000000008001cc8       0x4c /var/folders/10/2gtg3c9534n7mjwvtflsvxs80000gn/T/arduino_cache_720481/core/core_4afc72e51422f546eee8ea0ceffe6130.a(exti.c.o)
                0x0000000008001cc8                dispatch_extis
 .text.__irq_exti0
                0x0000000008001d14        0x6 /var/folders/10/2gtg3c9534n7mjwvtflsvxs80000gn/T/arduino_cache_720481/core/core_4afc72e51422f546eee8ea0ceffe6130.a(exti.c.o)
                0x0000000008001d14                __irq_exti0
 .text.__irq_exti1
                0x0000000008001d1a        0x6 /var/folders/10/2gtg3c9534n7mjwvtflsvxs80000gn/T/arduino_cache_720481/core/core_4afc72e51422f546eee8ea0ceffe6130.a(exti.c.o)
                0x0000000008001d1a                __irq_exti1
 .text.__irq_exti2
                0x0000000008001d20        0x6 /var/folders/10/2gtg3c9534n7mjwvtflsvxs80000gn/T/arduino_cache_720481/core/core_4afc72e51422f546eee8ea0ceffe6130.a(exti.c.o)
                0x0000000008001d20                __irq_exti2
 .text.__irq_exti3
                0x0000000008001d26        0x6 /var/folders/10/2gtg3c9534n7mjwvtflsvxs80000gn/T/arduino_cache_720481/core/core_4afc72e51422f546eee8ea0ceffe6130.a(exti.c.o)
                0x0000000008001d26                __irq_exti3
 .text.__irq_exti4
                0x0000000008001d2c        0x6 /var/folders/10/2gtg3c9534n7mjwvtflsvxs80000gn/T/arduino_cache_720481/core/core_4afc72e51422f546eee8ea0ceffe6130.a(exti.c.o)
                0x0000000008001d2c                __irq_exti4
 .text.__irq_exti9_5
                0x0000000008001d32        0x8 /var/folders/10/2gtg3c9534n7mjwvtflsvxs80000gn/T/arduino_cache_720481/core/core_4afc72e51422f546eee8ea0ceffe6130.a(exti.c.o)
                0x0000000008001d32                __irq_exti9_5
 .text.__irq_exti15_10
                0x0000000008001d3a        0x8 /var/folders/10/2gtg3c9534n7mjwvtflsvxs80000gn/T/arduino_cache_720481/core/core_4afc72e51422f546eee8ea0ceffe6130.a(exti.c.o)
                0x0000000008001d3a                __irq_exti15_10
 *fill*         0x0000000008001d42        0x2 
 .text.flash_set_latency
                0x0000000008001d44       0x14 /var/folders/10/2gtg3c9534n7mjwvtflsvxs80000gn/T/arduino_cache_720481/core/core_4afc72e51422f546eee8ea0ceffe6130.a(flash.c.o)
                0x0000000008001d44                flash_set_latency
 .text.gpio_init_all
                0x0000000008001d58       0x30 /var/folders/10/2gtg3c9534n7mjwvtflsvxs80000gn/T/arduino_cache_720481/core/core_4afc72e51422f546eee8ea0ceffe6130.a(gpio_f1.c.o)
                0x0000000008001d58                gpio_init_all
 .text.gpio_set_mode
                0x0000000008001d88       0x50 /var/folders/10/2gtg3c9534n7mjwvtflsvxs80000gn/T/arduino_cache_720481/core/core_4afc72e51422f546eee8ea0ceffe6130.a(gpio_f1.c.o)
                0x0000000008001d88                gpio_set_mode
 .text.afio_init
                0x0000000008001dd8       0x12 /var/folders/10/2gtg3c9534n7mjwvtflsvxs80000gn/T/arduino_cache_720481/core/core_4afc72e51422f546eee8ea0ceffe6130.a(gpio_f1.c.o)
                0x0000000008001dd8                afio_init
 *fill*         0x0000000008001dea        0x2 
 .text.afio_remap
                0x0000000008001dec       0x20 /var/folders/10/2gtg3c9534n7mjwvtflsvxs80000gn/T/arduino_cache_720481/core/core_4afc72e51422f546eee8ea0ceffe6130.a(gpio_f1.c.o)
                0x0000000008001dec                afio_remap
 .text.nvic_irq_enable
                0x0000000008001e0c       0x1c /var/folders/10/2gtg3c9534n7mjwvtflsvxs80000gn/T/arduino_cache_720481/core/core_4afc72e51422f546eee8ea0ceffe6130.a(i2c.c.o)
 .text.i2c_disable_irq
                0x0000000008001e28        0xc /var/folders/10/2gtg3c9534n7mjwvtflsvxs80000gn/T/arduino_cache_720481/core/core_4afc72e51422f546eee8ea0ceffe6130.a(i2c.c.o)
 .text.delay_us.part.0.constprop.6
                0x0000000008001e34        0xa /var/folders/10/2gtg3c9534n7mjwvtflsvxs80000gn/T/arduino_cache_720481/core/core_4afc72e51422f546eee8ea0ceffe6130.a(i2c.c.o)
 .text.i2c_bus_reset
                0x0000000008001e3e       0xc2 /var/folders/10/2gtg3c9534n7mjwvtflsvxs80000gn/T/arduino_cache_720481/core/core_4afc72e51422f546eee8ea0ceffe6130.a(i2c.c.o)
                0x0000000008001e3e                i2c_bus_reset
 .text.i2c_init
                0x0000000008001f00       0x1e /var/folders/10/2gtg3c9534n7mjwvtflsvxs80000gn/T/arduino_cache_720481/core/core_4afc72e51422f546eee8ea0ceffe6130.a(i2c.c.o)
                0x0000000008001f00                i2c_init
 *fill*         0x0000000008001f1e        0x2 
 .text.wait_for_state_change
                0x0000000008001f20       0x98 /var/folders/10/2gtg3c9534n7mjwvtflsvxs80000gn/T/arduino_cache_720481/core/core_4afc72e51422f546eee8ea0ceffe6130.a(i2c.c.o)
                0x0000000008001f20                wait_for_state_change
 .text.i2c_master_xfer
                0x0000000008001fb8       0xcc /var/folders/10/2gtg3c9534n7mjwvtflsvxs80000gn/T/arduino_cache_720481/core/core_4afc72e51422f546eee8ea0ceffe6130.a(i2c.c.o)
                0x0000000008001fb8                i2c_master_xfer
 .text._i2c_irq_handler
                0x0000000008002084      0x3d8 /var/folders/10/2gtg3c9534n7mjwvtflsvxs80000gn/T/arduino_cache_720481/core/core_4afc72e51422f546eee8ea0ceffe6130.a(i2c.c.o)
                0x0000000008002084                _i2c_irq_handler
 .text._i2c_irq_error_handler
                0x000000000800245c       0x74 /var/folders/10/2gtg3c9534n7mjwvtflsvxs80000gn/T/arduino_cache_720481/core/core_4afc72e51422f546eee8ea0ceffe6130.a(i2c.c.o)
                0x000000000800245c                _i2c_irq_error_handler
 .text.i2c_set_ccr_trise
                0x00000000080024d0       0x54 /var/folders/10/2gtg3c9534n7mjwvtflsvxs80000gn/T/arduino_cache_720481/core/core_4afc72e51422f546eee8ea0ceffe6130.a(i2c.c.o)
                0x00000000080024d0                i2c_set_ccr_trise
 .text.i2c_master_enable
                0x0000000008002524      0x1b4 /var/folders/10/2gtg3c9534n7mjwvtflsvxs80000gn/T/arduino_cache_720481/core/core_4afc72e51422f546eee8ea0ceffe6130.a(i2c.c.o)
                0x0000000008002524                i2c_master_enable
 .text.i2c_config_gpios
                0x00000000080026d8       0x58 /var/folders/10/2gtg3c9534n7mjwvtflsvxs80000gn/T/arduino_cache_720481/core/core_4afc72e51422f546eee8ea0ceffe6130.a(i2c_f1.c.o)
                0x00000000080026d8                i2c_config_gpios
 .text.i2c_master_release_bus
                0x0000000008002730       0x4c /var/folders/10/2gtg3c9534n7mjwvtflsvxs80000gn/T/arduino_cache_720481/core/core_4afc72e51422f546eee8ea0ceffe6130.a(i2c_f1.c.o)
                0x0000000008002730                i2c_master_release_bus
 .text.__irq_i2c1_ev
                0x000000000800277c        0xc /var/folders/10/2gtg3c9534n7mjwvtflsvxs80000gn/T/arduino_cache_720481/core/core_4afc72e51422f546eee8ea0ceffe6130.a(i2c_f1.c.o)
                0x000000000800277c                __irq_i2c1_ev
 .text.__irq_i2c2_ev
                0x0000000008002788        0xc /var/folders/10/2gtg3c9534n7mjwvtflsvxs80000gn/T/arduino_cache_720481/core/core_4afc72e51422f546eee8ea0ceffe6130.a(i2c_f1.c.o)
                0x0000000008002788                __irq_i2c2_ev
 .text.__irq_i2c1_er
                0x0000000008002794        0xc /var/folders/10/2gtg3c9534n7mjwvtflsvxs80000gn/T/arduino_cache_720481/core/core_4afc72e51422f546eee8ea0ceffe6130.a(i2c_f1.c.o)
                0x0000000008002794                __irq_i2c1_er
 .text.__irq_i2c2_er
                0x00000000080027a0        0xc /var/folders/10/2gtg3c9534n7mjwvtflsvxs80000gn/T/arduino_cache_720481/core/core_4afc72e51422f546eee8ea0ceffe6130.a(i2c_f1.c.o)
                0x00000000080027a0                __irq_i2c2_er
 .text._i2c_irq_priority_fixup
                0x00000000080027ac        0xa /var/folders/10/2gtg3c9534n7mjwvtflsvxs80000gn/T/arduino_cache_720481/core/core_4afc72e51422f546eee8ea0ceffe6130.a(i2c_f1.c.o)
                0x00000000080027ac                _i2c_irq_priority_fixup
 *fill*         0x00000000080027b6        0x2 
 .text.nvic_irq_set_priority
                0x00000000080027b8       0x28 /var/folders/10/2gtg3c9534n7mjwvtflsvxs80000gn/T/arduino_cache_720481/core/core_4afc72e51422f546eee8ea0ceffe6130.a(nvic.c.o)
                0x00000000080027b8                nvic_irq_set_priority
 .text.nvic_init
                0x00000000080027e0       0x30 /var/folders/10/2gtg3c9534n7mjwvtflsvxs80000gn/T/arduino_cache_720481/core/core_4afc72e51422f546eee8ea0ceffe6130.a(nvic.c.o)
                0x00000000080027e0                nvic_init
 .text.rcc_dev_clk
                0x0000000008002810        0xc /var/folders/10/2gtg3c9534n7mjwvtflsvxs80000gn/T/arduino_cache_720481/core/core_4afc72e51422f546eee8ea0ceffe6130.a(rcc.c.o)
                0x0000000008002810                rcc_dev_clk
 .text.rcc_switch_sysclk
                0x000000000800281c       0x20 /var/folders/10/2gtg3c9534n7mjwvtflsvxs80000gn/T/arduino_cache_720481/core/core_4afc72e51422f546eee8ea0ceffe6130.a(rcc.c.o)
                0x000000000800281c                rcc_switch_sysclk
 .text.rcc_turn_on_clk
                0x000000000800283c       0x1a /var/folders/10/2gtg3c9534n7mjwvtflsvxs80000gn/T/arduino_cache_720481/core/core_4afc72e51422f546eee8ea0ceffe6130.a(rcc.c.o)
                0x000000000800283c                rcc_turn_on_clk
 .text.rcc_turn_off_clk
                0x0000000008002856       0x1c /var/folders/10/2gtg3c9534n7mjwvtflsvxs80000gn/T/arduino_cache_720481/core/core_4afc72e51422f546eee8ea0ceffe6130.a(rcc.c.o)
                0x0000000008002856                rcc_turn_off_clk
 .text.rcc_is_clk_ready
                0x0000000008002872       0x18 /var/folders/10/2gtg3c9534n7mjwvtflsvxs80000gn/T/arduino_cache_720481/core/core_4afc72e51422f546eee8ea0ceffe6130.a(rcc.c.o)
                0x0000000008002872                rcc_is_clk_ready
 *fill*         0x000000000800288a        0x2 
 .text.rcc_configure_pll
                0x000000000800288c       0x18 /var/folders/10/2gtg3c9534n7mjwvtflsvxs80000gn/T/arduino_cache_720481/core/core_4afc72e51422f546eee8ea0ceffe6130.a(rcc_f1.c.o)
                0x000000000800288c                rcc_configure_pll
 .text.rcc_clk_enable
                0x00000000080028a4       0x30 /var/folders/10/2gtg3c9534n7mjwvtflsvxs80000gn/T/arduino_cache_720481/core/core_4afc72e51422f546eee8ea0ceffe6130.a(rcc_f1.c.o)
                0x00000000080028a4                rcc_clk_enable
 .text.rcc_reset_dev
                0x00000000080028d4       0x34 /var/folders/10/2gtg3c9534n7mjwvtflsvxs80000gn/T/arduino_cache_720481/core/core_4afc72e51422f546eee8ea0ceffe6130.a(rcc_f1.c.o)
                0x00000000080028d4                rcc_reset_dev
 .text.rcc_set_prescaler
                0x0000000008002908       0x20 /var/folders/10/2gtg3c9534n7mjwvtflsvxs80000gn/T/arduino_cache_720481/core/core_4afc72e51422f546eee8ea0ceffe6130.a(rcc_f1.c.o)
                0x0000000008002908                rcc_set_prescaler
 .text.rcc_clk_disable
                0x0000000008002928       0x30 /var/folders/10/2gtg3c9534n7mjwvtflsvxs80000gn/T/arduino_cache_720481/core/core_4afc72e51422f546eee8ea0ceffe6130.a(rcc_f1.c.o)
                0x0000000008002928                rcc_clk_disable
 .text.systick_init
                0x0000000008002958       0x10 /var/folders/10/2gtg3c9534n7mjwvtflsvxs80000gn/T/arduino_cache_720481/core/core_4afc72e51422f546eee8ea0ceffe6130.a(systick.c.o)
                0x0000000008002958                systick_init
 .text.systick_attach_callback
                0x0000000008002968        0xc /var/folders/10/2gtg3c9534n7mjwvtflsvxs80000gn/T/arduino_cache_720481/core/core_4afc72e51422f546eee8ea0ceffe6130.a(systick.c.o)
                0x0000000008002968                systick_attach_callback
 .text.__exc_systick
                0x0000000008002974       0x1c /var/folders/10/2gtg3c9534n7mjwvtflsvxs80000gn/T/arduino_cache_720481/core/core_4afc72e51422f546eee8ea0ceffe6130.a(systick.c.o)
                0x0000000008002974                __exc_systick
 .text.timer_oc_set_mode
                0x0000000008002990       0x3a /var/folders/10/2gtg3c9534n7mjwvtflsvxs80000gn/T/arduino_cache_720481/core/core_4afc72e51422f546eee8ea0ceffe6130.a(timer.c.o)
 .text.dispatch_single_irq
                0x00000000080029ca       0x20 /var/folders/10/2gtg3c9534n7mjwvtflsvxs80000gn/T/arduino_cache_720481/core/core_4afc72e51422f546eee8ea0ceffe6130.a(timer.c.o)
 .text.dispatch_adv_trg_com
                0x00000000080029ea       0x2e /var/folders/10/2gtg3c9534n7mjwvtflsvxs80000gn/T/arduino_cache_720481/core/core_4afc72e51422f546eee8ea0ceffe6130.a(timer.c.o)
 .text.dispatch_adv_cc
                0x0000000008002a18       0x4a /var/folders/10/2gtg3c9534n7mjwvtflsvxs80000gn/T/arduino_cache_720481/core/core_4afc72e51422f546eee8ea0ceffe6130.a(timer.c.o)
 .text.dispatch_general
                0x0000000008002a62       0x66 /var/folders/10/2gtg3c9534n7mjwvtflsvxs80000gn/T/arduino_cache_720481/core/core_4afc72e51422f546eee8ea0ceffe6130.a(timer.c.o)
 .text.timer_cc_enable
                0x0000000008002ac8       0x1c /var/folders/10/2gtg3c9534n7mjwvtflsvxs80000gn/T/arduino_cache_720481/core/core_4afc72e51422f546eee8ea0ceffe6130.a(timer.c.o)
 .text.timer_foreach
                0x0000000008002ae4       0x48 /var/folders/10/2gtg3c9534n7mjwvtflsvxs80000gn/T/arduino_cache_720481/core/core_4afc72e51422f546eee8ea0ceffe6130.a(timer.c.o)
                0x0000000008002ae4                timer_foreach
 .text.timer_init
                0x0000000008002b2c       0x14 /var/folders/10/2gtg3c9534n7mjwvtflsvxs80000gn/T/arduino_cache_720481/core/core_4afc72e51422f546eee8ea0ceffe6130.a(timer.c.o)
                0x0000000008002b2c                timer_init
 .text.timer_has_cc_channel
                0x0000000008002b40       0x30 /var/folders/10/2gtg3c9534n7mjwvtflsvxs80000gn/T/arduino_cache_720481/core/core_4afc72e51422f546eee8ea0ceffe6130.a(timer.c.o)
                0x0000000008002b40                timer_has_cc_channel
 .text.timer_attach_interrupt
                0x0000000008002b70       0xe0 /var/folders/10/2gtg3c9534n7mjwvtflsvxs80000gn/T/arduino_cache_720481/core/core_4afc72e51422f546eee8ea0ceffe6130.a(timer.c.o)
                0x0000000008002b70                timer_attach_interrupt
 .text.timer_detach_interrupt
                0x0000000008002c50       0x1e /var/folders/10/2gtg3c9534n7mjwvtflsvxs80000gn/T/arduino_cache_720481/core/core_4afc72e51422f546eee8ea0ceffe6130.a(timer.c.o)
                0x0000000008002c50                timer_detach_interrupt
 .text.input_capture_mode
                0x0000000008002c6e       0x1a /var/folders/10/2gtg3c9534n7mjwvtflsvxs80000gn/T/arduino_cache_720481/core/core_4afc72e51422f546eee8ea0ceffe6130.a(timer.c.o)
                0x0000000008002c6e                input_capture_mode
 .text.timer_set_mode
                0x0000000008002c88       0x8c /var/folders/10/2gtg3c9534n7mjwvtflsvxs80000gn/T/arduino_cache_720481/core/core_4afc72e51422f546eee8ea0ceffe6130.a(timer.c.o)
                0x0000000008002c88                timer_set_mode
 .text.__irq_tim1_brk
                0x0000000008002d14       0x10 /var/folders/10/2gtg3c9534n7mjwvtflsvxs80000gn/T/arduino_cache_720481/core/core_4afc72e51422f546eee8ea0ceffe6130.a(timer.c.o)
                0x0000000008002d14                __irq_tim1_brk
 .text.__irq_tim1_up
                0x0000000008002d24       0x10 /var/folders/10/2gtg3c9534n7mjwvtflsvxs80000gn/T/arduino_cache_720481/core/core_4afc72e51422f546eee8ea0ceffe6130.a(timer.c.o)
                0x0000000008002d24                __irq_tim1_up
 .text.__irq_tim1_trg_com
                0x0000000008002d34        0xc /var/folders/10/2gtg3c9534n7mjwvtflsvxs80000gn/T/arduino_cache_720481/core/core_4afc72e51422f546eee8ea0ceffe6130.a(timer.c.o)
                0x0000000008002d34                __irq_tim1_trg_com
 .text.__irq_tim1_cc
                0x0000000008002d40        0xc /var/folders/10/2gtg3c9534n7mjwvtflsvxs80000gn/T/arduino_cache_720481/core/core_4afc72e51422f546eee8ea0ceffe6130.a(timer.c.o)
                0x0000000008002d40                __irq_tim1_cc
 .text.__irq_tim2
                0x0000000008002d4c        0xc /var/folders/10/2gtg3c9534n7mjwvtflsvxs80000gn/T/arduino_cache_720481/core/core_4afc72e51422f546eee8ea0ceffe6130.a(timer.c.o)
                0x0000000008002d4c                __irq_tim2
 .text.__irq_tim3
                0x0000000008002d58        0xc /var/folders/10/2gtg3c9534n7mjwvtflsvxs80000gn/T/arduino_cache_720481/core/core_4afc72e51422f546eee8ea0ceffe6130.a(timer.c.o)
                0x0000000008002d58                __irq_tim3
 .text.__irq_tim4
                0x0000000008002d64        0xc /var/folders/10/2gtg3c9534n7mjwvtflsvxs80000gn/T/arduino_cache_720481/core/core_4afc72e51422f546eee8ea0ceffe6130.a(timer.c.o)
                0x0000000008002d64                __irq_tim4
 .text.__irq_tim5
                0x0000000008002d70        0xc /var/folders/10/2gtg3c9534n7mjwvtflsvxs80000gn/T/arduino_cache_720481/core/core_4afc72e51422f546eee8ea0ceffe6130.a(timer.c.o)
                0x0000000008002d70                __irq_tim5
 .text.__irq_tim6
                0x0000000008002d7c       0x10 /var/folders/10/2gtg3c9534n7mjwvtflsvxs80000gn/T/arduino_cache_720481/core/core_4afc72e51422f546eee8ea0ceffe6130.a(timer.c.o)
                0x0000000008002d7c                __irq_tim6
 .text.__irq_tim7
                0x0000000008002d8c       0x10 /var/folders/10/2gtg3c9534n7mjwvtflsvxs80000gn/T/arduino_cache_720481/core/core_4afc72e51422f546eee8ea0ceffe6130.a(timer.c.o)
                0x0000000008002d8c                __irq_tim7
 .text.__irq_tim8_brk
                0x0000000008002d9c       0x10 /var/folders/10/2gtg3c9534n7mjwvtflsvxs80000gn/T/arduino_cache_720481/core/core_4afc72e51422f546eee8ea0ceffe6130.a(timer.c.o)
                0x0000000008002d9c                __irq_tim8_brk
 .text.__irq_tim8_up
                0x0000000008002dac       0x10 /var/folders/10/2gtg3c9534n7mjwvtflsvxs80000gn/T/arduino_cache_720481/core/core_4afc72e51422f546eee8ea0ceffe6130.a(timer.c.o)
                0x0000000008002dac                __irq_tim8_up
 .text.__irq_tim8_trg_com
                0x0000000008002dbc        0xc /var/folders/10/2gtg3c9534n7mjwvtflsvxs80000gn/T/arduino_cache_720481/core/core_4afc72e51422f546eee8ea0ceffe6130.a(timer.c.o)
                0x0000000008002dbc                __irq_tim8_trg_com
 .text.__irq_tim8_cc
                0x0000000008002dc8        0xc /var/folders/10/2gtg3c9534n7mjwvtflsvxs80000gn/T/arduino_cache_720481/core/core_4afc72e51422f546eee8ea0ceffe6130.a(timer.c.o)
                0x0000000008002dc8                __irq_tim8_cc
 .text.usart_irq
                0x0000000008002dd4       0xc8 /var/folders/10/2gtg3c9534n7mjwvtflsvxs80000gn/T/arduino_cache_720481/core/core_4afc72e51422f546eee8ea0ceffe6130.a(usart_f1.c.o)
 .text.usart_config_gpios_async
                0x0000000008002e9c       0x4a /var/folders/10/2gtg3c9534n7mjwvtflsvxs80000gn/T/arduino_cache_720481/core/core_4afc72e51422f546eee8ea0ceffe6130.a(usart_f1.c.o)
                0x0000000008002e9c                usart_config_gpios_async
 .text.usart_set_baud_rate
                0x0000000008002ee6       0x3c /var/folders/10/2gtg3c9534n7mjwvtflsvxs80000gn/T/arduino_cache_720481/core/core_4afc72e51422f546eee8ea0ceffe6130.a(usart_f1.c.o)
                0x0000000008002ee6                usart_set_baud_rate
 *fill*         0x0000000008002f22        0x2 
 .text.__irq_usart1
                0x0000000008002f24       0x18 /var/folders/10/2gtg3c9534n7mjwvtflsvxs80000gn/T/arduino_cache_720481/core/core_4afc72e51422f546eee8ea0ceffe6130.a(usart_f1.c.o)
                0x0000000008002f24                __irq_usart1
 .text.__irq_usart2
                0x0000000008002f3c       0x18 /var/folders/10/2gtg3c9534n7mjwvtflsvxs80000gn/T/arduino_cache_720481/core/core_4afc72e51422f546eee8ea0ceffe6130.a(usart_f1.c.o)
                0x0000000008002f3c                __irq_usart2
 .text.__irq_usart3
                0x0000000008002f54       0x18 /var/folders/10/2gtg3c9534n7mjwvtflsvxs80000gn/T/arduino_cache_720481/core/core_4afc72e51422f546eee8ea0ceffe6130.a(usart_f1.c.o)
                0x0000000008002f54                __irq_usart3
 .text.__irq_uart4
                0x0000000008002f6c       0x18 /var/folders/10/2gtg3c9534n7mjwvtflsvxs80000gn/T/arduino_cache_720481/core/core_4afc72e51422f546eee8ea0ceffe6130.a(usart_f1.c.o)
                0x0000000008002f6c                __irq_uart4
 .text.__irq_uart5
                0x0000000008002f84       0x18 /var/folders/10/2gtg3c9534n7mjwvtflsvxs80000gn/T/arduino_cache_720481/core/core_4afc72e51422f546eee8ea0ceffe6130.a(usart_f1.c.o)
                0x0000000008002f84                __irq_uart5
 .text._usart_clock_freq
                0x0000000008002f9c       0x24 /var/folders/10/2gtg3c9534n7mjwvtflsvxs80000gn/T/arduino_cache_720481/core/core_4afc72e51422f546eee8ea0ceffe6130.a(usart_private.c.o)
                0x0000000008002f9c                _usart_clock_freq
 .text.usb_resume
                0x0000000008002fc0       0xb4 /var/folders/10/2gtg3c9534n7mjwvtflsvxs80000gn/T/arduino_cache_720481/core/core_4afc72e51422f546eee8ea0ceffe6130.a(usb.c.o)
 .text.__irq_usb_lp_can_rx0
                0x0000000008003074      0x1c8 /var/folders/10/2gtg3c9534n7mjwvtflsvxs80000gn/T/arduino_cache_720481/core/core_4afc72e51422f546eee8ea0ceffe6130.a(usb.c.o)
                0x0000000008003074                __irq_usb_lp_can_rx0
 .text.usb_set_ep_rx_stat
                0x000000000800323c       0x22 /var/folders/10/2gtg3c9534n7mjwvtflsvxs80000gn/T/arduino_cache_720481/core/core_4afc72e51422f546eee8ea0ceffe6130.a(usb_cdcacm.c.o)
 *fill*         0x000000000800325e        0x2 
 .text.vcomGetSetLineCoding
                0x0000000008003260       0x18 /var/folders/10/2gtg3c9534n7mjwvtflsvxs80000gn/T/arduino_cache_720481/core/core_4afc72e51422f546eee8ea0ceffe6130.a(usb_cdcacm.c.o)
 .text.usbDataSetup
                0x0000000008003278       0x54 /var/folders/10/2gtg3c9534n7mjwvtflsvxs80000gn/T/arduino_cache_720481/core/core_4afc72e51422f546eee8ea0ceffe6130.a(usb_cdcacm.c.o)
 .text.usbNoDataSetup
                0x00000000080032cc       0x50 /var/folders/10/2gtg3c9534n7mjwvtflsvxs80000gn/T/arduino_cache_720481/core/core_4afc72e51422f546eee8ea0ceffe6130.a(usb_cdcacm.c.o)
 .text.usbGetInterfaceSetting
                0x000000000800331c       0x10 /var/folders/10/2gtg3c9534n7mjwvtflsvxs80000gn/T/arduino_cache_720481/core/core_4afc72e51422f546eee8ea0ceffe6130.a(usb_cdcacm.c.o)
 .text.usbGetStringDescriptor
                0x000000000800332c       0x20 /var/folders/10/2gtg3c9534n7mjwvtflsvxs80000gn/T/arduino_cache_720481/core/core_4afc72e51422f546eee8ea0ceffe6130.a(usb_cdcacm.c.o)
 .text.usbGetConfigDescriptor
                0x000000000800334c        0xc /var/folders/10/2gtg3c9534n7mjwvtflsvxs80000gn/T/arduino_cache_720481/core/core_4afc72e51422f546eee8ea0ceffe6130.a(usb_cdcacm.c.o)
 .text.usbGetDeviceDescriptor
                0x0000000008003358        0xc /var/folders/10/2gtg3c9534n7mjwvtflsvxs80000gn/T/arduino_cache_720481/core/core_4afc72e51422f546eee8ea0ceffe6130.a(usb_cdcacm.c.o)
 .text.usbInit  0x0000000008003364       0x44 /var/folders/10/2gtg3c9534n7mjwvtflsvxs80000gn/T/arduino_cache_720481/core/core_4afc72e51422f546eee8ea0ceffe6130.a(usb_cdcacm.c.o)
 .text.usbReset
                0x00000000080033a8      0x160 /var/folders/10/2gtg3c9534n7mjwvtflsvxs80000gn/T/arduino_cache_720481/core/core_4afc72e51422f546eee8ea0ceffe6130.a(usb_cdcacm.c.o)
 .text.usb_set_ep_rx_count
                0x0000000008003508       0x4c /var/folders/10/2gtg3c9534n7mjwvtflsvxs80000gn/T/arduino_cache_720481/core/core_4afc72e51422f546eee8ea0ceffe6130.a(usb_reg_map.c.o)
                0x0000000008003508                usb_set_ep_rx_count
 .text.Standard_GetConfiguration
                0x0000000008003554       0x24 /var/folders/10/2gtg3c9534n7mjwvtflsvxs80000gn/T/arduino_cache_720481/core/core_4afc72e51422f546eee8ea0ceffe6130.a(usb_core.c.o)
                0x0000000008003554                Standard_GetConfiguration
 .text.Standard_GetInterface
                0x0000000008003578       0x24 /var/folders/10/2gtg3c9534n7mjwvtflsvxs80000gn/T/arduino_cache_720481/core/core_4afc72e51422f546eee8ea0ceffe6130.a(usb_core.c.o)
                0x0000000008003578                Standard_GetInterface
 .text.Standard_GetStatus
                0x000000000800359c       0x90 /var/folders/10/2gtg3c9534n7mjwvtflsvxs80000gn/T/arduino_cache_720481/core/core_4afc72e51422f546eee8ea0ceffe6130.a(usb_core.c.o)
                0x000000000800359c                Standard_GetStatus
 .text.DataStageIn
                0x000000000800362c       0xa8 /var/folders/10/2gtg3c9534n7mjwvtflsvxs80000gn/T/arduino_cache_720481/core/core_4afc72e51422f546eee8ea0ceffe6130.a(usb_core.c.o)
 .text.Standard_SetConfiguration
                0x00000000080036d4       0x38 /var/folders/10/2gtg3c9534n7mjwvtflsvxs80000gn/T/arduino_cache_720481/core/core_4afc72e51422f546eee8ea0ceffe6130.a(usb_core.c.o)
                0x00000000080036d4                Standard_SetConfiguration
 .text.Standard_SetInterface
                0x000000000800370c       0x48 /var/folders/10/2gtg3c9534n7mjwvtflsvxs80000gn/T/arduino_cache_720481/core/core_4afc72e51422f546eee8ea0ceffe6130.a(usb_core.c.o)
                0x000000000800370c                Standard_SetInterface
 .text.Standard_ClearFeature
                0x0000000008003754       0xd0 /var/folders/10/2gtg3c9534n7mjwvtflsvxs80000gn/T/arduino_cache_720481/core/core_4afc72e51422f546eee8ea0ceffe6130.a(usb_core.c.o)
                0x0000000008003754                Standard_ClearFeature
 .text.Standard_SetEndPointFeature
                0x0000000008003824       0x84 /var/folders/10/2gtg3c9534n7mjwvtflsvxs80000gn/T/arduino_cache_720481/core/core_4afc72e51422f546eee8ea0ceffe6130.a(usb_core.c.o)
                0x0000000008003824                Standard_SetEndPointFeature
 .text.Standard_SetDeviceFeature
                0x00000000080038a8       0x24 /var/folders/10/2gtg3c9534n7mjwvtflsvxs80000gn/T/arduino_cache_720481/core/core_4afc72e51422f546eee8ea0ceffe6130.a(usb_core.c.o)
                0x00000000080038a8                Standard_SetDeviceFeature
 .text.Standard_GetDescriptorData
                0x00000000080038cc       0x1c /var/folders/10/2gtg3c9534n7mjwvtflsvxs80000gn/T/arduino_cache_720481/core/core_4afc72e51422f546eee8ea0ceffe6130.a(usb_core.c.o)
                0x00000000080038cc                Standard_GetDescriptorData
 .text.Post0_Process
                0x00000000080038e8       0x40 /var/folders/10/2gtg3c9534n7mjwvtflsvxs80000gn/T/arduino_cache_720481/core/core_4afc72e51422f546eee8ea0ceffe6130.a(usb_core.c.o)
                0x00000000080038e8                Post0_Process
 .text.Setup0_Process
                0x0000000008003928      0x2d0 /var/folders/10/2gtg3c9534n7mjwvtflsvxs80000gn/T/arduino_cache_720481/core/core_4afc72e51422f546eee8ea0ceffe6130.a(usb_core.c.o)
                0x0000000008003928                Setup0_Process
 .text.Out0_Process
                0x0000000008003bf8       0xc8 /var/folders/10/2gtg3c9534n7mjwvtflsvxs80000gn/T/arduino_cache_720481/core/core_4afc72e51422f546eee8ea0ceffe6130.a(usb_core.c.o)
                0x0000000008003bf8                Out0_Process
 .text.SetDeviceAddress
                0x0000000008003cc0       0x38 /var/folders/10/2gtg3c9534n7mjwvtflsvxs80000gn/T/arduino_cache_720481/core/core_4afc72e51422f546eee8ea0ceffe6130.a(usb_core.c.o)
                0x0000000008003cc0                SetDeviceAddress
 .text.In0_Process
                0x0000000008003cf8       0x5c /var/folders/10/2gtg3c9534n7mjwvtflsvxs80000gn/T/arduino_cache_720481/core/core_4afc72e51422f546eee8ea0ceffe6130.a(usb_core.c.o)
                0x0000000008003cf8                In0_Process
 .text.NOP_Process
                0x0000000008003d54        0x2 /var/folders/10/2gtg3c9534n7mjwvtflsvxs80000gn/T/arduino_cache_720481/core/core_4afc72e51422f546eee8ea0ceffe6130.a(usb_core.c.o)
                0x0000000008003d54                NOP_Process
 .text.UserToPMABufferCopy
                0x0000000008003d56       0x30 /var/folders/10/2gtg3c9534n7mjwvtflsvxs80000gn/T/arduino_cache_720481/core/core_4afc72e51422f546eee8ea0ceffe6130.a(usb_mem.c.o)
                0x0000000008003d56                UserToPMABufferCopy
 .text.PMAToUserBufferCopy
                0x0000000008003d86       0x32 /var/folders/10/2gtg3c9534n7mjwvtflsvxs80000gn/T/arduino_cache_720481/core/core_4afc72e51422f546eee8ea0ceffe6130.a(usb_mem.c.o)
                0x0000000008003d86                PMAToUserBufferCopy
 .text.SetEPTxStatus
                0x0000000008003db8       0x2a /var/folders/10/2gtg3c9534n7mjwvtflsvxs80000gn/T/arduino_cache_720481/core/core_4afc72e51422f546eee8ea0ceffe6130.a(usb_regs.c.o)
                0x0000000008003db8                SetEPTxStatus
 .text.ClearDTOG_RX
                0x0000000008003de2       0x20 /var/folders/10/2gtg3c9534n7mjwvtflsvxs80000gn/T/arduino_cache_720481/core/core_4afc72e51422f546eee8ea0ceffe6130.a(usb_regs.c.o)
                0x0000000008003de2                ClearDTOG_RX
 .text.ClearDTOG_TX
                0x0000000008003e02       0x20 /var/folders/10/2gtg3c9534n7mjwvtflsvxs80000gn/T/arduino_cache_720481/core/core_4afc72e51422f546eee8ea0ceffe6130.a(usb_regs.c.o)
                0x0000000008003e02                ClearDTOG_TX
 *fill*         0x0000000008003e22        0x2 
 .text.GetEPTxAddr
                0x0000000008003e24       0x1c /var/folders/10/2gtg3c9534n7mjwvtflsvxs80000gn/T/arduino_cache_720481/core/core_4afc72e51422f546eee8ea0ceffe6130.a(usb_regs.c.o)
                0x0000000008003e24                GetEPTxAddr
 .text.GetEPRxAddr
                0x0000000008003e40       0x1c /var/folders/10/2gtg3c9534n7mjwvtflsvxs80000gn/T/arduino_cache_720481/core/core_4afc72e51422f546eee8ea0ceffe6130.a(usb_regs.c.o)
                0x0000000008003e40                GetEPRxAddr
 .text.SetEPTxCount
                0x0000000008003e5c       0x1c /var/folders/10/2gtg3c9534n7mjwvtflsvxs80000gn/T/arduino_cache_720481/core/core_4afc72e51422f546eee8ea0ceffe6130.a(usb_regs.c.o)
                0x0000000008003e5c                SetEPTxCount
 .text.SetEPRxCount
                0x0000000008003e78       0x40 /var/folders/10/2gtg3c9534n7mjwvtflsvxs80000gn/T/arduino_cache_720481/core/core_4afc72e51422f546eee8ea0ceffe6130.a(usb_regs.c.o)
                0x0000000008003e78                SetEPRxCount
 .text.throb    0x0000000008003eb8       0x4c /var/folders/10/2gtg3c9534n7mjwvtflsvxs80000gn/T/arduino_cache_720481/core/core_4afc72e51422f546eee8ea0ceffe6130.a(util.c.o)
                0x0000000008003eb8                throb
 .text.__error  0x0000000008003f04       0x14 /var/folders/10/2gtg3c9534n7mjwvtflsvxs80000gn/T/arduino_cache_720481/core/core_4afc72e51422f546eee8ea0ceffe6130.a(util.c.o)
                0x0000000008003f04                __error
 .text.rb_full_count
                0x0000000008003f18       0x22 /var/folders/10/2gtg3c9534n7mjwvtflsvxs80000gn/T/arduino_cache_720481/core/core_4afc72e51422f546eee8ea0ceffe6130.a(HardwareSerial.cpp.o)
 .text._ZN14HardwareSerial4readEv
                0x0000000008003f3a       0x3a /var/folders/10/2gtg3c9534n7mjwvtflsvxs80000gn/T/arduino_cache_720481/core/core_4afc72e51422f546eee8ea0ceffe6130.a(HardwareSerial.cpp.o)
                0x0000000008003f3a                HardwareSerial::read()
 .text._ZN14HardwareSerial9availableEv
                0x0000000008003f74        0xc /var/folders/10/2gtg3c9534n7mjwvtflsvxs80000gn/T/arduino_cache_720481/core/core_4afc72e51422f546eee8ea0ceffe6130.a(HardwareSerial.cpp.o)
                0x0000000008003f74                HardwareSerial::available()
 .text._ZN14HardwareSerial4peekEv
                0x0000000008003f80       0x22 /var/folders/10/2gtg3c9534n7mjwvtflsvxs80000gn/T/arduino_cache_720481/core/core_4afc72e51422f546eee8ea0ceffe6130.a(HardwareSerial.cpp.o)
                0x0000000008003f80                HardwareSerial::peek()
 .text._ZN14HardwareSerial5flushEv
                0x0000000008003fa2       0x1a /var/folders/10/2gtg3c9534n7mjwvtflsvxs80000gn/T/arduino_cache_720481/core/core_4afc72e51422f546eee8ea0ceffe6130.a(HardwareSerial.cpp.o)
                0x0000000008003fa2                HardwareSerial::flush()
 .text._ZN14HardwareSerial5writeEh
                0x0000000008003fbc       0x1e /var/folders/10/2gtg3c9534n7mjwvtflsvxs80000gn/T/arduino_cache_720481/core/core_4afc72e51422f546eee8ea0ceffe6130.a(HardwareSerial.cpp.o)
                0x0000000008003fbc                HardwareSerial::write(unsigned char)
 *fill*         0x0000000008003fda        0x2 
 .text._ZN14HardwareSerialC2EP9usart_devhh
                0x0000000008003fdc       0x1c /var/folders/10/2gtg3c9534n7mjwvtflsvxs80000gn/T/arduino_cache_720481/core/core_4afc72e51422f546eee8ea0ceffe6130.a(HardwareSerial.cpp.o)
                0x0000000008003fdc                HardwareSerial::HardwareSerial(usart_dev*, unsigned char, unsigned char)
                0x0000000008003fdc                HardwareSerial::HardwareSerial(usart_dev*, unsigned char, unsigned char)
 .text._ZN14HardwareSerial5beginEmh
                0x0000000008003ff8       0x78 /var/folders/10/2gtg3c9534n7mjwvtflsvxs80000gn/T/arduino_cache_720481/core/core_4afc72e51422f546eee8ea0ceffe6130.a(HardwareSerial.cpp.o)
                0x0000000008003ff8                HardwareSerial::begin(unsigned long, unsigned char)
 .text._ZN14HardwareSerial5beginEm
                0x0000000008004070        0x6 /var/folders/10/2gtg3c9534n7mjwvtflsvxs80000gn/T/arduino_cache_720481/core/core_4afc72e51422f546eee8ea0ceffe6130.a(HardwareSerial.cpp.o)
                0x0000000008004070                HardwareSerial::begin(unsigned long)
 *fill*         0x0000000008004076        0x2 
 .text.set_this_dev
                0x0000000008004078       0x1c /var/folders/10/2gtg3c9534n7mjwvtflsvxs80000gn/T/arduino_cache_720481/core/core_4afc72e51422f546eee8ea0ceffe6130.a(HardwareTimer.cpp.o)
 .text._ZN13HardwareTimerC2Eh
                0x0000000008004094       0x2c /var/folders/10/2gtg3c9534n7mjwvtflsvxs80000gn/T/arduino_cache_720481/core/core_4afc72e51422f546eee8ea0ceffe6130.a(HardwareTimer.cpp.o)
                0x0000000008004094                HardwareTimer::HardwareTimer(unsigned char)
                0x0000000008004094                HardwareTimer::HardwareTimer(unsigned char)
 .text._ZN13HardwareTimer5pauseEv
                0x00000000080040c0       0x10 /var/folders/10/2gtg3c9534n7mjwvtflsvxs80000gn/T/arduino_cache_720481/core/core_4afc72e51422f546eee8ea0ceffe6130.a(HardwareTimer.cpp.o)
                0x00000000080040c0                HardwareTimer::pause()
 .text._ZN13HardwareTimer6resumeEv
                0x00000000080040d0       0x10 /var/folders/10/2gtg3c9534n7mjwvtflsvxs80000gn/T/arduino_cache_720481/core/core_4afc72e51422f546eee8ea0ceffe6130.a(HardwareTimer.cpp.o)
                0x00000000080040d0                HardwareTimer::resume()
 .text._ZN13HardwareTimer17setPrescaleFactorEm
                0x00000000080040e0        0xc /var/folders/10/2gtg3c9534n7mjwvtflsvxs80000gn/T/arduino_cache_720481/core/core_4afc72e51422f546eee8ea0ceffe6130.a(HardwareTimer.cpp.o)
                0x00000000080040e0                HardwareTimer::setPrescaleFactor(unsigned long)
 .text._ZN13HardwareTimer9setPeriodEm
                0x00000000080040ec       0x3e /var/folders/10/2gtg3c9534n7mjwvtflsvxs80000gn/T/arduino_cache_720481/core/core_4afc72e51422f546eee8ea0ceffe6130.a(HardwareTimer.cpp.o)
                0x00000000080040ec                HardwareTimer::setPeriod(unsigned long)
 .text._ZN13HardwareTimer7setModeEi10timer_mode
                0x000000000800412a        0x8 /var/folders/10/2gtg3c9534n7mjwvtflsvxs80000gn/T/arduino_cache_720481/core/core_4afc72e51422f546eee8ea0ceffe6130.a(HardwareTimer.cpp.o)
                0x000000000800412a                HardwareTimer::setMode(int, timer_mode)
 .text._ZN13HardwareTimer10setCompareEit
                0x0000000008004132       0x1e /var/folders/10/2gtg3c9534n7mjwvtflsvxs80000gn/T/arduino_cache_720481/core/core_4afc72e51422f546eee8ea0ceffe6130.a(HardwareTimer.cpp.o)
                0x0000000008004132                HardwareTimer::setCompare(int, unsigned short)
 .text._ZN13HardwareTimer15attachInterruptEiPFvvE
                0x0000000008004150        0x8 /var/folders/10/2gtg3c9534n7mjwvtflsvxs80000gn/T/arduino_cache_720481/core/core_4afc72e51422f546eee8ea0ceffe6130.a(HardwareTimer.cpp.o)
                0x0000000008004150                HardwareTimer::attachInterrupt(int, void (*)())
 .text._ZN13HardwareTimer7refreshEv
                0x0000000008004158       0x12 /var/folders/10/2gtg3c9534n7mjwvtflsvxs80000gn/T/arduino_cache_720481/core/core_4afc72e51422f546eee8ea0ceffe6130.a(HardwareTimer.cpp.o)
                0x0000000008004158                HardwareTimer::refresh()
 *fill*         0x000000000800416a        0x2 
 .text.startup._GLOBAL__sub_I__ZN13HardwareTimerC2Eh
                0x000000000800416c       0x68 /var/folders/10/2gtg3c9534n7mjwvtflsvxs80000gn/T/arduino_cache_720481/core/core_4afc72e51422f546eee8ea0ceffe6130.a(HardwareTimer.cpp.o)
 .text._ZN5Print5writeEPKvm
                0x00000000080041d4       0x20 /var/folders/10/2gtg3c9534n7mjwvtflsvxs80000gn/T/arduino_cache_720481/core/core_4afc72e51422f546eee8ea0ceffe6130.a(Print.cpp.o)
                0x00000000080041d4                Print::write(void const*, unsigned long)
 .text._ZN5Print5writeEPKc
                0x00000000080041f4       0x1e /var/folders/10/2gtg3c9534n7mjwvtflsvxs80000gn/T/arduino_cache_720481/core/core_4afc72e51422f546eee8ea0ceffe6130.a(Print.cpp.o)
                0x00000000080041f4                Print::write(char const*)
 .text._ZN5Print5printEc
                0x0000000008004212        0xa /var/folders/10/2gtg3c9534n7mjwvtflsvxs80000gn/T/arduino_cache_720481/core/core_4afc72e51422f546eee8ea0ceffe6130.a(Print.cpp.o)
                0x0000000008004212                Print::print(char)
 .text._ZN5Print5printEPKc
                0x000000000800421c        0xa /var/folders/10/2gtg3c9534n7mjwvtflsvxs80000gn/T/arduino_cache_720481/core/core_4afc72e51422f546eee8ea0ceffe6130.a(Print.cpp.o)
                0x000000000800421c                Print::print(char const*)
 .text._ZN5Print7printlnEv
                0x0000000008004226       0x18 /var/folders/10/2gtg3c9534n7mjwvtflsvxs80000gn/T/arduino_cache_720481/core/core_4afc72e51422f546eee8ea0ceffe6130.a(Print.cpp.o)
                0x0000000008004226                Print::println()
 .text._ZN5Print7printlnEPKc
                0x000000000800423e       0x14 /var/folders/10/2gtg3c9534n7mjwvtflsvxs80000gn/T/arduino_cache_720481/core/core_4afc72e51422f546eee8ea0ceffe6130.a(Print.cpp.o)
                0x000000000800423e                Print::println(char const*)
 .text.__cxa_pure_virtual
                0x0000000008004252        0x2 /var/folders/10/2gtg3c9534n7mjwvtflsvxs80000gn/T/arduino_cache_720481/core/core_4afc72e51422f546eee8ea0ceffe6130.a(cxxabi-compat.cpp.o)
                0x0000000008004252                __cxa_pure_virtual
 .text.startup._Z7premainv
                0x0000000008004254        0x4 /var/folders/10/2gtg3c9534n7mjwvtflsvxs80000gn/T/arduino_cache_720481/core/core_4afc72e51422f546eee8ea0ceffe6130.a(main.cpp.o)
                0x0000000008004254                premain()
 .text.startup.main
                0x0000000008004258        0xc /var/folders/10/2gtg3c9534n7mjwvtflsvxs80000gn/T/arduino_cache_720481/core/core_4afc72e51422f546eee8ea0ceffe6130.a(main.cpp.o)
                0x0000000008004258                main
 .text._Znaj    0x0000000008004264        0x4 /var/folders/10/2gtg3c9534n7mjwvtflsvxs80000gn/T/arduino_cache_720481/core/core_4afc72e51422f546eee8ea0ceffe6130.a(new.cpp.o)
                0x0000000008004264                operator new[](unsigned int)
 .text._ZdlPv   0x0000000008004268        0x4 /var/folders/10/2gtg3c9534n7mjwvtflsvxs80000gn/T/arduino_cache_720481/core/core_4afc72e51422f546eee8ea0ceffe6130.a(new.cpp.o)
                0x0000000008004268                operator delete(void*)
 .text._ZdaPv   0x000000000800426c        0x4 /var/folders/10/2gtg3c9534n7mjwvtflsvxs80000gn/T/arduino_cache_720481/core/core_4afc72e51422f546eee8ea0ceffe6130.a(new.cpp.o)
                0x000000000800426c                operator delete[](void*)
 .text._Z8pwmWriteht
                0x0000000008004270       0x24 /var/folders/10/2gtg3c9534n7mjwvtflsvxs80000gn/T/arduino_cache_720481/core/core_4afc72e51422f546eee8ea0ceffe6130.a(pwm.cpp.o)
                0x0000000008004270                pwmWrite(unsigned char, unsigned short)
 .text._Z7pinModeh13WiringPinMode
                0x0000000008004294       0x84 /var/folders/10/2gtg3c9534n7mjwvtflsvxs80000gn/T/arduino_cache_720481/core/core_4afc72e51422f546eee8ea0ceffe6130.a(wirish_digital_f1.cpp.o)
                0x0000000008004294                pinMode(unsigned char, WiringPinMode)
 .text._Z10analogReadh
                0x0000000008004318       0x1c /var/folders/10/2gtg3c9534n7mjwvtflsvxs80000gn/T/arduino_cache_720481/core/core_4afc72e51422f546eee8ea0ceffe6130.a(wirish_analog.cpp.o)
                0x0000000008004318                analogRead(unsigned char)
 .text._Z11digitalReadh
                0x0000000008004334       0x2c /var/folders/10/2gtg3c9534n7mjwvtflsvxs80000gn/T/arduino_cache_720481/core/core_4afc72e51422f546eee8ea0ceffe6130.a(wirish_digital.cpp.o)
                0x0000000008004334                digitalRead(unsigned char)
 .text._Z12digitalWritehh
                0x0000000008004360       0x2c /var/folders/10/2gtg3c9534n7mjwvtflsvxs80000gn/T/arduino_cache_720481/core/core_4afc72e51422f546eee8ea0ceffe6130.a(wirish_digital.cpp.o)
                0x0000000008004360                digitalWrite(unsigned char, unsigned char)
 .text.micros   0x000000000800438c       0x34 /var/folders/10/2gtg3c9534n7mjwvtflsvxs80000gn/T/arduino_cache_720481/core/core_4afc72e51422f546eee8ea0ceffe6130.a(wirish_time.cpp.o)
 .text.delay    0x00000000080043c0       0x2a /var/folders/10/2gtg3c9534n7mjwvtflsvxs80000gn/T/arduino_cache_720481/core/core_4afc72e51422f546eee8ea0ceffe6130.a(wirish_time.cpp.o)
                0x00000000080043c0                delay
 .text.delayMicroseconds
                0x00000000080043ea       0x10 /var/folders/10/2gtg3c9534n7mjwvtflsvxs80000gn/T/arduino_cache_720481/core/core_4afc72e51422f546eee8ea0ceffe6130.a(wirish_time.cpp.o)
                0x00000000080043ea                delayMicroseconds
 .text.__empty  0x00000000080043fa        0x2 /var/folders/10/2gtg3c9534n7mjwvtflsvxs80000gn/T/arduino_cache_720481/core/core_4afc72e51422f546eee8ea0ceffe6130.a(hooks.c.o)
                0x00000000080043fa                yield
 .text.gpio_init
                0x00000000080043fc       0x14 /var/folders/10/2gtg3c9534n7mjwvtflsvxs80000gn/T/arduino_cache_720481/core/core_4afc72e51422f546eee8ea0ceffe6130.a(gpio.c.o)
                0x00000000080043fc                gpio_init
 .text.usart_init
                0x0000000008004410       0x4c /var/folders/10/2gtg3c9534n7mjwvtflsvxs80000gn/T/arduino_cache_720481/core/core_4afc72e51422f546eee8ea0ceffe6130.a(usart.c.o)
                0x0000000008004410                usart_init
 .text.usart_enable
                0x000000000800445c       0x14 /var/folders/10/2gtg3c9534n7mjwvtflsvxs80000gn/T/arduino_cache_720481/core/core_4afc72e51422f546eee8ea0ceffe6130.a(usart.c.o)
                0x000000000800445c                usart_enable
 .text.usart_tx
                0x0000000008004470       0x9c /var/folders/10/2gtg3c9534n7mjwvtflsvxs80000gn/T/arduino_cache_720481/core/core_4afc72e51422f546eee8ea0ceffe6130.a(usart.c.o)
                0x0000000008004470                usart_tx
 .text          0x000000000800450c      0x370 /Users/giovanni/Library/Arduino15/packages/arduino/tools/arm-none-eabi-gcc/4.8.3-2014q1/bin/../lib/gcc/arm-none-eabi/4.8.3/armv7-m/libgcc.a(_arm_addsubdf3.o)
                0x000000000800450c                __aeabi_drsub
                0x0000000008004514                __subdf3
                0x0000000008004514                __aeabi_dsub
                0x0000000008004518                __aeabi_dadd
                0x0000000008004518                __adddf3
                0x0000000008004790                __aeabi_ui2d
                0x0000000008004790                __floatunsidf
                0x00000000080047b0                __floatsidf
                0x00000000080047b0                __aeabi_i2d
                0x00000000080047d4                __extendsfdf2
                0x00000000080047d4                __aeabi_f2d
                0x0000000008004810                __aeabi_ul2d
                0x0000000008004810                __floatundidf
                0x0000000008004820                __aeabi_l2d
                0x0000000008004820                __floatdidf
 .text          0x000000000800487c      0x424 /Users/giovanni/Library/Arduino15/packages/arduino/tools/arm-none-eabi-gcc/4.8.3-2014q1/bin/../lib/gcc/arm-none-eabi/4.8.3/armv7-m/libgcc.a(_arm_muldivdf3.o)
                0x000000000800487c                __aeabi_dmul
                0x000000000800487c                __muldf3
                0x0000000008004ad0                __aeabi_ddiv
                0x0000000008004ad0                __divdf3
 .text          0x0000000008004ca0       0x50 /Users/giovanni/Library/Arduino15/packages/arduino/tools/arm-none-eabi-gcc/4.8.3-2014q1/bin/../lib/gcc/arm-none-eabi/4.8.3/armv7-m/libgcc.a(_arm_fixdfsi.o)
                0x0000000008004ca0                __fixdfsi
                0x0000000008004ca0                __aeabi_d2iz
 .text          0x0000000008004cf0       0xa0 /Users/giovanni/Library/Arduino15/packages/arduino/tools/arm-none-eabi-gcc/4.8.3-2014q1/bin/../lib/gcc/arm-none-eabi/4.8.3/armv7-m/libgcc.a(_arm_truncdfsf2.o)
                0x0000000008004cf0                __aeabi_d2f
                0x0000000008004cf0                __truncdfsf2
 .text          0x0000000008004d90      0x21c /Users/giovanni/Library/Arduino15/packages/arduino/tools/arm-none-eabi-gcc/4.8.3-2014q1/bin/../lib/gcc/arm-none-eabi/4.8.3/armv7-m/libgcc.a(_arm_addsubsf3.o)
                0x0000000008004d90                __aeabi_frsub
                0x0000000008004d98                __aeabi_fsub
                0x0000000008004d98                __subsf3
                0x0000000008004d9c                __aeabi_fadd
                0x0000000008004d9c                __addsf3
                0x0000000008004efc                __aeabi_ui2f
                0x0000000008004efc                __floatunsisf
                0x0000000008004f04                __floatsisf
                0x0000000008004f04                __aeabi_i2f
                0x0000000008004f20                __aeabi_ul2f
                0x0000000008004f20                __floatundisf
                0x0000000008004f30                __aeabi_l2f
                0x0000000008004f30                __floatdisf
 .text          0x0000000008004fac      0x2a0 /Users/giovanni/Library/Arduino15/packages/arduino/tools/arm-none-eabi-gcc/4.8.3-2014q1/bin/../lib/gcc/arm-none-eabi/4.8.3/armv7-m/libgcc.a(_arm_muldivsf3.o)
                0x0000000008004fac                __mulsf3
                0x0000000008004fac                __aeabi_fmul
                0x0000000008005114                __divsf3
                0x0000000008005114                __aeabi_fdiv
 .text          0x000000000800524c       0xec /Users/giovanni/Library/Arduino15/packages/arduino/tools/arm-none-eabi-gcc/4.8.3-2014q1/bin/../lib/gcc/arm-none-eabi/4.8.3/armv7-m/libgcc.a(_arm_cmpsf2.o)
                0x000000000800524c                __gesf2
                0x000000000800524c                __gtsf2
                0x0000000008005254                __ltsf2
                0x0000000008005254                __lesf2
                0x000000000800525c                __nesf2
                0x000000000800525c                __eqsf2
                0x000000000800525c                __cmpsf2
                0x00000000080052bc                __aeabi_cfrcmple
                0x00000000080052c4                __aeabi_cfcmpeq
                0x00000000080052c4                __aeabi_cfcmple
                0x00000000080052d4                __aeabi_fcmpeq
                0x00000000080052e8                __aeabi_fcmplt
                0x00000000080052fc                __aeabi_fcmple
                0x0000000008005310                __aeabi_fcmpge
                0x0000000008005324                __aeabi_fcmpgt
 .text.__errno  0x0000000008005338        0xc /Users/giovanni/Library/Arduino15/packages/arduino/tools/arm-none-eabi-gcc/4.8.3-2014q1/bin/../lib/gcc/arm-none-eabi/4.8.3/../../../../arm-none-eabi/lib/armv7-m/libc_s.a(lib_a-errno.o)
                0x0000000008005338                __errno
 .text.exit     0x0000000008005344       0x28 /Users/giovanni/Library/Arduino15/packages/arduino/tools/arm-none-eabi-gcc/4.8.3-2014q1/bin/../lib/gcc/arm-none-eabi/4.8.3/../../../../arm-none-eabi/lib/armv7-m/libc_s.a(lib_a-exit.o)
                0x0000000008005344                exit
 .text.__libc_init_array
                0x000000000800536c       0x4c /Users/giovanni/Library/Arduino15/packages/arduino/tools/arm-none-eabi-gcc/4.8.3-2014q1/bin/../lib/gcc/arm-none-eabi/4.8.3/../../../../arm-none-eabi/lib/armv7-m/libc_s.a(lib_a-init.o)
                0x000000000800536c                __libc_init_array
 .text.malloc   0x00000000080053b8       0x10 /Users/giovanni/Library/Arduino15/packages/arduino/tools/arm-none-eabi-gcc/4.8.3-2014q1/bin/../lib/gcc/arm-none-eabi/4.8.3/../../../../arm-none-eabi/lib/armv7-m/libc_s.a(lib_a-malloc.o)
                0x00000000080053b8                malloc
 .text.free     0x00000000080053c8       0x10 /Users/giovanni/Library/Arduino15/packages/arduino/tools/arm-none-eabi-gcc/4.8.3-2014q1/bin/../lib/gcc/arm-none-eabi/4.8.3/../../../../arm-none-eabi/lib/armv7-m/libc_s.a(lib_a-malloc.o)
                0x00000000080053c8                free
 .text._free_r  0x00000000080053d8       0x88 /Users/giovanni/Library/Arduino15/packages/arduino/tools/arm-none-eabi-gcc/4.8.3-2014q1/bin/../lib/gcc/arm-none-eabi/4.8.3/../../../../arm-none-eabi/lib/armv7-m/libc_s.a(lib_a-nano-freer.o)
                0x00000000080053d8                _free_r
 .text._malloc_r
                0x0000000008005460       0xa8 /Users/giovanni/Library/Arduino15/packages/arduino/tools/arm-none-eabi-gcc/4.8.3-2014q1/bin/../lib/gcc/arm-none-eabi/4.8.3/../../../../arm-none-eabi/lib/armv7-m/libc_s.a(lib_a-nano-mallocr.o)
                0x0000000008005460                _malloc_r
 .text._sbrk_r  0x0000000008005508       0x20 /Users/giovanni/Library/Arduino15/packages/arduino/tools/arm-none-eabi-gcc/4.8.3-2014q1/bin/../lib/gcc/arm-none-eabi/4.8.3/../../../../arm-none-eabi/lib/armv7-m/libc_s.a(lib_a-sbrkr.o)
                0x0000000008005508                _sbrk_r
 .text.strlen   0x0000000008005528       0x10 /Users/giovanni/Library/Arduino15/packages/arduino/tools/arm-none-eabi-gcc/4.8.3-2014q1/bin/../lib/gcc/arm-none-eabi/4.8.3/../../../../arm-none-eabi/lib/armv7-m/libc_s.a(lib_a-strlen.o)
                0x0000000008005528                strlen
 *(.plt)
 *(.gnu.warning)
 *(.glue_7t)
 .glue_7t       0x0000000000000000        0x0 linker stubs
 *(.glue_7)
 .glue_7        0x0000000000000000        0x0 linker stubs
 *(.vfp11_veneer)
 .vfp11_veneer  0x0000000000000000        0x0 linker stubs
 *(.ARM.extab* .gnu.linkonce.armextab.*)
 *(.gcc_except_table)
 *(.eh_frame_hdr)
 *(.eh_frame)
 .eh_frame      0x0000000008005538        0x0 /Users/giovanni/Library/Arduino15/packages/arduino/tools/arm-none-eabi-gcc/4.8.3-2014q1/bin/../lib/gcc/arm-none-eabi/4.8.3/armv7-m/crtbegin.o
                0x0000000008005538                . = ALIGN (0x4)
 *(.init)
 .init          0x0000000008005538        0x4 /Users/giovanni/Library/Arduino15/packages/arduino/tools/arm-none-eabi-gcc/4.8.3-2014q1/bin/../lib/gcc/arm-none-eabi/4.8.3/armv7-m/crti.o
                0x0000000008005538                _init
 .init          0x000000000800553c        0x8 /Users/giovanni/Library/Arduino15/packages/arduino/tools/arm-none-eabi-gcc/4.8.3-2014q1/bin/../lib/gcc/arm-none-eabi/4.8.3/armv7-m/crtn.o
                0x0000000008005544                . = ALIGN (0x4)
                0x0000000008005544                __preinit_array_start = .
 *(.preinit_array)
                0x0000000008005544                __preinit_array_end = .
                0x0000000008005544                . = ALIGN (0x4)
                0x0000000008005544                __init_array_start = .
 *(SORT(.init_array.*))
 .init_array.00101
                0x0000000008005544        0x4 /var/folders/10/2gtg3c9534n7mjwvtflsvxs80000gn/T/arduino_cache_720481/core/core_4afc72e51422f546eee8ea0ceffe6130.a(main.cpp.o)
 *(.init_array)
 .init_array    0x0000000008005548        0x4 /Users/giovanni/Library/Arduino15/packages/arduino/tools/arm-none-eabi-gcc/4.8.3-2014q1/bin/../lib/gcc/arm-none-eabi/4.8.3/armv7-m/crtbegin.o
 .init_array    0x000000000800554c        0x4 /var/folders/10/2gtg3c9534n7mjwvtflsvxs80000gn/T/arduino_build_76740/sketch/stm32_amr_firmware.ino.cpp.o
 .init_array    0x0000000008005550        0x4 /var/folders/10/2gtg3c9534n7mjwvtflsvxs80000gn/T/arduino_build_76740/libraries/Wire/Wire.cpp.o
 .init_array    0x0000000008005554        0x4 /var/folders/10/2gtg3c9534n7mjwvtflsvxs80000gn/T/arduino_build_76740/core/board.cpp.o
 .init_array    0x0000000008005558        0x4 /var/folders/10/2gtg3c9534n7mjwvtflsvxs80000gn/T/arduino_cache_720481/core/core_4afc72e51422f546eee8ea0ceffe6130.a(HardwareTimer.cpp.o)
                0x000000000800555c                __init_array_end = .
                0x000000000800555c                . = ALIGN (0x4)
 *crtbegin.o(.ctors)
 *(EXCLUDE_FILE(*crtend.o) .ctors)
 *(SORT(.ctors.*))
 *crtend.o(.ctors)
                0x000000000800555c                . = ALIGN (0x4)
 *(.fini)
 .fini          0x000000000800555c        0x4 /Users/giovanni/Library/Arduino15/packages/arduino/tools/arm-none-eabi-gcc/4.8.3-2014q1/bin/../lib/gcc/arm-none-eabi/4.8.3/armv7-m/crti.o
                0x000000000800555c                _fini
 .fini          0x0000000008005560        0x8 /Users/giovanni/Library/Arduino15/packages/arduino/tools/arm-none-eabi-gcc/4.8.3-2014q1/bin/../lib/gcc/arm-none-eabi/4.8.3/armv7-m/crtn.o
                0x0000000008005568                . = ALIGN (0x4)
                0x0000000008005568                __fini_array_start = .
 *(.fini_array)
 .fini_array    0x0000000008005568        0x4 /Users/giovanni/Library/Arduino15/packages/arduino/tools/arm-none-eabi-gcc/4.8.3-2014q1/bin/../lib/gcc/arm-none-eabi/4.8.3/armv7-m/crtbegin.o
 .fini_array    0x000000000800556c        0x4 /var/folders/10/2gtg3c9534n7mjwvtflsvxs80000gn/T/arduino_build_76740/sketch/stm32_amr_firmware.ino.cpp.o
 .fini_array    0x0000000008005570        0x4 /var/folders/10/2gtg3c9534n7mjwvtflsvxs80000gn/T/arduino_build_76740/libraries/Wire/Wire.cpp.o
 *(SORT(.fini_array.*))
                0x0000000008005574                __fini_array_end = .
 *crtbegin.o(.dtors)
 *(EXCLUDE_FILE(*crtend.o) .dtors)
 *(SORT(.dtors.*))
 *crtend.o(.dtors)

.v4_bx          0x0000000008005574        0x0
 .v4_bx         0x0000000000000000        0x0 linker stubs

.iplt           0x0000000008005574        0x0
 .iplt          0x0000000000000000        0x0 /Users/giovanni/Library/Arduino15/packages/arduino/tools/arm-none-eabi-gcc/4.8.3-2014q1/bin/../lib/gcc/arm-none-eabi/4.8.3/armv7-m/crtbegin.o

.text.align     0x0000000008005574        0x4
                0x0000000008005578                . = ALIGN (0x8)
 *fill*         0x0000000008005574        0x4 
                0x0000000008005578                __text_end__ = .
                0x0000000008005578                __exidx_start = .

.ARM.exidx      0x0000000008005578        0x8
 *(.ARM.exidx* .gnu.linkonce.armexidx.*)
 .ARM.exidx     0x0000000008005578        0x8 /var/folders/10/2gtg3c9534n7mjwvtflsvxs80000gn/T/arduino_build_76740/core/wirish/start.S.o
                0x0000000008005580                __exidx_end = .

.data           0x0000000020000000      0x658 load address 0x0000000008005580
                0x0000000020000000                __data_start__ = .
                0x0000000020000000        0x4 LONG 0x0
                0x0000000020000008                . = ALIGN (0x8)
 *fill*         0x0000000020000004        0x4 
 *(.got.plt)
 *(.got)
 *(.data .data.* .gnu.linkonce.d.*)
 .data.cf       0x0000000020000008        0x4 /var/folders/10/2gtg3c9534n7mjwvtflsvxs80000gn/T/arduino_build_76740/sketch/stm32_amr_firmware.ino.cpp.o
                0x0000000020000008                cf
 .data.blink_time
                0x000000002000000c        0x2 /var/folders/10/2gtg3c9534n7mjwvtflsvxs80000gn/T/arduino_build_76740/sketch/stm32_amr_firmware.ino.cpp.o
                0x000000002000000c                blink_time
 *fill*         0x000000002000000e        0x2 
 .data._ZN6wirish4privL8pll_dataE
                0x0000000020000010        0x4 /var/folders/10/2gtg3c9534n7mjwvtflsvxs80000gn/T/arduino_build_76740/core/wirish/boards_setup.cpp.o
 .data._ZN6wirish4priv9w_adc_smpE
                0x0000000020000014        0x1 /var/folders/10/2gtg3c9534n7mjwvtflsvxs80000gn/T/arduino_build_76740/core/wirish/boards_setup.cpp.o
                0x0000000020000014                wirish::priv::w_adc_smp
 *fill*         0x0000000020000015        0x1 
 .data._ZN6wirish4priv9w_adc_preE
                0x0000000020000016        0x2 /var/folders/10/2gtg3c9534n7mjwvtflsvxs80000gn/T/arduino_build_76740/core/wirish/boards_setup.cpp.o
                0x0000000020000016                wirish::priv::w_adc_pre
 .data._ZN6wirish4priv15w_board_pll_cfgE
                0x0000000020000018        0x8 /var/folders/10/2gtg3c9534n7mjwvtflsvxs80000gn/T/arduino_build_76740/core/wirish/boards_setup.cpp.o
                0x0000000020000018                wirish::priv::w_board_pll_cfg
 .data.adc2     0x0000000020000020        0x8 /var/folders/10/2gtg3c9534n7mjwvtflsvxs80000gn/T/arduino_cache_720481/core/core_4afc72e51422f546eee8ea0ceffe6130.a(adc_f1.c.o)
                0x0000000020000020                adc2
 .data.adc3     0x0000000020000028       0x18 /var/folders/10/2gtg3c9534n7mjwvtflsvxs80000gn/T/arduino_cache_720481/core/core_4afc72e51422f546eee8ea0ceffe6130.a(adc_f1.c.o)
                0x0000000020000028                adc3
 .data.adc1     0x0000000020000040       0x18 /var/folders/10/2gtg3c9534n7mjwvtflsvxs80000gn/T/arduino_cache_720481/core/core_4afc72e51422f546eee8ea0ceffe6130.a(adc_f1.c.o)
                0x0000000020000040                adc1
 .data.ADC2     0x0000000020000058        0x4 /var/folders/10/2gtg3c9534n7mjwvtflsvxs80000gn/T/arduino_cache_720481/core/core_4afc72e51422f546eee8ea0ceffe6130.a(adc_f1.c.o)
                0x0000000020000058                ADC2
 .data.ADC1     0x000000002000005c        0x4 /var/folders/10/2gtg3c9534n7mjwvtflsvxs80000gn/T/arduino_cache_720481/core/core_4afc72e51422f546eee8ea0ceffe6130.a(adc_f1.c.o)
                0x000000002000005c                ADC1
 .data.ADC3     0x0000000020000060        0x4 /var/folders/10/2gtg3c9534n7mjwvtflsvxs80000gn/T/arduino_cache_720481/core/core_4afc72e51422f546eee8ea0ceffe6130.a(adc_f1.c.o)
                0x0000000020000060                ADC3
 .data.dma1     0x0000000020000064       0x40 /var/folders/10/2gtg3c9534n7mjwvtflsvxs80000gn/T/arduino_cache_720481/core/core_4afc72e51422f546eee8ea0ceffe6130.a(dma_f1.c.o)
 .data.dma2     0x00000000200000a4       0x30 /var/folders/10/2gtg3c9534n7mjwvtflsvxs80000gn/T/arduino_cache_720481/core/core_4afc72e51422f546eee8ea0ceffe6130.a(dma_f1.c.o)
 .data.DMA1     0x00000000200000d4        0x4 /var/folders/10/2gtg3c9534n7mjwvtflsvxs80000gn/T/arduino_cache_720481/core/core_4afc72e51422f546eee8ea0ceffe6130.a(dma_f1.c.o)
                0x00000000200000d4                DMA1
 .data.DMA2     0x00000000200000d8        0x4 /var/folders/10/2gtg3c9534n7mjwvtflsvxs80000gn/T/arduino_cache_720481/core/core_4afc72e51422f546eee8ea0ceffe6130.a(dma_f1.c.o)