Archive member included because of file (symbol)

/var/folders/10/2gtg3c9534n7mjwvtflsvxs80000gn/T/arduino_cache_356770/core/core_55a618dc9b7696c1cbc140e0005f650c.a(exc.S.o)
                              (__exc_nmi)
/var/folders/10/2gtg3c9534n7mjwvtflsvxs80000gn/T/arduino_cache_356770/core/core_55a618dc9b7696c1cbc140e0005f650c.a(isrs.S.o)
                              (__stm32reservedexception7)
/var/folders/10/2gtg3c9534n7mjwvtflsvxs80000gn/T/arduino_cache_356770/core/core_55a618dc9b7696c1cbc140e0005f650c.a(vector_table.S.o)
                              (__stm32_vector_table)
/var/folders/10/2gtg3c9534n7mjwvtflsvxs80000gn/T/arduino_cache_356770/core/core_55a618dc9b7696c1cbc140e0005f650c.a(adc.c.o)
                              /var/folders/10/2gtg3c9534n7mjwvtflsvxs80000gn/T/arduino_build_722449/core/wirish/boards.cpp.o (adc_set_sample_rate)
/var/folders/10/2gtg3c9534n7mjwvtflsvxs80000gn/T/arduino_cache_356770/core/core_55a618dc9b7696c1cbc140e0005f650c.a(adc_f1.c.o)
                              (__irq_adc)
/var/folders/10/2gtg3c9534n7mjwvtflsvxs80000gn/T/arduino_cache_356770/core/core_55a618dc9b7696c1cbc140e0005f650c.a(dma_f1.c.o)
                              (__irq_dma1_channel1)
/var/folders/10/2gtg3c9534n7mjwvtflsvxs80000gn/T/arduino_cache_356770/core/core_55a618dc9b7696c1cbc140e0005f650c.a(exti.c.o)
                              (__irq_exti0)
/var/folders/10/2gtg3c9534n7mjwvtflsvxs80000gn/T/arduino_cache_356770/core/core_55a618dc9b7696c1cbc140e0005f650c.a(exti_f1.c.o)
                              /var/folders/10/2gtg3c9534n7mjwvtflsvxs80000gn/T/arduino_cache_356770/core/core_55a618dc9b7696c1cbc140e0005f650c.a(exti.c.o) (exti_select)
/var/folders/10/2gtg3c9534n7mjwvtflsvxs80000gn/T/arduino_cache_356770/core/core_55a618dc9b7696c1cbc140e0005f650c.a(flash.c.o)
                              /var/folders/10/2gtg3c9534n7mjwvtflsvxs80000gn/T/arduino_build_722449/core/wirish/boards.cpp.o (flash_set_latency)
/var/folders/10/2gtg3c9534n7mjwvtflsvxs80000gn/T/arduino_cache_356770/core/core_55a618dc9b7696c1cbc140e0005f650c.a(gpio_f1.c.o)
                              /var/folders/10/2gtg3c9534n7mjwvtflsvxs80000gn/T/arduino_build_722449/core/wirish/boards_setup.cpp.o (gpio_init_all)
/var/folders/10/2gtg3c9534n7mjwvtflsvxs80000gn/T/arduino_cache_356770/core/core_55a618dc9b7696c1cbc140e0005f650c.a(i2c_f1.c.o)
                              (__irq_i2c1_ev)
/var/folders/10/2gtg3c9534n7mjwvtflsvxs80000gn/T/arduino_cache_356770/core/core_55a618dc9b7696c1cbc140e0005f650c.a(nvic.c.o)
                              /var/folders/10/2gtg3c9534n7mjwvtflsvxs80000gn/T/arduino_cache_356770/core/core_55a618dc9b7696c1cbc140e0005f650c.a(i2c_f1.c.o) (nvic_irq_set_priority)
/var/folders/10/2gtg3c9534n7mjwvtflsvxs80000gn/T/arduino_cache_356770/core/core_55a618dc9b7696c1cbc140e0005f650c.a(rcc.c.o)
                              /var/folders/10/2gtg3c9534n7mjwvtflsvxs80000gn/T/arduino_build_722449/core/wirish/boards.cpp.o (rcc_switch_sysclk)
/var/folders/10/2gtg3c9534n7mjwvtflsvxs80000gn/T/arduino_cache_356770/core/core_55a618dc9b7696c1cbc140e0005f650c.a(rcc_f1.c.o)
                              /var/folders/10/2gtg3c9534n7mjwvtflsvxs80000gn/T/arduino_build_722449/core/wirish/boards.cpp.o (rcc_configure_pll)
/var/folders/10/2gtg3c9534n7mjwvtflsvxs80000gn/T/arduino_cache_356770/core/core_55a618dc9b7696c1cbc140e0005f650c.a(systick.c.o)
                              /var/folders/10/2gtg3c9534n7mjwvtflsvxs80000gn/T/arduino_build_722449/core/wirish/boards.cpp.o (systick_init)
/var/folders/10/2gtg3c9534n7mjwvtflsvxs80000gn/T/arduino_cache_356770/core/core_55a618dc9b7696c1cbc140e0005f650c.a(timer.c.o)
                              /var/folders/10/2gtg3c9534n7mjwvtflsvxs80000gn/T/arduino_build_722449/core/wirish/boards.cpp.o (timer_foreach)
/var/folders/10/2gtg3c9534n7mjwvtflsvxs80000gn/T/arduino_cache_356770/core/core_55a618dc9b7696c1cbc140e0005f650c.a(usart_f1.c.o)
                              (__irq_usart1)
/var/folders/10/2gtg3c9534n7mjwvtflsvxs80000gn/T/arduino_cache_356770/core/core_55a618dc9b7696c1cbc140e0005f650c.a(usart_private.c.o)
                              /var/folders/10/2gtg3c9534n7mjwvtflsvxs80000gn/T/arduino_cache_356770/core/core_55a618dc9b7696c1cbc140e0005f650c.a(usart_f1.c.o) (_usart_clock_freq)
/var/folders/10/2gtg3c9534n7mjwvtflsvxs80000gn/T/arduino_cache_356770/core/core_55a618dc9b7696c1cbc140e0005f650c.a(usb.c.o)
                              (__irq_usb_lp_can_rx0)
/var/folders/10/2gtg3c9534n7mjwvtflsvxs80000gn/T/arduino_cache_356770/core/core_55a618dc9b7696c1cbc140e0005f650c.a(usb_cdcacm.c.o)
                              /var/folders/10/2gtg3c9534n7mjwvtflsvxs80000gn/T/arduino_cache_356770/core/core_55a618dc9b7696c1cbc140e0005f650c.a(usb.c.o) (User_Standard_Requests)
/var/folders/10/2gtg3c9534n7mjwvtflsvxs80000gn/T/arduino_cache_356770/core/core_55a618dc9b7696c1cbc140e0005f650c.a(usb_reg_map.c.o)
[...]
Memory Configuration

Name             Origin             Length             Attributes
ram              0x0000000020000000 0x000000000000c000 xrw
rom              0x0000000008000000 0x0000000000040000 xr
*default*        0x0000000000000000 0xffffffffffffffff

Linker script and memory map

LOAD /Users/giovanni/Library/Arduino15/packages/arduino/tools/arm-none-eabi-gcc/4.8.3-2014q1/bin/../lib/gcc/arm-none-eabi/4.8.3/armv7-m/crti.o
LOAD /Users/giovanni/Library/Arduino15/packages/arduino/tools/arm-none-eabi-gcc/4.8.3-2014q1/bin/../lib/gcc/arm-none-eabi/4.8.3/armv7-m/crtbegin.o
LOAD /Users/giovanni/Library/Arduino15/packages/arduino/tools/arm-none-eabi-gcc/4.8.3-2014q1/bin/../lib/gcc/arm-none-eabi/4.8.3/../../../../arm-none-eabi/lib/armv7-m/crt0.o
LOAD /Users/giovanni/Library/Arduino15/packages/arduino/tools/arm-none-eabi-gcc/4.8.3-2014q1/bin/../lib/gcc/arm-none-eabi/4.8.3/armv7-m/libgcc.a
START GROUP
LOAD /var/folders/10/2gtg3c9534n7mjwvtflsvxs80000gn/T/arduino_build_722449/sketch/CircularBuffer.cpp.o
LOAD /var/folders/10/2gtg3c9534n7mjwvtflsvxs80000gn/T/arduino_build_722449/sketch/dcmotor.cpp.o
LOAD /var/folders/10/2gtg3c9534n7mjwvtflsvxs80000gn/T/arduino_build_722449/sketch/encoder.cpp.o
LOAD /var/folders/10/2gtg3c9534n7mjwvtflsvxs80000gn/T/arduino_build_722449/sketch/motorcontroller.cpp.o
LOAD /var/folders/10/2gtg3c9534n7mjwvtflsvxs80000gn/T/arduino_build_722449/sketch/stm32_amr_firmware.ino.cpp.o
LOAD /var/folders/10/2gtg3c9534n7mjwvtflsvxs80000gn/T/arduino_build_722449/sketch/ucPack.cpp.o
LOAD /var/folders/10/2gtg3c9534n7mjwvtflsvxs80000gn/T/arduino_build_722449/core/wirish/start.S.o
LOAD /var/folders/10/2gtg3c9534n7mjwvtflsvxs80000gn/T/arduino_build_722449/core/wirish/start_c.c.o
LOAD /var/folders/10/2gtg3c9534n7mjwvtflsvxs80000gn/T/arduino_build_722449/core/wirish/syscalls.c.o
LOAD /var/folders/10/2gtg3c9534n7mjwvtflsvxs80000gn/T/arduino_build_722449/core/board.cpp.o
LOAD /var/folders/10/2gtg3c9534n7mjwvtflsvxs80000gn/T/arduino_build_722449/core/wirish/boards.cpp.o
LOAD /var/folders/10/2gtg3c9534n7mjwvtflsvxs80000gn/T/arduino_build_722449/core/wirish/boards_setup.cpp.o
LOAD /var/folders/10/2gtg3c9534n7mjwvtflsvxs80000gn/T/arduino_cache_356770/core/core_55a618dc9b7696c1cbc140e0005f650c.a
END GROUP
LOAD /Users/giovanni/Library/Arduino15/packages/arduino/tools/arm-none-eabi-gcc/4.8.3-2014q1/bin/../lib/gcc/arm-none-eabi/4.8.3/../../../../arm-none-eabi/lib/armv7-m/libstdc++_s.a
LOAD /Users/giovanni/Library/Arduino15/packages/arduino/tools/arm-none-eabi-gcc/4.8.3-2014q1/bin/../lib/gcc/arm-none-eabi/4.8.3/../../../../arm-none-eabi/lib/armv7-m/libm.a
START GROUP
LOAD /Users/giovanni/Library/Arduino15/packages/arduino/tools/arm-none-eabi-gcc/4.8.3-2014q1/bin/../lib/gcc/arm-none-eabi/4.8.3/armv7-m/libgcc.a
LOAD /Users/giovanni/Library/Arduino15/packages/arduino/tools/arm-none-eabi-gcc/4.8.3-2014q1/bin/../lib/gcc/arm-none-eabi/4.8.3/../../../../arm-none-eabi/lib/armv7-m/libc_s.a
END GROUP
START GROUP
LOAD /Users/giovanni/Library/Arduino15/packages/arduino/tools/arm-none-eabi-gcc/4.8.3-2014q1/bin/../lib/gcc/arm-none-eabi/4.8.3/armv7-m/libgcc.a
LOAD /Users/giovanni/Library/Arduino15/packages/arduino/tools/arm-none-eabi-gcc/4.8.3-2014q1/bin/../lib/gcc/arm-none-eabi/4.8.3/../../../../arm-none-eabi/lib/armv7-m/libc_s.a
END GROUP
LOAD /Users/giovanni/Library/Arduino15/packages/arduino/tools/arm-none-eabi-gcc/4.8.3-2014q1/bin/../lib/gcc/arm-none-eabi/4.8.3/armv7-m/crtend.o
LOAD /Users/giovanni/Library/Arduino15/packages/arduino/tools/arm-none-eabi-gcc/4.8.3-2014q1/bin/../lib/gcc/arm-none-eabi/4.8.3/armv7-m/crtn.o
START GROUP
LOAD /Users/giovanni/Library/Arduino15/packages/arduino/tools/arm-none-eabi-gcc/4.8.3-2014q1/bin/../lib/gcc/arm-none-eabi/4.8.3/armv7-m/libgcc.a
LOAD /Users/giovanni/Library/Arduino15/packages/arduino/tools/arm-none-eabi-gcc/4.8.3-2014q1/bin/../lib/gcc/arm-none-eabi/4.8.3/../../../../arm-none-eabi/lib/armv7-m/libc.a
LOAD /Users/giovanni/Library/Arduino15/packages/arduino/tools/arm-none-eabi-gcc/4.8.3-2014q1/bin/../lib/gcc/arm-none-eabi/4.8.3/../../../../arm-none-eabi/lib/armv7-m/libm.a
END GROUP
START GROUP
LOAD /Users/giovanni/Library/Arduino15/packages/arduino/tools/arm-none-eabi-gcc/4.8.3-2014q1/bin/../lib/gcc/arm-none-eabi/4.8.3/../../../../arm-none-eabi/lib/armv7-m/libnosys.a
END GROUP
                0x000000002000c000                PROVIDE (__msp_init, (ORIGIN (ram) + 0xc000))
                0x0000000008000a18                PROVIDE (__exc_reset, __start__)

.text           0x0000000008000000     0x462c
                0x0000000008000000                __text_start__ = .
 *(.stm32.interrupt_vector)
 .stm32.interrupt_vector
                0x0000000008000000      0x130 /var/folders/10/2gtg3c9534n7mjwvtflsvxs80000gn/T/arduino_cache_356770/core/core_55a618dc9b7696c1cbc140e0005f650c.a(vector_table.S.o)
                0x0000000008000000                __stm32_vector_table
 *(.text .text.* .gnu.linkonce.t.*)
 .text          0x0000000008000130       0x54 /Users/giovanni/Library/Arduino15/packages/arduino/tools/arm-none-eabi-gcc/4.8.3-2014q1/bin/../lib/gcc/arm-none-eabi/4.8.3/armv7-m/crtbegin.o
 .text._ZN14CircularBufferC2Eh
                0x0000000008000184       0x1a /var/folders/10/2gtg3c9534n7mjwvtflsvxs80000gn/T/arduino_build_722449/sketch/CircularBuffer.cpp.o
                0x0000000008000184                CircularBuffer::CircularBuffer(unsigned char)
                0x0000000008000184                CircularBuffer::CircularBuffer(unsigned char)
 .text._ZN14CircularBufferD2Ev
                0x000000000800019e        0xe /var/folders/10/2gtg3c9534n7mjwvtflsvxs80000gn/T/arduino_build_722449/sketch/CircularBuffer.cpp.o
                0x000000000800019e                CircularBuffer::~CircularBuffer()
                0x000000000800019e                CircularBuffer::~CircularBuffer()
 .text._ZN14CircularBuffer4pushEh
                0x00000000080001ac       0x2c /var/folders/10/2gtg3c9534n7mjwvtflsvxs80000gn/T/arduino_build_722449/sketch/CircularBuffer.cpp.o
                0x00000000080001ac                CircularBuffer::push(unsigned char)
 .text._ZN14CircularBuffer3popEv
                0x00000000080001d8       0x24 /var/folders/10/2gtg3c9534n7mjwvtflsvxs80000gn/T/arduino_build_722449/sketch/CircularBuffer.cpp.o
                0x00000000080001d8                CircularBuffer::pop()
 .text._ZN14CircularBuffer3topEv
                0x00000000080001fc        0xe /var/folders/10/2gtg3c9534n7mjwvtflsvxs80000gn/T/arduino_build_722449/sketch/CircularBuffer.cpp.o
                0x00000000080001fc                CircularBuffer::top()
 .text._ZN14CircularBuffer7isEmptyEv
                0x000000000800020a        0xc /var/folders/10/2gtg3c9534n7mjwvtflsvxs80000gn/T/arduino_build_722449/sketch/CircularBuffer.cpp.o
                0x000000000800020a                CircularBuffer::isEmpty()
 .text._ZN14CircularBuffer7getSizeEv
                0x0000000008000216        0x4 /var/folders/10/2gtg3c9534n7mjwvtflsvxs80000gn/T/arduino_build_722449/sketch/CircularBuffer.cpp.o
                0x0000000008000216                CircularBuffer::getSize()
 .text._ZN14CircularBufferixEi
                0x000000000800021a       0x14 /var/folders/10/2gtg3c9534n7mjwvtflsvxs80000gn/T/arduino_build_722449/sketch/CircularBuffer.cpp.o
                0x000000000800021a                CircularBuffer::operator[](int)
 .text._ZN7DCMotorC2Ehhh
                0x000000000800022e       0x3e /var/folders/10/2gtg3c9534n7mjwvtflsvxs80000gn/T/arduino_build_722449/sketch/dcmotor.cpp.o
                0x000000000800022e                DCMotor::DCMotor(unsigned char, unsigned char, unsigned char)
                0x000000000800022e                DCMotor::DCMotor(unsigned char, unsigned char, unsigned char)
 .text._ZN7DCMotor8setSpeedEl
                0x000000000800026c       0x3a /var/folders/10/2gtg3c9534n7mjwvtflsvxs80000gn/T/arduino_build_722449/sketch/dcmotor.cpp.o
                0x000000000800026c                DCMotor::setSpeed(long)
 .text._ZN7DCMotor10force_stopEv
                0x00000000080002a6       0x20 /var/folders/10/2gtg3c9534n7mjwvtflsvxs80000gn/T/arduino_build_722449/sketch/dcmotor.cpp.o
                0x00000000080002a6                DCMotor::force_stop()
 .text._ZN7EncoderC2EP9timer_devhhh
                0x00000000080002c6       0x3e /var/folders/10/2gtg3c9534n7mjwvtflsvxs80000gn/T/arduino_build_722449/sketch/encoder.cpp.o
                0x00000000080002c6                Encoder::Encoder(timer_dev*, unsigned char, unsigned char, unsigned char)
                0x00000000080002c6                Encoder::Encoder(timer_dev*, unsigned char, unsigned char, unsigned char)
 .text._ZN7Encoder5resetEv
                0x0000000008000304        0xa /var/folders/10/2gtg3c9534n7mjwvtflsvxs80000gn/T/arduino_build_722449/sketch/encoder.cpp.o
                0x0000000008000304                Encoder::reset()
 .text._ZN7Encoder8getCountEv
                0x000000000800030e        0xa /var/folders/10/2gtg3c9534n7mjwvtflsvxs80000gn/T/arduino_build_722449/sketch/encoder.cpp.o
                0x000000000800030e                Encoder::getCount()
 .text._ZN7Encoder14invertPolarityEb
                0x0000000008000318       0x16 /var/folders/10/2gtg3c9534n7mjwvtflsvxs80000gn/T/arduino_build_722449/sketch/encoder.cpp.o
                0x0000000008000318                Encoder::invertPolarity(bool)
 .text._ZN15MotorController9addMemoryEf
                0x000000000800032e       0x16 /var/folders/10/2gtg3c9534n7mjwvtflsvxs80000gn/T/arduino_build_722449/sketch/motorcontroller.cpp.o
                0x000000000800032e                MotorController::addMemory(float)
 .text._ZN15MotorController10meanMemoryEv
                0x0000000008000344       0x28 /var/folders/10/2gtg3c9534n7mjwvtflsvxs80000gn/T/arduino_build_722449/sketch/motorcontroller.cpp.o
                0x0000000008000344                MotorController::meanMemory()
 .text._ZN15MotorController11clearMemoryEv
                0x000000000800036c        0xe /var/folders/10/2gtg3c9534n7mjwvtflsvxs80000gn/T/arduino_build_722449/sketch/motorcontroller.cpp.o
                0x000000000800036c                MotorController::clearMemory()
 *fill*         0x000000000800037a        0x6 
 .text._ZN15MotorControllerC2EhhhP9timer_devhhhbff
                0x0000000008000380       0xb8 /var/folders/10/2gtg3c9534n7mjwvtflsvxs80000gn/T/arduino_build_722449/sketch/motorcontroller.cpp.o
                0x0000000008000380                MotorController::MotorController(unsigned char, unsigned char, unsigned char, timer_dev*, unsigned char, unsigned char, unsigned char, bool, float, float)
                0x0000000008000380                MotorController::MotorController(unsigned char, unsigned char, unsigned char, timer_dev*, unsigned char, unsigned char, unsigned char, bool, float, float)
 .text._ZN15MotorController9setRadAtSEf
                0x0000000008000438       0x40 /var/folders/10/2gtg3c9534n7mjwvtflsvxs80000gn/T/arduino_build_722449/sketch/motorcontroller.cpp.o
                0x0000000008000438                MotorController::setRadAtS(float)
 .text._ZN15MotorController6updateEv
                0x0000000008000478       0xf8 /var/folders/10/2gtg3c9534n7mjwvtflsvxs80000gn/T/arduino_build_722449/sketch/motorcontroller.cpp.o
                0x0000000008000478                MotorController::update()
 .text._ZN15MotorController4initEv
                0x0000000008000570       0x1c /var/folders/10/2gtg3c9534n7mjwvtflsvxs80000gn/T/arduino_build_722449/sketch/motorcontroller.cpp.o
                0x0000000008000570                MotorController::init()
 .text._Z5setupv
                0x000000000800058c       0x70 /var/folders/10/2gtg3c9534n7mjwvtflsvxs80000gn/T/arduino_build_722449/sketch/stm32_amr_firmware.ino.cpp.o
                0x000000000800058c                setup()
 .text._Z12updateMotorsv
                0x00000000080005fc       0x54 /var/folders/10/2gtg3c9534n7mjwvtflsvxs80000gn/T/arduino_build_722449/sketch/stm32_amr_firmware.ino.cpp.o
                0x00000000080005fc                updateMotors()
 .text._Z4tickv
                0x0000000008000650       0x1c /var/folders/10/2gtg3c9534n7mjwvtflsvxs80000gn/T/arduino_build_722449/sketch/stm32_amr_firmware.ino.cpp.o
                0x0000000008000650                tick()
 .text.startup._GLOBAL__sub_I_packeter
                0x000000000800066c       0xec /var/folders/10/2gtg3c9534n7mjwvtflsvxs80000gn/T/arduino_build_722449/sketch/stm32_amr_firmware.ino.cpp.o
 .text.exit._GLOBAL__sub_D_packeter
                0x0000000008000758        0xc /var/folders/10/2gtg3c9534n7mjwvtflsvxs80000gn/T/arduino_build_722449/sketch/stm32_amr_firmware.ino.cpp.o
 .text._Z4loopv
                0x0000000008000764       0xd8 /var/folders/10/2gtg3c9534n7mjwvtflsvxs80000gn/T/arduino_build_722449/sketch/stm32_amr_firmware.ino.cpp.o
                0x0000000008000764                loop()
 .text._ZN6ucPackC2Ehhh
                0x000000000800083c       0x2e /var/folders/10/2gtg3c9534n7mjwvtflsvxs80000gn/T/arduino_build_722449/sketch/ucPack.cpp.o
                0x000000000800083c                ucPack::ucPack(unsigned char, unsigned char, unsigned char)
                0x000000000800083c                ucPack::ucPack(unsigned char, unsigned char, unsigned char)
 .text._ZN6ucPackD2Ev
                0x000000000800086a       0x20 /var/folders/10/2gtg3c9534n7mjwvtflsvxs80000gn/T/arduino_build_722449/sketch/ucPack.cpp.o
                0x000000000800086a                ucPack::~ucPack()
                0x000000000800086a                ucPack::~ucPack()
 .text._ZN6ucPack4crc8EPKhh
                0x000000000800088a       0x3a /var/folders/10/2gtg3c9534n7mjwvtflsvxs80000gn/T/arduino_build_722449/sketch/ucPack.cpp.o
                0x000000000800088a                ucPack::crc8(unsigned char const*, unsigned char)
 .text._ZN6ucPack12checkPayloadEv
                0x00000000080008c4       0xd0 /var/folders/10/2gtg3c9534n7mjwvtflsvxs80000gn/T/arduino_build_722449/sketch/ucPack.cpp.o
                0x00000000080008c4                ucPack::checkPayload()
 .text._ZN6ucPack9packetC4FEhffff
                0x0000000008000994       0x56 /var/folders/10/2gtg3c9534n7mjwvtflsvxs80000gn/T/arduino_build_722449/sketch/ucPack.cpp.o
                0x0000000008000994                ucPack::packetC4F(unsigned char, float, float, float, float)
 .text._ZN6ucPack11unpacketC4FERhRfS1_S1_S1_
                0x00000000080009ea       0x2e /var/folders/10/2gtg3c9534n7mjwvtflsvxs80000gn/T/arduino_build_722449/sketch/ucPack.cpp.o
                0x00000000080009ea                ucPack::unpacketC4F(unsigned char&, float&, float&, float&, float&)
 .text          0x0000000008000a18       0x10 /var/folders/10/2gtg3c9534n7mjwvtflsvxs80000gn/T/arduino_build_722449/core/wirish/start.S.o
                0x0000000008000a18                __start__
 .text.start_c  0x0000000008000a28       0x64 /var/folders/10/2gtg3c9534n7mjwvtflsvxs80000gn/T/arduino_build_722449/core/wirish/start_c.c.o
                0x0000000008000a28                start_c
 .text._sbrk    0x0000000008000a8c       0x44 /var/folders/10/2gtg3c9534n7mjwvtflsvxs80000gn/T/arduino_build_722449/core/wirish/syscalls.c.o
                0x0000000008000a8c                _sbrk
 .text._exit    0x0000000008000ad0        0x2 /var/folders/10/2gtg3c9534n7mjwvtflsvxs80000gn/T/arduino_build_722449/core/wirish/syscalls.c.o
                0x0000000008000ad0                _exit
 *fill*         0x0000000008000ad2        0x2 
 .text.startup._GLOBAL__sub_I_PIN_MAP
                0x0000000008000ad4       0x74 /var/folders/10/2gtg3c9534n7mjwvtflsvxs80000gn/T/arduino_build_722449/core/board.cpp.o
 .text._ZL18adc_default_configP7adc_dev
                0x0000000008000b48       0x1c /var/folders/10/2gtg3c9534n7mjwvtflsvxs80000gn/T/arduino_build_722449/core/wirish/boards.cpp.o
 .text._ZL20timer_default_configP9timer_dev
                0x0000000008000b64       0x9e /var/folders/10/2gtg3c9534n7mjwvtflsvxs80000gn/T/arduino_build_722449/core/wirish/boards.cpp.o
 .text._Z9boardInitv
                0x0000000008000c02        0x2 /var/folders/10/2gtg3c9534n7mjwvtflsvxs80000gn/T/arduino_build_722449/core/wirish/boards.cpp.o
                0x0000000008000c02                boardInit()
 .text._Z4initv
                0x0000000008000c04       0xbc /var/folders/10/2gtg3c9534n7mjwvtflsvxs80000gn/T/arduino_build_722449/core/wirish/boards.cpp.o
                0x0000000008000c04                init()
 .text._ZN6wirish4priv15board_reset_pllEv
                0x0000000008000cc0        0x2 /var/folders/10/2gtg3c9534n7mjwvtflsvxs80000gn/T/arduino_build_722449/core/wirish/boards_setup.cpp.o
                0x0000000008000cc0                wirish::priv::board_reset_pll()
 .text._ZN6wirish4priv28board_setup_clock_prescalersEv
                0x0000000008000cc2       0x2e /var/folders/10/2gtg3c9534n7mjwvtflsvxs80000gn/T/arduino_build_722449/core/wirish/boards_setup.cpp.o
                0x0000000008000cc2                wirish::priv::board_setup_clock_prescalers()
 .text._ZN6wirish4priv16board_setup_gpioEv
                0x0000000008000cf0        0x4 /var/folders/10/2gtg3c9534n7mjwvtflsvxs80000gn/T/arduino_build_722449/core/wirish/boards_setup.cpp.o
                0x0000000008000cf0                wirish::priv::board_setup_gpio()
 .text._ZN6wirish4priv15board_setup_usbEv
                0x0000000008000cf4       0x54 /var/folders/10/2gtg3c9534n7mjwvtflsvxs80000gn/T/arduino_build_722449/core/wirish/boards_setup.cpp.o
                0x0000000008000cf4                wirish::priv::board_setup_usb()
 .text._ZN6wirish4priv11series_initEv
                0x0000000008000d48        0x4 /var/folders/10/2gtg3c9534n7mjwvtflsvxs80000gn/T/arduino_build_722449/core/wirish/boards_setup.cpp.o
                0x0000000008000d48                wirish::priv::series_init()
 *fill*         0x0000000008000d4c        0x4 
 .text          0x0000000008000d50       0x60 /var/folders/10/2gtg3c9534n7mjwvtflsvxs80000gn/T/arduino_cache_356770/core/core_55a618dc9b7696c1cbc140e0005f650c.a(exc.S.o)
                0x0000000008000d50                __exc_nmi
                0x0000000008000d54                __exc_hardfault
                0x0000000008000d58                __exc_memmanage
                0x0000000008000d5c                __exc_busfault
                0x0000000008000d60                __exc_usagefault
 .text          0x0000000008000db0        0x2 /var/folders/10/2gtg3c9534n7mjwvtflsvxs80000gn/T/arduino_cache_356770/core/core_55a618dc9b7696c1cbc140e0005f650c.a(isrs.S.o)
                0x0000000008000db0                __irq_rcc
                0x0000000008000db0                __irq_sdio
                0x0000000008000db0                __irq_fsmc
                0x0000000008000db0                __exc_debug_monitor
                0x0000000008000db0                __exc_svc
                0x0000000008000db0                __irq_can_rx1
                0x0000000008000db0                __irq_spi2
                0x0000000008000db0                __irq_can_sce
                0x0000000008000db0                __irq_pvd
                0x0000000008000db0                __irq_tamper
                0x0000000008000db0                __default_handler
                0x0000000008000db0                __irq_wwdg
                0x0000000008000db0                __stm32reservedexception10
                0x0000000008000db0                __irq_flash
                0x0000000008000db0                __stm32reservedexception13
                0x0000000008000db0                __irq_rtc
                0x0000000008000db0                __irq_spi1
                0x0000000008000db0                __stm32reservedexception7
                0x0000000008000db0                __irq_usb_hp_can_tx
                0x0000000008000db0                __irq_rtcalarm
                0x0000000008000db0                __irq_spi3
                0x0000000008000db0                __stm32reservedexception8
                0x0000000008000db0                __exc_pendsv
                0x0000000008000db0                __irq_usbwakeup
                0x0000000008000db0                __stm32reservedexception9
 .text.adc_init
                0x0000000008000db2       0x14 /var/folders/10/2gtg3c9534n7mjwvtflsvxs80000gn/T/arduino_cache_356770/core/core_55a618dc9b7696c1cbc140e0005f650c.a(adc.c.o)
                0x0000000008000db2                adc_init
 .text.adc_set_extsel
                0x0000000008000dc6       0x12 /var/folders/10/2gtg3c9534n7mjwvtflsvxs80000gn/T/arduino_cache_356770/core/core_55a618dc9b7696c1cbc140e0005f650c.a(adc.c.o)
                0x0000000008000dc6                adc_set_extsel
 .text.adc_set_sample_rate
                0x0000000008000dd8       0x30 /var/folders/10/2gtg3c9534n7mjwvtflsvxs80000gn/T/arduino_cache_356770/core/core_55a618dc9b7696c1cbc140e0005f650c.a(adc.c.o)
                0x0000000008000dd8                adc_set_sample_rate
 .text.__irq_adc
                0x0000000008000e08       0x50 /var/folders/10/2gtg3c9534n7mjwvtflsvxs80000gn/T/arduino_cache_356770/core/core_55a618dc9b7696c1cbc140e0005f650c.a(adc_f1.c.o)
                0x0000000008000e08                __irq_adc
 .text.__irq_adc3
                0x0000000008000e58       0x50 /var/folders/10/2gtg3c9534n7mjwvtflsvxs80000gn/T/arduino_cache_356770/core/core_55a618dc9b7696c1cbc140e0005f650c.a(adc_f1.c.o)
                0x0000000008000e58                __irq_adc3
 .text.adc_calibrate
                0x0000000008000ea8       0x24 /var/folders/10/2gtg3c9534n7mjwvtflsvxs80000gn/T/arduino_cache_356770/core/core_55a618dc9b7696c1cbc140e0005f650c.a(adc_f1.c.o)
                0x0000000008000ea8                adc_calibrate
 .text.adc_set_prescaler
                0x0000000008000ecc        0x8 /var/folders/10/2gtg3c9534n7mjwvtflsvxs80000gn/T/arduino_cache_356770/core/core_55a618dc9b7696c1cbc140e0005f650c.a(adc_f1.c.o)
                0x0000000008000ecc                adc_set_prescaler
 .text.adc_foreach
                0x0000000008000ed4       0x24 /var/folders/10/2gtg3c9534n7mjwvtflsvxs80000gn/T/arduino_cache_356770/core/core_55a618dc9b7696c1cbc140e0005f650c.a(adc_f1.c.o)
                0x0000000008000ed4                adc_foreach
 .text.adc_enable_single_swstart
                0x0000000008000ef8       0x36 /var/folders/10/2gtg3c9534n7mjwvtflsvxs80000gn/T/arduino_cache_356770/core/core_55a618dc9b7696c1cbc140e0005f650c.a(adc_f1.c.o)
                0x0000000008000ef8                adc_enable_single_swstart
 .text.dma_irq_handler
                0x0000000008000f2e       0x1c /var/folders/10/2gtg3c9534n7mjwvtflsvxs80000gn/T/arduino_cache_356770/core/core_55a618dc9b7696c1cbc140e0005f650c.a(dma_f1.c.o)
 *fill*         0x0000000008000f4a        0x2 
 .text.__irq_dma1_channel1
                0x0000000008000f4c       0x10 /var/folders/10/2gtg3c9534n7mjwvtflsvxs80000gn/T/arduino_cache_356770/core/core_55a618dc9b7696c1cbc140e0005f650c.a(dma_f1.c.o)
                0x0000000008000f4c                __irq_dma1_channel1
 .text.__irq_dma1_channel2
                0x0000000008000f5c       0x10 /var/folders/10/2gtg3c9534n7mjwvtflsvxs80000gn/T/arduino_cache_356770/core/core_55a618dc9b7696c1cbc140e0005f650c.a(dma_f1.c.o)
                0x0000000008000f5c                __irq_dma1_channel2
 .text.__irq_dma1_channel3
                0x0000000008000f6c       0x10 /var/folders/10/2gtg3c9534n7mjwvtflsvxs80000gn/T/arduino_cache_356770/core/core_55a618dc9b7696c1cbc140e0005f650c.a(dma_f1.c.o)
                0x0000000008000f6c                __irq_dma1_channel3
 .text.__irq_dma1_channel4
                0x0000000008000f7c       0x10 /var/folders/10/2gtg3c9534n7mjwvtflsvxs80000gn/T/arduino_cache_356770/core/core_55a618dc9b7696c1cbc140e0005f650c.a(dma_f1.c.o)
                0x0000000008000f7c                __irq_dma1_channel4
 .text.__irq_dma1_channel5
                0x0000000008000f8c       0x10 /var/folders/10/2gtg3c9534n7mjwvtflsvxs80000gn/T/arduino_cache_356770/core/core_55a618dc9b7696c1cbc140e0005f650c.a(dma_f1.c.o)
                0x0000000008000f8c                __irq_dma1_channel5
 .text.__irq_dma1_channel6
                0x0000000008000f9c       0x10 /var/folders/10/2gtg3c9534n7mjwvtflsvxs80000gn/T/arduino_cache_356770/core/core_55a618dc9b7696c1cbc140e0005f650c.a(dma_f1.c.o)
                0x0000000008000f9c                __irq_dma1_channel6
 .text.__irq_dma1_channel7
                0x0000000008000fac       0x10 /var/folders/10/2gtg3c9534n7mjwvtflsvxs80000gn/T/arduino_cache_356770/core/core_55a618dc9b7696c1cbc140e0005f650c.a(dma_f1.c.o)
                0x0000000008000fac                __irq_dma1_channel7
 .text.__irq_dma2_channel1
                0x0000000008000fbc       0x10 /var/folders/10/2gtg3c9534n7mjwvtflsvxs80000gn/T/arduino_cache_356770/core/core_55a618dc9b7696c1cbc140e0005f650c.a(dma_f1.c.o)
                0x0000000008000fbc                __irq_dma2_channel1
 .text.__irq_dma2_channel2
                0x0000000008000fcc       0x10 /var/folders/10/2gtg3c9534n7mjwvtflsvxs80000gn/T/arduino_cache_356770/core/core_55a618dc9b7696c1cbc140e0005f650c.a(dma_f1.c.o)
                0x0000000008000fcc                __irq_dma2_channel2
 .text.__irq_dma2_channel3
                0x0000000008000fdc       0x10 /var/folders/10/2gtg3c9534n7mjwvtflsvxs80000gn/T/arduino_cache_356770/core/core_55a618dc9b7696c1cbc140e0005f650c.a(dma_f1.c.o)
                0x0000000008000fdc                __irq_dma2_channel3
 .text.__irq_dma2_channel4_5
                0x0000000008000fec       0x40 /var/folders/10/2gtg3c9534n7mjwvtflsvxs80000gn/T/arduino_cache_356770/core/core_55a618dc9b7696c1cbc140e0005f650c.a(dma_f1.c.o)
                0x0000000008000fec                __irq_dma2_channel4_5
 .text.dispatch_single_exti
                0x000000000800102c       0x2c /var/folders/10/2gtg3c9534n7mjwvtflsvxs80000gn/T/arduino_cache_356770/core/core_55a618dc9b7696c1cbc140e0005f650c.a(exti.c.o)
                0x000000000800102c                dispatch_single_exti
 .text.dispatch_extis
                0x0000000008001058       0x4c /var/folders/10/2gtg3c9534n7mjwvtflsvxs80000gn/T/arduino_cache_356770/core/core_55a618dc9b7696c1cbc140e0005f650c.a(exti.c.o)
                0x0000000008001058                dispatch_extis
 .text.__irq_exti0
                0x00000000080010a4        0x6 /var/folders/10/2gtg3c9534n7mjwvtflsvxs80000gn/T/arduino_cache_356770/core/core_55a618dc9b7696c1cbc140e0005f650c.a(exti.c.o)
                0x00000000080010a4                __irq_exti0
 .text.__irq_exti1
                0x00000000080010aa        0x6 /var/folders/10/2gtg3c9534n7mjwvtflsvxs80000gn/T/arduino_cache_356770/core/core_55a618dc9b7696c1cbc140e0005f650c.a(exti.c.o)
                0x00000000080010aa                __irq_exti1
 .text.__irq_exti2
                0x00000000080010b0        0x6 /var/folders/10/2gtg3c9534n7mjwvtflsvxs80000gn/T/arduino_cache_356770/core/core_55a618dc9b7696c1cbc140e0005f650c.a(exti.c.o)
                0x00000000080010b0                __irq_exti2
 .text.__irq_exti3
                0x00000000080010b6        0x6 /var/folders/10/2gtg3c9534n7mjwvtflsvxs80000gn/T/arduino_cache_356770/core/core_55a618dc9b7696c1cbc140e0005f650c.a(exti.c.o)
                0x00000000080010b6                __irq_exti3
 .text.__irq_exti4
                0x00000000080010bc        0x6 /var/folders/10/2gtg3c9534n7mjwvtflsvxs80000gn/T/arduino_cache_356770/core/core_55a618dc9b7696c1cbc140e0005f650c.a(exti.c.o)
                0x00000000080010bc                __irq_exti4
 .text.__irq_exti9_5
                0x00000000080010c2        0x8 /var/folders/10/2gtg3c9534n7mjwvtflsvxs80000gn/T/arduino_cache_356770/core/core_55a618dc9b7696c1cbc140e0005f650c.a(exti.c.o)
                0x00000000080010c2                __irq_exti9_5
 .text.__irq_exti15_10
                0x00000000080010ca        0x8 /var/folders/10/2gtg3c9534n7mjwvtflsvxs80000gn/T/arduino_cache_356770/core/core_55a618dc9b7696c1cbc140e0005f650c.a(exti.c.o)
                0x00000000080010ca                __irq_exti15_10
 *fill*         0x00000000080010d2        0x2 
 .text.flash_set_latency
                0x00000000080010d4       0x14 /var/folders/10/2gtg3c9534n7mjwvtflsvxs80000gn/T/arduino_cache_356770/core/core_55a618dc9b7696c1cbc140e0005f650c.a(flash.c.o)
                0x00000000080010d4                flash_set_latency
 .text.gpio_init_all
                0x00000000080010e8       0x30 /var/folders/10/2gtg3c9534n7mjwvtflsvxs80000gn/T/arduino_cache_356770/core/core_55a618dc9b7696c1cbc140e0005f650c.a(gpio_f1.c.o)
                0x00000000080010e8                gpio_init_all
 .text.gpio_set_mode
                0x0000000008001118       0x50 /var/folders/10/2gtg3c9534n7mjwvtflsvxs80000gn/T/arduino_cache_356770/core/core_55a618dc9b7696c1cbc140e0005f650c.a(gpio_f1.c.o)
                0x0000000008001118                gpio_set_mode
 .text.afio_init
                0x0000000008001168       0x12 /var/folders/10/2gtg3c9534n7mjwvtflsvxs80000gn/T/arduino_cache_356770/core/core_55a618dc9b7696c1cbc140e0005f650c.a(gpio_f1.c.o)
                0x0000000008001168                afio_init
 *fill*         0x000000000800117a        0x2 
 .text.afio_remap
                0x000000000800117c       0x20 /var/folders/10/2gtg3c9534n7mjwvtflsvxs80000gn/T/arduino_cache_356770/core/core_55a618dc9b7696c1cbc140e0005f650c.a(gpio_f1.c.o)
                0x000000000800117c                afio_remap
 .text.__irq_i2c1_ev
                0x000000000800119c        0xc /var/folders/10/2gtg3c9534n7mjwvtflsvxs80000gn/T/arduino_cache_356770/core/core_55a618dc9b7696c1cbc140e0005f650c.a(i2c_f1.c.o)
                0x000000000800119c                __irq_i2c1_ev
 .text.__irq_i2c2_ev
                0x00000000080011a8        0xc /var/folders/10/2gtg3c9534n7mjwvtflsvxs80000gn/T/arduino_cache_356770/core/core_55a618dc9b7696c1cbc140e0005f650c.a(i2c_f1.c.o)
                0x00000000080011a8                __irq_i2c2_ev
 .text.__irq_i2c1_er
                0x00000000080011b4        0xc /var/folders/10/2gtg3c9534n7mjwvtflsvxs80000gn/T/arduino_cache_356770/core/core_55a618dc9b7696c1cbc140e0005f650c.a(i2c_f1.c.o)
                0x00000000080011b4                __irq_i2c1_er
 .text.__irq_i2c2_er
                0x00000000080011c0        0xc /var/folders/10/2gtg3c9534n7mjwvtflsvxs80000gn/T/arduino_cache_356770/core/core_55a618dc9b7696c1cbc140e0005f650c.a(i2c_f1.c.o)
                0x00000000080011c0                __irq_i2c2_er
 .text.nvic_irq_set_priority
                0x00000000080011cc       0x28 /var/folders/10/2gtg3c9534n7mjwvtflsvxs80000gn/T/arduino_cache_356770/core/core_55a618dc9b7696c1cbc140e0005f650c.a(nvic.c.o)
                0x00000000080011cc                nvic_irq_set_priority
 .text.nvic_init
                0x00000000080011f4       0x30 /var/folders/10/2gtg3c9534n7mjwvtflsvxs80000gn/T/arduino_cache_356770/core/core_55a618dc9b7696c1cbc140e0005f650c.a(nvic.c.o)
                0x00000000080011f4                nvic_init
 .text.nvic_sys_reset
                0x0000000008001224       0x1c /var/folders/10/2gtg3c9534n7mjwvtflsvxs80000gn/T/arduino_cache_356770/core/core_55a618dc9b7696c1cbc140e0005f650c.a(nvic.c.o)
                0x0000000008001224                nvic_sys_reset
 .text.rcc_dev_clk
                0x0000000008001240        0xc /var/folders/10/2gtg3c9534n7mjwvtflsvxs80000gn/T/arduino_cache_356770/core/core_55a618dc9b7696c1cbc140e0005f650c.a(rcc.c.o)
                0x0000000008001240                rcc_dev_clk
 .text.rcc_switch_sysclk
                0x000000000800124c       0x20 /var/folders/10/2gtg3c9534n7mjwvtflsvxs80000gn/T/arduino_cache_356770/core/core_55a618dc9b7696c1cbc140e0005f650c.a(rcc.c.o)
                0x000000000800124c                rcc_switch_sysclk
 .text.rcc_turn_on_clk
                0x000000000800126c       0x1a /var/folders/10/2gtg3c9534n7mjwvtflsvxs80000gn/T/arduino_cache_356770/core/core_55a618dc9b7696c1cbc140e0005f650c.a(rcc.c.o)
                0x000000000800126c                rcc_turn_on_clk
 .text.rcc_turn_off_clk
                0x0000000008001286       0x1c /var/folders/10/2gtg3c9534n7mjwvtflsvxs80000gn/T/arduino_cache_356770/core/core_55a618dc9b7696c1cbc140e0005f650c.a(rcc.c.o)
                0x0000000008001286                rcc_turn_off_clk
 .text.rcc_is_clk_ready
                0x00000000080012a2       0x18 /var/folders/10/2gtg3c9534n7mjwvtflsvxs80000gn/T/arduino_cache_356770/core/core_55a618dc9b7696c1cbc140e0005f650c.a(rcc.c.o)
                0x00000000080012a2                rcc_is_clk_ready
 *fill*         0x00000000080012ba        0x2 
 .text.rcc_configure_pll
                0x00000000080012bc       0x18 /var/folders/10/2gtg3c9534n7mjwvtflsvxs80000gn/T/arduino_cache_356770/core/core_55a618dc9b7696c1cbc140e0005f650c.a(rcc_f1.c.o)
                0x00000000080012bc                rcc_configure_pll
 .text.rcc_clk_enable
                0x00000000080012d4       0x30 /var/folders/10/2gtg3c9534n7mjwvtflsvxs80000gn/T/arduino_cache_356770/core/core_55a618dc9b7696c1cbc140e0005f650c.a(rcc_f1.c.o)
                0x00000000080012d4                rcc_clk_enable
 .text.rcc_reset_dev
                0x0000000008001304       0x34 /var/folders/10/2gtg3c9534n7mjwvtflsvxs80000gn/T/arduino_cache_356770/core/core_55a618dc9b7696c1cbc140e0005f650c.a(rcc_f1.c.o)
                0x0000000008001304                rcc_reset_dev
 .text.rcc_set_prescaler
                0x0000000008001338       0x20 /var/folders/10/2gtg3c9534n7mjwvtflsvxs80000gn/T/arduino_cache_356770/core/core_55a618dc9b7696c1cbc140e0005f650c.a(rcc_f1.c.o)
                0x0000000008001338                rcc_set_prescaler
 .text.rcc_clk_disable
                0x0000000008001358       0x30 /var/folders/10/2gtg3c9534n7mjwvtflsvxs80000gn/T/arduino_cache_356770/core/core_55a618dc9b7696c1cbc140e0005f650c.a(rcc_f1.c.o)
                0x0000000008001358                rcc_clk_disable
 .text.systick_init
                0x0000000008001388       0x10 /var/folders/10/2gtg3c9534n7mjwvtflsvxs80000gn/T/arduino_cache_356770/core/core_55a618dc9b7696c1cbc140e0005f650c.a(systick.c.o)
                0x0000000008001388                systick_init
 .text.systick_attach_callback
                0x0000000008001398        0xc /var/folders/10/2gtg3c9534n7mjwvtflsvxs80000gn/T/arduino_cache_356770/core/core_55a618dc9b7696c1cbc140e0005f650c.a(systick.c.o)
                0x0000000008001398                systick_attach_callback
 .text.__exc_systick
                0x00000000080013a4       0x1c /var/folders/10/2gtg3c9534n7mjwvtflsvxs80000gn/T/arduino_cache_356770/core/core_55a618dc9b7696c1cbc140e0005f650c.a(systick.c.o)
                0x00000000080013a4                __exc_systick
 .text.timer_oc_set_mode
                0x00000000080013c0       0x3a /var/folders/10/2gtg3c9534n7mjwvtflsvxs80000gn/T/arduino_cache_356770/core/core_55a618dc9b7696c1cbc140e0005f650c.a(timer.c.o)
 .text.dispatch_single_irq
                0x00000000080013fa       0x20 /var/folders/10/2gtg3c9534n7mjwvtflsvxs80000gn/T/arduino_cache_356770/core/core_55a618dc9b7696c1cbc140e0005f650c.a(timer.c.o)
 .text.dispatch_adv_trg_com
                0x000000000800141a       0x2e /var/folders/10/2gtg3c9534n7mjwvtflsvxs80000gn/T/arduino_cache_356770/core/core_55a618dc9b7696c1cbc140e0005f650c.a(timer.c.o)
 .text.dispatch_adv_cc
                0x0000000008001448       0x4a /var/folders/10/2gtg3c9534n7mjwvtflsvxs80000gn/T/arduino_cache_356770/core/core_55a618dc9b7696c1cbc140e0005f650c.a(timer.c.o)
 .text.dispatch_general
                0x0000000008001492       0x66 /var/folders/10/2gtg3c9534n7mjwvtflsvxs80000gn/T/arduino_cache_356770/core/core_55a618dc9b7696c1cbc140e0005f650c.a(timer.c.o)
 .text.timer_cc_enable
                0x00000000080014f8       0x1c /var/folders/10/2gtg3c9534n7mjwvtflsvxs80000gn/T/arduino_cache_356770/core/core_55a618dc9b7696c1cbc140e0005f650c.a(timer.c.o)
 .text.timer_foreach
                0x0000000008001514       0x48 /var/folders/10/2gtg3c9534n7mjwvtflsvxs80000gn/T/arduino_cache_356770/core/core_55a618dc9b7696c1cbc140e0005f650c.a(timer.c.o)
                0x0000000008001514                timer_foreach
 .text.timer_init
                0x000000000800155c       0x14 /var/folders/10/2gtg3c9534n7mjwvtflsvxs80000gn/T/arduino_cache_356770/core/core_55a618dc9b7696c1cbc140e0005f650c.a(timer.c.o)
                0x000000000800155c                timer_init
 .text.timer_has_cc_channel
                0x0000000008001570       0x30 /var/folders/10/2gtg3c9534n7mjwvtflsvxs80000gn/T/arduino_cache_356770/core/core_55a618dc9b7696c1cbc140e0005f650c.a(timer.c.o)
                0x0000000008001570                timer_has_cc_channel
 .text.timer_detach_interrupt
                0x00000000080015a0       0x1e /var/folders/10/2gtg3c9534n7mjwvtflsvxs80000gn/T/arduino_cache_356770/core/core_55a618dc9b7696c1cbc140e0005f650c.a(timer.c.o)
                0x00000000080015a0                timer_detach_interrupt
 .text.input_capture_mode
                0x00000000080015be       0x1a /var/folders/10/2gtg3c9534n7mjwvtflsvxs80000gn/T/arduino_cache_356770/core/core_55a618dc9b7696c1cbc140e0005f650c.a(timer.c.o)
                0x00000000080015be                input_capture_mode
 .text.timer_set_mode
                0x00000000080015d8       0x8c /var/folders/10/2gtg3c9534n7mjwvtflsvxs80000gn/T/arduino_cache_356770/core/core_55a618dc9b7696c1cbc140e0005f650c.a(timer.c.o)
                0x00000000080015d8                timer_set_mode
 .text.__irq_tim1_brk
                0x0000000008001664       0x10 /var/folders/10/2gtg3c9534n7mjwvtflsvxs80000gn/T/arduino_cache_356770/core/core_55a618dc9b7696c1cbc140e0005f650c.a(timer.c.o)
                0x0000000008001664                __irq_tim1_brk
 .text.__irq_tim1_up
                0x0000000008001674       0x10 /var/folders/10/2gtg3c9534n7mjwvtflsvxs80000gn/T/arduino_cache_356770/core/core_55a618dc9b7696c1cbc140e0005f650c.a(timer.c.o)
                0x0000000008001674                __irq_tim1_up
 .text.__irq_tim1_trg_com
                0x0000000008001684        0xc /var/folders/10/2gtg3c9534n7mjwvtflsvxs80000gn/T/arduino_cache_356770/core/core_55a618dc9b7696c1cbc140e0005f650c.a(timer.c.o)
                0x0000000008001684                __irq_tim1_trg_com
 .text.__irq_tim1_cc
                0x0000000008001690        0xc /var/folders/10/2gtg3c9534n7mjwvtflsvxs80000gn/T/arduino_cache_356770/core/core_55a618dc9b7696c1cbc140e0005f650c.a(timer.c.o)
                0x0000000008001690                __irq_tim1_cc
 .text.__irq_tim2
                0x000000000800169c        0xc /var/folders/10/2gtg3c9534n7mjwvtflsvxs80000gn/T/arduino_cache_356770/core/core_55a618dc9b7696c1cbc140e0005f650c.a(timer.c.o)
                0x000000000800169c                __irq_tim2
 .text.__irq_tim3
                0x00000000080016a8        0xc /var/folders/10/2gtg3c9534n7mjwvtflsvxs80000gn/T/arduino_cache_356770/core/core_55a618dc9b7696c1cbc140e0005f650c.a(timer.c.o)
                0x00000000080016a8                __irq_tim3
 .text.__irq_tim4
                0x00000000080016b4        0xc /var/folders/10/2gtg3c9534n7mjwvtflsvxs80000gn/T/arduino_cache_356770/core/core_55a618dc9b7696c1cbc140e0005f650c.a(timer.c.o)
                0x00000000080016b4                __irq_tim4
 .text.__irq_tim5
                0x00000000080016c0        0xc /var/folders/10/2gtg3c9534n7mjwvtflsvxs80000gn/T/arduino_cache_356770/core/core_55a618dc9b7696c1cbc140e0005f650c.a(timer.c.o)
                0x00000000080016c0                __irq_tim5
 .text.__irq_tim6
                0x00000000080016cc       0x10 /var/folders/10/2gtg3c9534n7mjwvtflsvxs80000gn/T/arduino_cache_356770/core/core_55a618dc9b7696c1cbc140e0005f650c.a(timer.c.o)
                0x00000000080016cc                __irq_tim6
 .text.__irq_tim7
                0x00000000080016dc       0x10 /var/folders/10/2gtg3c9534n7mjwvtflsvxs80000gn/T/arduino_cache_356770/core/core_55a618dc9b7696c1cbc140e0005f650c.a(timer.c.o)
                0x00000000080016dc                __irq_tim7
 .text.__irq_tim8_brk
                0x00000000080016ec       0x10 /var/folders/10/2gtg3c9534n7mjwvtflsvxs80000gn/T/arduino_cache_356770/core/core_55a618dc9b7696c1cbc140e0005f650c.a(timer.c.o)
                0x00000000080016ec                __irq_tim8_brk
 .text.__irq_tim8_up
                0x00000000080016fc       0x10 /var/folders/10/2gtg3c9534n7mjwvtflsvxs80000gn/T/arduino_cache_356770/core/core_55a618dc9b7696c1cbc140e0005f650c.a(timer.c.o)
                0x00000000080016fc                __irq_tim8_up
 .text.__irq_tim8_trg_com
                0x000000000800170c        0xc /var/folders/10/2gtg3c9534n7mjwvtflsvxs80000gn/T/arduino_cache_356770/core/core_55a618dc9b7696c1cbc140e0005f650c.a(timer.c.o)
                0x000000000800170c                __irq_tim8_trg_com
 .text.__irq_tim8_cc
                0x0000000008001718        0xc /var/folders/10/2gtg3c9534n7mjwvtflsvxs80000gn/T/arduino_cache_356770/core/core_55a618dc9b7696c1cbc140e0005f650c.a(timer.c.o)
                0x0000000008001718                __irq_tim8_cc
 .text.usart_irq
                0x0000000008001724       0xc8 /var/folders/10/2gtg3c9534n7mjwvtflsvxs80000gn/T/arduino_cache_356770/core/core_55a618dc9b7696c1cbc140e0005f650c.a(usart_f1.c.o)
 .text.usart_config_gpios_async
                0x00000000080017ec       0x4a /var/folders/10/2gtg3c9534n7mjwvtflsvxs80000gn/T/arduino_cache_356770/core/core_55a618dc9b7696c1cbc140e0005f650c.a(usart_f1.c.o)
                0x00000000080017ec                usart_config_gpios_async
 .text.usart_set_baud_rate
                0x0000000008001836       0x3c /var/folders/10/2gtg3c9534n7mjwvtflsvxs80000gn/T/arduino_cache_356770/core/core_55a618dc9b7696c1cbc140e0005f650c.a(usart_f1.c.o)
                0x0000000008001836                usart_set_baud_rate
 *fill*         0x0000000008001872        0x2 
 .text.__irq_usart1
                0x0000000008001874       0x18 /var/folders/10/2gtg3c9534n7mjwvtflsvxs80000gn/T/arduino_cache_356770/core/core_55a618dc9b7696c1cbc140e0005f650c.a(usart_f1.c.o)
                0x0000000008001874                __irq_usart1
 .text.__irq_usart2
                0x000000000800188c       0x18 /var/folders/10/2gtg3c9534n7mjwvtflsvxs80000gn/T/arduino_cache_356770/core/core_55a618dc9b7696c1cbc140e0005f650c.a(usart_f1.c.o)
                0x000000000800188c                __irq_usart2
 .text.__irq_usart3
                0x00000000080018a4       0x18 /var/folders/10/2gtg3c9534n7mjwvtflsvxs80000gn/T/arduino_cache_356770/core/core_55a618dc9b7696c1cbc140e0005f650c.a(usart_f1.c.o)
                0x00000000080018a4                __irq_usart3
 .text.__irq_uart4
                0x00000000080018bc       0x18 /var/folders/10/2gtg3c9534n7mjwvtflsvxs80000gn/T/arduino_cache_356770/core/core_55a618dc9b7696c1cbc140e0005f650c.a(usart_f1.c.o)
                0x00000000080018bc                __irq_uart4
 .text.__irq_uart5
                0x00000000080018d4       0x18 /var/folders/10/2gtg3c9534n7mjwvtflsvxs80000gn/T/arduino_cache_356770/core/core_55a618dc9b7696c1cbc140e0005f650c.a(usart_f1.c.o)
                0x00000000080018d4                __irq_uart5
 .text._usart_clock_freq
                0x00000000080018ec       0x24 /var/folders/10/2gtg3c9534n7mjwvtflsvxs80000gn/T/arduino_cache_356770/core/core_55a618dc9b7696c1cbc140e0005f650c.a(usart_private.c.o)
                0x00000000080018ec                _usart_clock_freq
 .text.usb_resume
                0x0000000008001910       0xb4 /var/folders/10/2gtg3c9534n7mjwvtflsvxs80000gn/T/arduino_cache_356770/core/core_55a618dc9b7696c1cbc140e0005f650c.a(usb.c.o)
 .text.usb_init_usblib
                0x00000000080019c4       0x48 /var/folders/10/2gtg3c9534n7mjwvtflsvxs80000gn/T/arduino_cache_356770/core/core_55a618dc9b7696c1cbc140e0005f650c.a(usb.c.o)
                0x00000000080019c4                usb_init_usblib
 .text.__irq_usb_lp_can_rx0
                0x0000000008001a0c      0x1c8 /var/folders/10/2gtg3c9534n7mjwvtflsvxs80000gn/T/arduino_cache_356770/core/core_55a618dc9b7696c1cbc140e0005f650c.a(usb.c.o)
                0x0000000008001a0c                __irq_usb_lp_can_rx0
 .text.usb_set_ep_rx_stat
                0x0000000008001bd4       0x22 /var/folders/10/2gtg3c9534n7mjwvtflsvxs80000gn/T/arduino_cache_356770/core/core_55a618dc9b7696c1cbc140e0005f650c.a(usb_cdcacm.c.o)
 *fill*         0x0000000008001bf6        0x2 
 .text.vcomGetSetLineCoding
                0x0000000008001bf8       0x18 /var/folders/10/2gtg3c9534n7mjwvtflsvxs80000gn/T/arduino_cache_356770/core/core_55a618dc9b7696c1cbc140e0005f650c.a(usb_cdcacm.c.o)
 .text.usbDataSetup
                0x0000000008001c10       0x54 /var/folders/10/2gtg3c9534n7mjwvtflsvxs80000gn/T/arduino_cache_356770/core/core_55a618dc9b7696c1cbc140e0005f650c.a(usb_cdcacm.c.o)
 .text.usbNoDataSetup
                0x0000000008001c64       0x50 /var/folders/10/2gtg3c9534n7mjwvtflsvxs80000gn/T/arduino_cache_356770/core/core_55a618dc9b7696c1cbc140e0005f650c.a(usb_cdcacm.c.o)
 .text.usbGetInterfaceSetting
                0x0000000008001cb4       0x10 /var/folders/10/2gtg3c9534n7mjwvtflsvxs80000gn/T/arduino_cache_356770/core/core_55a618dc9b7696c1cbc140e0005f650c.a(usb_cdcacm.c.o)
 .text.usbSetConfiguration
                0x0000000008001cc4       0x1c /var/folders/10/2gtg3c9534n7mjwvtflsvxs80000gn/T/arduino_cache_356770/core/core_55a618dc9b7696c1cbc140e0005f650c.a(usb_cdcacm.c.o)
 .text.usbSetDeviceAddress
                0x0000000008001ce0       0x10 /var/folders/10/2gtg3c9534n7mjwvtflsvxs80000gn/T/arduino_cache_356770/core/core_55a618dc9b7696c1cbc140e0005f650c.a(usb_cdcacm.c.o)
 .text.usbGetStringDescriptor
                0x0000000008001cf0       0x20 /var/folders/10/2gtg3c9534n7mjwvtflsvxs80000gn/T/arduino_cache_356770/core/core_55a618dc9b7696c1cbc140e0005f650c.a(usb_cdcacm.c.o)
 .text.usbGetConfigDescriptor
                0x0000000008001d10        0xc /var/folders/10/2gtg3c9534n7mjwvtflsvxs80000gn/T/arduino_cache_356770/core/core_55a618dc9b7696c1cbc140e0005f650c.a(usb_cdcacm.c.o)
 .text.usbGetDeviceDescriptor
                0x0000000008001d1c        0xc /var/folders/10/2gtg3c9534n7mjwvtflsvxs80000gn/T/arduino_cache_356770/core/core_55a618dc9b7696c1cbc140e0005f650c.a(usb_cdcacm.c.o)
 .text.usbInit  0x0000000008001d28       0x44 /var/folders/10/2gtg3c9534n7mjwvtflsvxs80000gn/T/arduino_cache_356770/core/core_55a618dc9b7696c1cbc140e0005f650c.a(usb_cdcacm.c.o)
 .text.vcomDataTxCb
                0x0000000008001d6c       0xa0 /var/folders/10/2gtg3c9534n7mjwvtflsvxs80000gn/T/arduino_cache_356770/core/core_55a618dc9b7696c1cbc140e0005f650c.a(usb_cdcacm.c.o)
 .text.usbReset
                0x0000000008001e0c      0x160 /var/folders/10/2gtg3c9534n7mjwvtflsvxs80000gn/T/arduino_cache_356770/core/core_55a618dc9b7696c1cbc140e0005f650c.a(usb_cdcacm.c.o)
 .text.vcomDataRxCb
                0x0000000008001f6c       0x7c /var/folders/10/2gtg3c9534n7mjwvtflsvxs80000gn/T/arduino_cache_356770/core/core_55a618dc9b7696c1cbc140e0005f650c.a(usb_cdcacm.c.o)
 .text.usb_cdcacm_set_hooks
                0x0000000008001fe8       0x1c /var/folders/10/2gtg3c9534n7mjwvtflsvxs80000gn/T/arduino_cache_356770/core/core_55a618dc9b7696c1cbc140e0005f650c.a(usb_cdcacm.c.o)
                0x0000000008001fe8                usb_cdcacm_set_hooks
 .text.usb_cdcacm_enable
                0x0000000008002004       0x38 /var/folders/10/2gtg3c9534n7mjwvtflsvxs80000gn/T/arduino_cache_356770/core/core_55a618dc9b7696c1cbc140e0005f650c.a(usb_cdcacm.c.o)
                0x0000000008002004                usb_cdcacm_enable
 .text.usb_cdcacm_tx
                0x000000000800203c       0x60 /var/folders/10/2gtg3c9534n7mjwvtflsvxs80000gn/T/arduino_cache_356770/core/core_55a618dc9b7696c1cbc140e0005f650c.a(usb_cdcacm.c.o)
                0x000000000800203c                usb_cdcacm_tx
 .text.usb_cdcacm_data_available
                0x000000000800209c       0x18 /var/folders/10/2gtg3c9534n7mjwvtflsvxs80000gn/T/arduino_cache_356770/core/core_55a618dc9b7696c1cbc140e0005f650c.a(usb_cdcacm.c.o)
                0x000000000800209c                usb_cdcacm_data_available
 .text.usb_cdcacm_peek
                0x00000000080020b4       0x38 /var/folders/10/2gtg3c9534n7mjwvtflsvxs80000gn/T/arduino_cache_356770/core/core_55a618dc9b7696c1cbc140e0005f650c.a(usb_cdcacm.c.o)
                0x00000000080020b4                usb_cdcacm_peek
 .text.usb_cdcacm_rx
                0x00000000080020ec       0x34 /var/folders/10/2gtg3c9534n7mjwvtflsvxs80000gn/T/arduino_cache_356770/core/core_55a618dc9b7696c1cbc140e0005f650c.a(usb_cdcacm.c.o)
                0x00000000080020ec                usb_cdcacm_rx
 .text.usb_cdcacm_peek_ex
                0x0000000008002120       0x3c /var/folders/10/2gtg3c9534n7mjwvtflsvxs80000gn/T/arduino_cache_356770/core/core_55a618dc9b7696c1cbc140e0005f650c.a(usb_cdcacm.c.o)
                0x0000000008002120                usb_cdcacm_peek_ex
 .text.usb_cdcacm_get_dtr
                0x000000000800215c       0x10 /var/folders/10/2gtg3c9534n7mjwvtflsvxs80000gn/T/arduino_cache_356770/core/core_55a618dc9b7696c1cbc140e0005f650c.a(usb_cdcacm.c.o)
                0x000000000800215c                usb_cdcacm_get_dtr
 .text.usb_set_ep_rx_count
                0x000000000800216c       0x4c /var/folders/10/2gtg3c9534n7mjwvtflsvxs80000gn/T/arduino_cache_356770/core/core_55a618dc9b7696c1cbc140e0005f650c.a(usb_reg_map.c.o)
                0x000000000800216c                usb_set_ep_rx_count
 .text.Standard_GetConfiguration
                0x00000000080021b8       0x24 /var/folders/10/2gtg3c9534n7mjwvtflsvxs80000gn/T/arduino_cache_356770/core/core_55a618dc9b7696c1cbc140e0005f650c.a(usb_core.c.o)
                0x00000000080021b8                Standard_GetConfiguration
 .text.Standard_GetInterface
                0x00000000080021dc       0x24 /var/folders/10/2gtg3c9534n7mjwvtflsvxs80000gn/T/arduino_cache_356770/core/core_55a618dc9b7696c1cbc140e0005f650c.a(usb_core.c.o)
                0x00000000080021dc                Standard_GetInterface
 .text.Standard_GetStatus
                0x0000000008002200       0x90 /var/folders/10/2gtg3c9534n7mjwvtflsvxs80000gn/T/arduino_cache_356770/core/core_55a618dc9b7696c1cbc140e0005f650c.a(usb_core.c.o)
                0x0000000008002200                Standard_GetStatus
 .text.DataStageIn
                0x0000000008002290       0xa8 /var/folders/10/2gtg3c9534n7mjwvtflsvxs80000gn/T/arduino_cache_356770/core/core_55a618dc9b7696c1cbc140e0005f650c.a(usb_core.c.o)
 .text.Standard_SetConfiguration
                0x0000000008002338       0x38 /var/folders/10/2gtg3c9534n7mjwvtflsvxs80000gn/T/arduino_cache_356770/core/core_55a618dc9b7696c1cbc140e0005f650c.a(usb_core.c.o)
                0x0000000008002338                Standard_SetConfiguration
 .text.Standard_SetInterface
                0x0000000008002370       0x48 /var/folders/10/2gtg3c9534n7mjwvtflsvxs80000gn/T/arduino_cache_356770/core/core_55a618dc9b7696c1cbc140e0005f650c.a(usb_core.c.o)
                0x0000000008002370                Standard_SetInterface
 .text.Standard_ClearFeature
                0x00000000080023b8       0xd0 /var/folders/10/2gtg3c9534n7mjwvtflsvxs80000gn/T/arduino_cache_356770/core/core_55a618dc9b7696c1cbc140e0005f650c.a(usb_core.c.o)
                0x00000000080023b8                Standard_ClearFeature
 .text.Standard_SetEndPointFeature
                0x0000000008002488       0x84 /var/folders/10/2gtg3c9534n7mjwvtflsvxs80000gn/T/arduino_cache_356770/core/core_55a618dc9b7696c1cbc140e0005f650c.a(usb_core.c.o)
                0x0000000008002488                Standard_SetEndPointFeature
 .text.Standard_SetDeviceFeature
                0x000000000800250c       0x24 /var/folders/10/2gtg3c9534n7mjwvtflsvxs80000gn/T/arduino_cache_356770/core/core_55a618dc9b7696c1cbc140e0005f650c.a(usb_core.c.o)
                0x000000000800250c                Standard_SetDeviceFeature
 .text.Standard_GetDescriptorData
                0x0000000008002530       0x1c /var/folders/10/2gtg3c9534n7mjwvtflsvxs80000gn/T/arduino_cache_356770/core/core_55a618dc9b7696c1cbc140e0005f650c.a(usb_core.c.o)
                0x0000000008002530                Standard_GetDescriptorData
 .text.Post0_Process
                0x000000000800254c       0x40 /var/folders/10/2gtg3c9534n7mjwvtflsvxs80000gn/T/arduino_cache_356770/core/core_55a618dc9b7696c1cbc140e0005f650c.a(usb_core.c.o)
                0x000000000800254c                Post0_Process
 .text.Setup0_Process
                0x000000000800258c      0x2d0 /var/folders/10/2gtg3c9534n7mjwvtflsvxs80000gn/T/arduino_cache_356770/core/core_55a618dc9b7696c1cbc140e0005f650c.a(usb_core.c.o)
                0x000000000800258c                Setup0_Process
 .text.Out0_Process
                0x000000000800285c       0xc8 /var/folders/10/2gtg3c9534n7mjwvtflsvxs80000gn/T/arduino_cache_356770/core/core_55a618dc9b7696c1cbc140e0005f650c.a(usb_core.c.o)
                0x000000000800285c                Out0_Process
 .text.SetDeviceAddress
                0x0000000008002924       0x38 /var/folders/10/2gtg3c9534n7mjwvtflsvxs80000gn/T/arduino_cache_356770/core/core_55a618dc9b7696c1cbc140e0005f650c.a(usb_core.c.o)
                0x0000000008002924                SetDeviceAddress
 .text.In0_Process
                0x000000000800295c       0x5c /var/folders/10/2gtg3c9534n7mjwvtflsvxs80000gn/T/arduino_cache_356770/core/core_55a618dc9b7696c1cbc140e0005f650c.a(usb_core.c.o)
                0x000000000800295c                In0_Process
 .text.NOP_Process
                0x00000000080029b8        0x2 /var/folders/10/2gtg3c9534n7mjwvtflsvxs80000gn/T/arduino_cache_356770/core/core_55a618dc9b7696c1cbc140e0005f650c.a(usb_core.c.o)
                0x00000000080029b8                NOP_Process
 .text.UserToPMABufferCopy
                0x00000000080029ba       0x30 /var/folders/10/2gtg3c9534n7mjwvtflsvxs80000gn/T/arduino_cache_356770/core/core_55a618dc9b7696c1cbc140e0005f650c.a(usb_mem.c.o)
                0x00000000080029ba                UserToPMABufferCopy
 .text.PMAToUserBufferCopy
                0x00000000080029ea       0x32 /var/folders/10/2gtg3c9534n7mjwvtflsvxs80000gn/T/arduino_cache_356770/core/core_55a618dc9b7696c1cbc140e0005f650c.a(usb_mem.c.o)
                0x00000000080029ea                PMAToUserBufferCopy
 .text.SetEPTxStatus
                0x0000000008002a1c       0x2a /var/folders/10/2gtg3c9534n7mjwvtflsvxs80000gn/T/arduino_cache_356770/core/core_55a618dc9b7696c1cbc140e0005f650c.a(usb_regs.c.o)
                0x0000000008002a1c                SetEPTxStatus
 .text.ClearDTOG_RX
                0x0000000008002a46       0x20 /var/folders/10/2gtg3c9534n7mjwvtflsvxs80000gn/T/arduino_cache_356770/core/core_55a618dc9b7696c1cbc140e0005f650c.a(usb_regs.c.o)
                0x0000000008002a46                ClearDTOG_RX
 .text.ClearDTOG_TX
                0x0000000008002a66       0x20 /var/folders/10/2gtg3c9534n7mjwvtflsvxs80000gn/T/arduino_cache_356770/core/core_55a618dc9b7696c1cbc140e0005f650c.a(usb_regs.c.o)
                0x0000000008002a66                ClearDTOG_TX
 *fill*         0x0000000008002a86        0x2 
 .text.GetEPTxAddr
                0x0000000008002a88       0x1c /var/folders/10/2gtg3c9534n7mjwvtflsvxs80000gn/T/arduino_cache_356770/core/core_55a618dc9b7696c1cbc140e0005f650c.a(usb_regs.c.o)
                0x0000000008002a88                GetEPTxAddr
 .text.GetEPRxAddr
                0x0000000008002aa4       0x1c /var/folders/10/2gtg3c9534n7mjwvtflsvxs80000gn/T/arduino_cache_356770/core/core_55a618dc9b7696c1cbc140e0005f650c.a(usb_regs.c.o)
                0x0000000008002aa4                GetEPRxAddr
 .text.SetEPTxCount
                0x0000000008002ac0       0x1c /var/folders/10/2gtg3c9534n7mjwvtflsvxs80000gn/T/arduino_cache_356770/core/core_55a618dc9b7696c1cbc140e0005f650c.a(usb_regs.c.o)
                0x0000000008002ac0                SetEPTxCount
 .text.SetEPRxCount
                0x0000000008002adc       0x40 /var/folders/10/2gtg3c9534n7mjwvtflsvxs80000gn/T/arduino_cache_356770/core/core_55a618dc9b7696c1cbc140e0005f650c.a(usb_regs.c.o)
                0x0000000008002adc                SetEPRxCount
 .text.throb    0x0000000008002b1c       0x4c /var/folders/10/2gtg3c9534n7mjwvtflsvxs80000gn/T/arduino_cache_356770/core/core_55a618dc9b7696c1cbc140e0005f650c.a(util.c.o)
                0x0000000008002b1c                throb
 .text.__error  0x0000000008002b68       0x14 /var/folders/10/2gtg3c9534n7mjwvtflsvxs80000gn/T/arduino_cache_356770/core/core_55a618dc9b7696c1cbc140e0005f650c.a(util.c.o)
                0x0000000008002b68                __error
 .text.rb_full_count
                0x0000000008002b7c       0x22 /var/folders/10/2gtg3c9534n7mjwvtflsvxs80000gn/T/arduino_cache_356770/core/core_55a618dc9b7696c1cbc140e0005f650c.a(HardwareSerial.cpp.o)
 .text._ZN14HardwareSerial4readEv
                0x0000000008002b9e       0x3a /var/folders/10/2gtg3c9534n7mjwvtflsvxs80000gn/T/arduino_cache_356770/core/core_55a618dc9b7696c1cbc140e0005f650c.a(HardwareSerial.cpp.o)
                0x0000000008002b9e                HardwareSerial::read()
 .text._ZN14HardwareSerial9availableEv
                0x0000000008002bd8        0xc /var/folders/10/2gtg3c9534n7mjwvtflsvxs80000gn/T/arduino_cache_356770/core/core_55a618dc9b7696c1cbc140e0005f650c.a(HardwareSerial.cpp.o)
                0x0000000008002bd8                HardwareSerial::available()
 .text._ZN14HardwareSerial4peekEv
                0x0000000008002be4       0x22 /var/folders/10/2gtg3c9534n7mjwvtflsvxs80000gn/T/arduino_cache_356770/core/core_55a618dc9b7696c1cbc140e0005f650c.a(HardwareSerial.cpp.o)
                0x0000000008002be4                HardwareSerial::peek()
 .text._ZN14HardwareSerial5flushEv
                0x0000000008002c06       0x1a /var/folders/10/2gtg3c9534n7mjwvtflsvxs80000gn/T/arduino_cache_356770/core/core_55a618dc9b7696c1cbc140e0005f650c.a(HardwareSerial.cpp.o)
                0x0000000008002c06                HardwareSerial::flush()
 .text._ZN14HardwareSerial5writeEh
                0x0000000008002c20       0x1e /var/folders/10/2gtg3c9534n7mjwvtflsvxs80000gn/T/arduino_cache_356770/core/core_55a618dc9b7696c1cbc140e0005f650c.a(HardwareSerial.cpp.o)
                0x0000000008002c20                HardwareSerial::write(unsigned char)
 *fill*         0x0000000008002c3e        0x2 
 .text._ZN14HardwareSerialC2EP9usart_devhh
                0x0000000008002c40       0x1c /var/folders/10/2gtg3c9534n7mjwvtflsvxs80000gn/T/arduino_cache_356770/core/core_55a618dc9b7696c1cbc140e0005f650c.a(HardwareSerial.cpp.o)
                0x0000000008002c40                HardwareSerial::HardwareSerial(usart_dev*, unsigned char, unsigned char)
                0x0000000008002c40                HardwareSerial::HardwareSerial(usart_dev*, unsigned char, unsigned char)
 .text._ZN14HardwareSerial5beginEmh
                0x0000000008002c5c       0x78 /var/folders/10/2gtg3c9534n7mjwvtflsvxs80000gn/T/arduino_cache_356770/core/core_55a618dc9b7696c1cbc140e0005f650c.a(HardwareSerial.cpp.o)
                0x0000000008002c5c                HardwareSerial::begin(unsigned long, unsigned char)
 .text._ZN14HardwareSerial5beginEm
                0x0000000008002cd4        0x6 /var/folders/10/2gtg3c9534n7mjwvtflsvxs80000gn/T/arduino_cache_356770/core/core_55a618dc9b7696c1cbc140e0005f650c.a(HardwareSerial.cpp.o)
                0x0000000008002cd4                HardwareSerial::begin(unsigned long)
 .text._ZN5Print5writeEPKvm
                0x0000000008002cda       0x20 /var/folders/10/2gtg3c9534n7mjwvtflsvxs80000gn/T/arduino_cache_356770/core/core_55a618dc9b7696c1cbc140e0005f650c.a(Print.cpp.o)
                0x0000000008002cda                Print::write(void const*, unsigned long)
 .text._ZN5Print5writeEPKc
                0x0000000008002cfa       0x1e /var/folders/10/2gtg3c9534n7mjwvtflsvxs80000gn/T/arduino_cache_356770/core/core_55a618dc9b7696c1cbc140e0005f650c.a(Print.cpp.o)
                0x0000000008002cfa                Print::write(char const*)
 .text.startup._Z7premainv
                0x0000000008002d18        0x4 /var/folders/10/2gtg3c9534n7mjwvtflsvxs80000gn/T/arduino_cache_356770/core/core_55a618dc9b7696c1cbc140e0005f650c.a(main.cpp.o)
                0x0000000008002d18                premain()
 .text.startup.main
                0x0000000008002d1c        0xc /var/folders/10/2gtg3c9534n7mjwvtflsvxs80000gn/T/arduino_cache_356770/core/core_55a618dc9b7696c1cbc140e0005f650c.a(main.cpp.o)
                0x0000000008002d1c                main
 .text._Znaj    0x0000000008002d28        0x4 /var/folders/10/2gtg3c9534n7mjwvtflsvxs80000gn/T/arduino_cache_356770/core/core_55a618dc9b7696c1cbc140e0005f650c.a(new.cpp.o)
                0x0000000008002d28                operator new[](unsigned int)
 .text._ZdlPv   0x0000000008002d2c        0x4 /var/folders/10/2gtg3c9534n7mjwvtflsvxs80000gn/T/arduino_cache_356770/core/core_55a618dc9b7696c1cbc140e0005f650c.a(new.cpp.o)
                0x0000000008002d2c                operator delete(void*)
 .text._ZdaPv   0x0000000008002d30        0x4 /var/folders/10/2gtg3c9534n7mjwvtflsvxs80000gn/T/arduino_cache_356770/core/core_55a618dc9b7696c1cbc140e0005f650c.a(new.cpp.o)
                0x0000000008002d30                operator delete[](void*)
 .text._Z8pwmWriteht
                0x0000000008002d34       0x24 /var/folders/10/2gtg3c9534n7mjwvtflsvxs80000gn/T/arduino_cache_356770/core/core_55a618dc9b7696c1cbc140e0005f650c.a(pwm.cpp.o)
                0x0000000008002d34                pwmWrite(unsigned char, unsigned short)
 .text._Z7pinModeh13WiringPinMode
                0x0000000008002d58       0x84 /var/folders/10/2gtg3c9534n7mjwvtflsvxs80000gn/T/arduino_cache_356770/core/core_55a618dc9b7696c1cbc140e0005f650c.a(wirish_digital_f1.cpp.o)
                0x0000000008002d58                pinMode(unsigned char, WiringPinMode)
 .text._ZN9USBSerial9availableEv
                0x0000000008002ddc        0x4 /var/folders/10/2gtg3c9534n7mjwvtflsvxs80000gn/T/arduino_cache_356770/core/core_55a618dc9b7696c1cbc140e0005f650c.a(usb_serial.cpp.o)
                0x0000000008002ddc                USBSerial::available()
 .text._ZN9USBSerial4peekEv
                0x0000000008002de0       0x1e /var/folders/10/2gtg3c9534n7mjwvtflsvxs80000gn/T/arduino_cache_356770/core/core_55a618dc9b7696c1cbc140e0005f650c.a(usb_serial.cpp.o)
                0x0000000008002de0                USBSerial::peek()
 .text._ZN9USBSerial4readEv
                0x0000000008002dfe       0x1e /var/folders/10/2gtg3c9534n7mjwvtflsvxs80000gn/T/arduino_cache_356770/core/core_55a618dc9b7696c1cbc140e0005f650c.a(usb_serial.cpp.o)
                0x0000000008002dfe                USBSerial::read()
 .text._ZL14ifaceSetupHookjPv
                0x0000000008002e1c       0x38 /var/folders/10/2gtg3c9534n7mjwvtflsvxs80000gn/T/arduino_cache_356770/core/core_55a618dc9b7696c1cbc140e0005f650c.a(usb_serial.cpp.o)
 .text._ZL6rxHookjPv
                0x0000000008002e54       0x6c /var/folders/10/2gtg3c9534n7mjwvtflsvxs80000gn/T/arduino_cache_356770/core/core_55a618dc9b7696c1cbc140e0005f650c.a(usb_serial.cpp.o)
 .text._ZN9USBSerialC2Ev
                0x0000000008002ec0       0x14 /var/folders/10/2gtg3c9534n7mjwvtflsvxs80000gn/T/arduino_cache_356770/core/core_55a618dc9b7696c1cbc140e0005f650c.a(usb_serial.cpp.o)
                0x0000000008002ec0                USBSerial::USBSerial()
                0x0000000008002ec0                USBSerial::USBSerial()
 .text._ZN9USBSerial5beginEv
                0x0000000008002ed4       0x3c /var/folders/10/2gtg3c9534n7mjwvtflsvxs80000gn/T/arduino_cache_356770/core/core_55a618dc9b7696c1cbc140e0005f650c.a(usb_serial.cpp.o)
                0x0000000008002ed4                USBSerial::begin()
 .text._ZN9USBSerial5writeEPKhm
                0x0000000008002f10       0x4c /var/folders/10/2gtg3c9534n7mjwvtflsvxs80000gn/T/arduino_cache_356770/core/core_55a618dc9b7696c1cbc140e0005f650c.a(usb_serial.cpp.o)
                0x0000000008002f10                USBSerial::write(unsigned char const*, unsigned long)
 .text._ZN9USBSerial5writeEh
                0x0000000008002f5c       0x16 /var/folders/10/2gtg3c9534n7mjwvtflsvxs80000gn/T/arduino_cache_356770/core/core_55a618dc9b7696c1cbc140e0005f650c.a(usb_serial.cpp.o)
                0x0000000008002f5c                USBSerial::write(unsigned char)
 .text._ZN9USBSerial5writeEPKc
                0x0000000008002f72       0x1a /var/folders/10/2gtg3c9534n7mjwvtflsvxs80000gn/T/arduino_cache_356770/core/core_55a618dc9b7696c1cbc140e0005f650c.a(usb_serial.cpp.o)
                0x0000000008002f72                USBSerial::write(char const*)
 .text._ZN9USBSerial4readEPhm
                0x0000000008002f8c       0x1c /var/folders/10/2gtg3c9534n7mjwvtflsvxs80000gn/T/arduino_cache_356770/core/core_55a618dc9b7696c1cbc140e0005f650c.a(usb_serial.cpp.o)
                0x0000000008002f8c                USBSerial::read(unsigned char*, unsigned long)
 .text._ZN9USBSerial5flushEv
                0x0000000008002fa8       0x1c /var/folders/10/2gtg3c9534n7mjwvtflsvxs80000gn/T/arduino_cache_356770/core/core_55a618dc9b7696c1cbc140e0005f650c.a(usb_serial.cpp.o)
                0x0000000008002fa8                USBSerial::flush()
 .text.startup._GLOBAL__sub_I__ZN9USBSerial9_hasBegunE
                0x0000000008002fc4        0xc /var/folders/10/2gtg3c9534n7mjwvtflsvxs80000gn/T/arduino_cache_356770/core/core_55a618dc9b7696c1cbc140e0005f650c.a(usb_serial.cpp.o)
 .text._Z12digitalWritehh
                0x0000000008002fd0       0x2c /var/folders/10/2gtg3c9534n7mjwvtflsvxs80000gn/T/arduino_cache_356770/core/core_55a618dc9b7696c1cbc140e0005f650c.a(wirish_digital.cpp.o)
                0x0000000008002fd0                digitalWrite(unsigned char, unsigned char)
 .text.data_register
                0x0000000008002ffc       0x28 /var/folders/10/2gtg3c9534n7mjwvtflsvxs80000gn/T/arduino_cache_356770/core/core_55a618dc9b7696c1cbc140e0005f650c.a(bkp_f1.c.o)
 .text.bkp_init
                0x0000000008003024       0x18 /var/folders/10/2gtg3c9534n7mjwvtflsvxs80000gn/T/arduino_cache_356770/core/core_55a618dc9b7696c1cbc140e0005f650c.a(bkp_f1.c.o)
                0x0000000008003024                bkp_init
 .text.bkp_enable_writes
                0x000000000800303c        0xc /var/folders/10/2gtg3c9534n7mjwvtflsvxs80000gn/T/arduino_cache_356770/core/core_55a618dc9b7696c1cbc140e0005f650c.a(bkp_f1.c.o)
                0x000000000800303c                bkp_enable_writes
 .text.bkp_disable_writes
                0x0000000008003048        0xc /var/folders/10/2gtg3c9534n7mjwvtflsvxs80000gn/T/arduino_cache_356770/core/core_55a618dc9b7696c1cbc140e0005f650c.a(bkp_f1.c.o)
                0x0000000008003048                bkp_disable_writes
 .text.bkp_write
                0x0000000008003054        0xe /var/folders/10/2gtg3c9534n7mjwvtflsvxs80000gn/T/arduino_cache_356770/core/core_55a618dc9b7696c1cbc140e0005f650c.a(bkp_f1.c.o)
                0x0000000008003054                bkp_write
 .text.gpio_init
                0x0000000008003062       0x14 /var/folders/10/2gtg3c9534n7mjwvtflsvxs80000gn/T/arduino_cache_356770/core/core_55a618dc9b7696c1cbc140e0005f650c.a(gpio.c.o)
                0x0000000008003062                gpio_init
 .text.i2c_disable_irq
                0x0000000008003076        0xc /var/folders/10/2gtg3c9534n7mjwvtflsvxs80000gn/T/arduino_cache_356770/core/core_55a618dc9b7696c1cbc140e0005f650c.a(i2c.c.o)
 *fill*         0x0000000008003082        0x2 
 .text._i2c_irq_handler
                0x0000000008003084      0x3d8 /var/folders/10/2gtg3c9534n7mjwvtflsvxs80000gn/T/arduino_cache_356770/core/core_55a618dc9b7696c1cbc140e0005f650c.a(i2c.c.o)
                0x0000000008003084                _i2c_irq_handler
 .text._i2c_irq_error_handler
                0x000000000800345c       0x74 /var/folders/10/2gtg3c9534n7mjwvtflsvxs80000gn/T/arduino_cache_356770/core/core_55a618dc9b7696c1cbc140e0005f650c.a(i2c.c.o)
                0x000000000800345c                _i2c_irq_error_handler
 .text.usart_init
                0x00000000080034d0       0x4c /var/folders/10/2gtg3c9534n7mjwvtflsvxs80000gn/T/arduino_cache_356770/core/core_55a618dc9b7696c1cbc140e0005f650c.a(usart.c.o)
                0x00000000080034d0                usart_init
 .text.usart_enable
                0x000000000800351c       0x14 /var/folders/10/2gtg3c9534n7mjwvtflsvxs80000gn/T/arduino_cache_356770/core/core_55a618dc9b7696c1cbc140e0005f650c.a(usart.c.o)
                0x000000000800351c                usart_enable
 .text.usart_tx
                0x0000000008003530       0x9c /var/folders/10/2gtg3c9534n7mjwvtflsvxs80000gn/T/arduino_cache_356770/core/core_55a618dc9b7696c1cbc140e0005f650c.a(usart.c.o)
                0x0000000008003530                usart_tx
 .text          0x00000000080035cc      0x370 /Users/giovanni/Library/Arduino15/packages/arduino/tools/arm-none-eabi-gcc/4.8.3-2014q1/bin/../lib/gcc/arm-none-eabi/4.8.3/armv7-m/libgcc.a(_arm_addsubdf3.o)
                0x00000000080035cc                __aeabi_drsub
                0x00000000080035d4                __subdf3
                0x00000000080035d4                __aeabi_dsub
                0x00000000080035d8                __aeabi_dadd
                0x00000000080035d8                __adddf3
                0x0000000008003850                __aeabi_ui2d
                0x0000000008003850                __floatunsidf
                0x0000000008003870                __floatsidf
                0x0000000008003870                __aeabi_i2d
                0x0000000008003894                __extendsfdf2
                0x0000000008003894                __aeabi_f2d
                0x00000000080038d0                __aeabi_ul2d
                0x00000000080038d0                __floatundidf
                0x00000000080038e0                __aeabi_l2d
                0x00000000080038e0                __floatdidf
 .text          0x000000000800393c      0x424 /Users/giovanni/Library/Arduino15/packages/arduino/tools/arm-none-eabi-gcc/4.8.3-2014q1/bin/../lib/gcc/arm-none-eabi/4.8.3/armv7-m/libgcc.a(_arm_muldivdf3.o)
                0x000000000800393c                __aeabi_dmul
                0x000000000800393c                __muldf3
                0x0000000008003b90                __aeabi_ddiv
                0x0000000008003b90                __divdf3
 .text          0x0000000008003d60       0x50 /Users/giovanni/Library/Arduino15/packages/arduino/tools/arm-none-eabi-gcc/4.8.3-2014q1/bin/../lib/gcc/arm-none-eabi/4.8.3/armv7-m/libgcc.a(_arm_fixdfsi.o)
                0x0000000008003d60                __fixdfsi
                0x0000000008003d60                __aeabi_d2iz
 .text          0x0000000008003db0       0xa0 /Users/giovanni/Library/Arduino15/packages/arduino/tools/arm-none-eabi-gcc/4.8.3-2014q1/bin/../lib/gcc/arm-none-eabi/4.8.3/armv7-m/libgcc.a(_arm_truncdfsf2.o)
                0x0000000008003db0                __aeabi_d2f
                0x0000000008003db0                __truncdfsf2
 .text          0x0000000008003e50      0x21c /Users/giovanni/Library/Arduino15/packages/arduino/tools/arm-none-eabi-gcc/4.8.3-2014q1/bin/../lib/gcc/arm-none-eabi/4.8.3/armv7-m/libgcc.a(_arm_addsubsf3.o)
                0x0000000008003e50                __aeabi_frsub
                0x0000000008003e58                __aeabi_fsub
                0x0000000008003e58                __subsf3
                0x0000000008003e5c                __aeabi_fadd
                0x0000000008003e5c                __addsf3
                0x0000000008003fbc                __aeabi_ui2f
                0x0000000008003fbc                __floatunsisf
                0x0000000008003fc4                __floatsisf
                0x0000000008003fc4                __aeabi_i2f
                0x0000000008003fe0                __aeabi_ul2f
                0x0000000008003fe0                __floatundisf
                0x0000000008003ff0                __aeabi_l2f
                0x0000000008003ff0                __floatdisf
 .text          0x000000000800406c      0x2a0 /Users/giovanni/Library/Arduino15/packages/arduino/tools/arm-none-eabi-gcc/4.8.3-2014q1/bin/../lib/gcc/arm-none-eabi/4.8.3/armv7-m/libgcc.a(_arm_muldivsf3.o)
                0x000000000800406c                __mulsf3
                0x000000000800406c                __aeabi_fmul
                0x00000000080041d4                __divsf3
                0x00000000080041d4                __aeabi_fdiv
 .text          0x000000000800430c       0xec /Users/giovanni/Library/Arduino15/packages/arduino/tools/arm-none-eabi-gcc/4.8.3-2014q1/bin/../lib/gcc/arm-none-eabi/4.8.3/armv7-m/libgcc.a(_arm_cmpsf2.o)
                0x000000000800430c                __gesf2
                0x000000000800430c                __gtsf2
                0x0000000008004314                __ltsf2
                0x0000000008004314                __lesf2
                0x000000000800431c                __nesf2
                0x000000000800431c                __eqsf2
                0x000000000800431c                __cmpsf2
                0x000000000800437c                __aeabi_cfrcmple
                0x0000000008004384                __aeabi_cfcmpeq
                0x0000000008004384                __aeabi_cfcmple
                0x0000000008004394                __aeabi_fcmpeq
                0x00000000080043a8                __aeabi_fcmplt
                0x00000000080043bc                __aeabi_fcmple
                0x00000000080043d0                __aeabi_fcmpge
                0x00000000080043e4                __aeabi_fcmpgt
 .text.__errno  0x00000000080043f8        0xc /Users/giovanni/Library/Arduino15/packages/arduino/tools/arm-none-eabi-gcc/4.8.3-2014q1/bin/../lib/gcc/arm-none-eabi/4.8.3/../../../../arm-none-eabi/lib/armv7-m/libc_s.a(lib_a-errno.o)
                0x00000000080043f8                __errno
 .text.exit     0x0000000008004404       0x28 /Users/giovanni/Library/Arduino15/packages/arduino/tools/arm-none-eabi-gcc/4.8.3-2014q1/bin/../lib/gcc/arm-none-eabi/4.8.3/../../../../arm-none-eabi/lib/armv7-m/libc_s.a(lib_a-exit.o)
                0x0000000008004404                exit
 .text.__libc_init_array
                0x000000000800442c       0x4c /Users/giovanni/Library/Arduino15/packages/arduino/tools/arm-none-eabi-gcc/4.8.3-2014q1/bin/../lib/gcc/arm-none-eabi/4.8.3/../../../../arm-none-eabi/lib/armv7-m/libc_s.a(lib_a-init.o)
                0x000000000800442c                __libc_init_array
 .text.malloc   0x0000000008004478       0x10 /Users/giovanni/Library/Arduino15/packages/arduino/tools/arm-none-eabi-gcc/4.8.3-2014q1/bin/../lib/gcc/arm-none-eabi/4.8.3/../../../../arm-none-eabi/lib/armv7-m/libc_s.a(lib_a-malloc.o)
                0x0000000008004478                malloc
 .text.free     0x0000000008004488       0x10 /Users/giovanni/Library/Arduino15/packages/arduino/tools/arm-none-eabi-gcc/4.8.3-2014q1/bin/../lib/gcc/arm-none-eabi/4.8.3/../../../../arm-none-eabi/lib/armv7-m/libc_s.a(lib_a-malloc.o)
                0x0000000008004488                free
 .text._free_r  0x0000000008004498       0x88 /Users/giovanni/Library/Arduino15/packages/arduino/tools/arm-none-eabi-gcc/4.8.3-2014q1/bin/../lib/gcc/arm-none-eabi/4.8.3/../../../../arm-none-eabi/lib/armv7-m/libc_s.a(lib_a-nano-freer.o)
                0x0000000008004498                _free_r
 .text._malloc_r
                0x0000000008004520       0xa8 /Users/giovanni/Library/Arduino15/packages/arduino/tools/arm-none-eabi-gcc/4.8.3-2014q1/bin/../lib/gcc/arm-none-eabi/4.8.3/../../../../arm-none-eabi/lib/armv7-m/libc_s.a(lib_a-nano-mallocr.o)
                0x0000000008004520                _malloc_r
 .text._sbrk_r  0x00000000080045c8       0x20 /Users/giovanni/Library/Arduino15/packages/arduino/tools/arm-none-eabi-gcc/4.8.3-2014q1/bin/../lib/gcc/arm-none-eabi/4.8.3/../../../../arm-none-eabi/lib/armv7-m/libc_s.a(lib_a-sbrkr.o)
                0x00000000080045c8                _sbrk_r
 .text.strlen   0x00000000080045e8       0x10 /Users/giovanni/Library/Arduino15/packages/arduino/tools/arm-none-eabi-gcc/4.8.3-2014q1/bin/../lib/gcc/arm-none-eabi/4.8.3/../../../../arm-none-eabi/lib/armv7-m/libc_s.a(lib_a-strlen.o)
                0x00000000080045e8                strlen
 *(.plt)
 *(.gnu.warning)
 *(.glue_7t)
 .glue_7t       0x0000000000000000        0x0 linker stubs
 *(.glue_7)
 .glue_7        0x0000000000000000        0x0 linker stubs
 *(.vfp11_veneer)
 .vfp11_veneer  0x0000000000000000        0x0 linker stubs
 *(.ARM.extab* .gnu.linkonce.armextab.*)
 *(.gcc_except_table)
 *(.eh_frame_hdr)
 *(.eh_frame)
 .eh_frame      0x00000000080045f8        0x0 /Users/giovanni/Library/Arduino15/packages/arduino/tools/arm-none-eabi-gcc/4.8.3-2014q1/bin/../lib/gcc/arm-none-eabi/4.8.3/armv7-m/crtbegin.o
                0x00000000080045f8                . = ALIGN (0x4)
 *(.init)
 .init          0x00000000080045f8        0x4 /Users/giovanni/Library/Arduino15/packages/arduino/tools/arm-none-eabi-gcc/4.8.3-2014q1/bin/../lib/gcc/arm-none-eabi/4.8.3/armv7-m/crti.o
                0x00000000080045f8                _init
 .init          0x00000000080045fc        0x8 /Users/giovanni/Library/Arduino15/packages/arduino/tools/arm-none-eabi-gcc/4.8.3-2014q1/bin/../lib/gcc/arm-none-eabi/4.8.3/armv7-m/crtn.o
                0x0000000008004604                . = ALIGN (0x4)
                0x0000000008004604                __preinit_array_start = .
 *(.preinit_array)
                0x0000000008004604                __preinit_array_end = .
                0x0000000008004604                . = ALIGN (0x4)
                0x0000000008004604                __init_array_start = .
 *(SORT(.init_array.*))
 .init_array.00101
                0x0000000008004604        0x4 /var/folders/10/2gtg3c9534n7mjwvtflsvxs80000gn/T/arduino_cache_356770/core/core_55a618dc9b7696c1cbc140e0005f650c.a(main.cpp.o)
 *(.init_array)
 .init_array    0x0000000008004608        0x4 /Users/giovanni/Library/Arduino15/packages/arduino/tools/arm-none-eabi-gcc/4.8.3-2014q1/bin/../lib/gcc/arm-none-eabi/4.8.3/armv7-m/crtbegin.o
 .init_array    0x000000000800460c        0x4 /var/folders/10/2gtg3c9534n7mjwvtflsvxs80000gn/T/arduino_build_722449/sketch/stm32_amr_firmware.ino.cpp.o
 .init_array    0x0000000008004610        0x4 /var/folders/10/2gtg3c9534n7mjwvtflsvxs80000gn/T/arduino_build_722449/core/board.cpp.o
 .init_array    0x0000000008004614        0x4 /var/folders/10/2gtg3c9534n7mjwvtflsvxs80000gn/T/arduino_cache_356770/core/core_55a618dc9b7696c1cbc140e0005f650c.a(usb_serial.cpp.o)
                0x0000000008004618                __init_array_end = .
                0x0000000008004618                . = ALIGN (0x4)
 *crtbegin.o(.ctors)
 *(EXCLUDE_FILE(*crtend.o) .ctors)
 *(SORT(.ctors.*))
 *crtend.o(.ctors)
                0x0000000008004618                . = ALIGN (0x4)
 *(.fini)
 .fini          0x0000000008004618        0x4 /Users/giovanni/Library/Arduino15/packages/arduino/tools/arm-none-eabi-gcc/4.8.3-2014q1/bin/../lib/gcc/arm-none-eabi/4.8.3/armv7-m/crti.o
                0x0000000008004618                _fini
 .fini          0x000000000800461c        0x8 /Users/giovanni/Library/Arduino15/packages/arduino/tools/arm-none-eabi-gcc/4.8.3-2014q1/bin/../lib/gcc/arm-none-eabi/4.8.3/armv7-m/crtn.o
                0x0000000008004624                . = ALIGN (0x4)
                0x0000000008004624                __fini_array_start = .
 *(.fini_array)
 .fini_array    0x0000000008004624        0x4 /Users/giovanni/Library/Arduino15/packages/arduino/tools/arm-none-eabi-gcc/4.8.3-2014q1/bin/../lib/gcc/arm-none-eabi/4.8.3/armv7-m/crtbegin.o
 .fini_array    0x0000000008004628        0x4 /var/folders/10/2gtg3c9534n7mjwvtflsvxs80000gn/T/arduino_build_722449/sketch/stm32_amr_firmware.ino.cpp.o
 *(SORT(.fini_array.*))
                0x000000000800462c                __fini_array_end = .
 *crtbegin.o(.dtors)
 *(EXCLUDE_FILE(*crtend.o) .dtors)
 *(SORT(.dtors.*))
 *crtend.o(.dtors)

.v4_bx          0x000000000800462c        0x0
 .v4_bx         0x0000000000000000        0x0 linker stubs

.iplt           0x000000000800462c        0x0
 .iplt          0x0000000000000000        0x0 /Users/giovanni/Library/Arduino15/packages/arduino/tools/arm-none-eabi-gcc/4.8.3-2014q1/bin/../lib/gcc/arm-none-eabi/4.8.3/armv7-m/crtbegin.o

.text.align     0x000000000800462c        0x4
                0x0000000008004630                . = ALIGN (0x8)
 *fill*         0x000000000800462c        0x4 
                0x0000000008004630                __text_end__ = .
                0x0000000008004630                __exidx_start = .

.ARM.exidx      0x0000000008004630        0x8
 *(.ARM.exidx* .gnu.linkonce.armexidx.*)
 .ARM.exidx     0x0000000008004630        0x8 /var/folders/10/2gtg3c9534n7mjwvtflsvxs80000gn/T/arduino_build_722449/core/wirish/start.S.o
                0x0000000008004638                __exidx_end = .

.data           0x0000000020000000      0x6b0 load address 0x0000000008004638
                0x0000000020000000                __data_start__ = .
                0x0000000020000000        0x4 LONG 0x0
                0x0000000020000008                . = ALIGN (0x8)
 *fill*         0x0000000020000004        0x4 
 *(.got.plt)
 *(.got)
 *(.data .data.* .gnu.linkonce.d.*)
 .data.cf       0x0000000020000008        0x4 /var/folders/10/2gtg3c9534n7mjwvtflsvxs80000gn/T/arduino_build_722449/sketch/stm32_amr_firmware.ino.cpp.o
                0x0000000020000008                cf
 .data._ZN6wirish4privL8pll_dataE
                0x000000002000000c        0x4 /var/folders/10/2gtg3c9534n7mjwvtflsvxs80000gn/T/arduino_build_722449/core/wirish/boards_setup.cpp.o
 .data._ZN6wirish4priv9w_adc_smpE
                0x0000000020000010        0x1 /var/folders/10/2gtg3c9534n7mjwvtflsvxs80000gn/T/arduino_build_722449/core/wirish/boards_setup.cpp.o
                0x0000000020000010                wirish::priv::w_adc_smp
 *fill*         0x0000000020000011        0x1 
 .data._ZN6wirish4priv9w_adc_preE
                0x0000000020000012        0x2 /var/folders/10/2gtg3c9534n7mjwvtflsvxs80000gn/T/arduino_build_722449/core/wirish/boards_setup.cpp.o
                0x0000000020000012                wirish::priv::w_adc_pre
 .data._ZN6wirish4priv15w_board_pll_cfgE
                0x0000000020000014        0x8 /var/folders/10/2gtg3c9534n7mjwvtflsvxs80000gn/T/arduino_build_722449/core/wirish/boards_setup.cpp.o
                0x0000000020000014                wirish::priv::w_board_pll_cfg
 .data.adc2     0x000000002000001c        0x8 /var/folders/10/2gtg3c9534n7mjwvtflsvxs80000gn/T/arduino_cache_356770/core/core_55a618dc9b7696c1cbc140e0005f650c.a(adc_f1.c.o)
                0x000000002000001c                adc2
 .data.adc3     0x0000000020000024       0x18 /var/folders/10/2gtg3c9534n7mjwvtflsvxs80000gn/T/arduino_cache_356770/core/core_55a618dc9b7696c1cbc140e0005f650c.a(adc_f1.c.o)
                0x0000000020000024                adc3
 .data.adc1     0x000000002000003c       0x18 /var/folders/10/2gtg3c9534n7mjwvtflsvxs80000gn/T/arduino_cache_356770/core/core_55a618dc9b7696c1cbc140e0005f650c.a(adc_f1.c.o)
                0x000000002000003c                adc1
 .data.ADC2     0x0000000020000054        0x4 /var/folders/10/2gtg3c9534n7mjwvtflsvxs80000gn/T/arduino_cache_356770/core/core_55a618dc9b7696c1cbc140e0005f650c.a(adc_f1.c.o)
                0x0000000020000054                ADC2
 .data.ADC1     0x0000000020000058        0x4 /var/folders/10/2gtg3c9534n7mjwvtflsvxs80000gn/T/arduino_cache_356770/core/core_55a618dc9b7696c1cbc140e0005f650c.a(adc_f1.c.o)
                0x0000000020000058                ADC1
 .data.ADC3     0x000000002000005c        0x4 /var/folders/10/2gtg3c9534n7mjwvtflsvxs80000gn/T/arduino_cache_356770/core/core_55a618dc9b7696c1cbc140e0005f650c.a(adc_f1.c.o)
                0x000000002000005c                ADC3
 .data.dma1     0x0000000020000060       0x40 /var/folders/10/2gtg3c9534n7mjwvtflsvxs80000gn/T/arduino_cache_356770/core/core_55a618dc9b7696c1cbc140e0005f650c.a(dma_f1.c.o)
 .data.dma2     0x00000000200000a0       0x30 /var/folders/10/2gtg3c9534n7mjwvtflsvxs80000gn/T/arduino_cache_356770/core/core_55a618dc9b7696c1cbc140e0005f650c.a(dma_f1.c.o)
 .data.DMA1     0x00000000200000d0        0x4 /var/folders/10/2gtg3c9534n7mjwvtflsvxs80000gn/T/arduino_cache_356770/core/core_55a618dc9b7696c1cbc140e0005f650c.a(dma_f1.c.o)
                0x00000000200000d0                DMA1
 .data.DMA2     0x00000000200000d4        0x4 /var/folders/10/2gtg3c9534n7mjwvtflsvxs80000gn/T/arduino_cache_356770/core/core_55a618dc9b7696c1cbc140e0005f650c.a(dma_f1.c.o)
                0x00000000200000d4                DMA2
 .data.gpioa    0x00000000200000d8        0x8 /var/folders/10/2gtg3c9534n7mjwvtflsvxs80000gn/T/arduino_cache_356770/core/core_55a618dc9b7696c1cbc140e0005f650c.a(gpio_f1.c.o)
                0x00000000200000d8                gpioa
 .data.gpiob    0x00000000200000e0        0x8 /var/folders/10/2gtg3c9534n7mjwvtflsvxs80000gn/T/arduino_cache_356770/core/core_55a618dc9b7696c1cbc140e0005f650c.a(gpio_f1.c.o)
                0x00000000200000e0                gpiob
 .data.gpioc    0x00000000200000e8        0x8 /var/folders/10/2gtg3c9534n7mjwvtflsvxs80000gn/T/arduino_cache_356770/core/core_55a618dc9b7696c1cbc140e0005f650c.a(gpio_f1.c.o)
                0x00000000200000e8                gpioc
 .data.gpiod    0x00000000200000f0        0x8 /var/folders/10/2gtg3c9534n7mjwvtflsvxs80000gn/T/arduino_cache_356770/core/core_55a618dc9b7696c1cbc140e0005f650c.a(gpio_f1.c.o)
                0x00000000200000f0                gpiod
 .data.i2c1     0x00000000200000f8       0x38 /var/folders/10/2gtg3c9534n7mjwvtflsvxs80000gn/T/arduino_cache_356770/core/core_55a618dc9b7696c1cbc140e0005f650c.a(i2c_f1.c.o)
 .data.i2c2     0x0000000020000130       0x38 /var/folders/10/2gtg3c9534n7mjwvtflsvxs80000gn/T/arduino_cache_356770/core/core_55a618dc9b7696c1cbc140e0005f650c.a(i2c_f1.c.o)
 .data.enable_regs.4411
                0x0000000020000168        0xc /var/folders/10/2gtg3c9534n7mjwvtflsvxs80000gn/T/arduino_cache_356770/core/core_55a618dc9b7696c1cbc140e0005f650c.a(rcc_f1.c.o)
 .data.reset_regs.4415
                0x0000000020000174        0x8 /var/folders/10/2gtg3c9534n7mjwvtflsvxs80000gn/T/arduino_cache_356770/core/core_55a618dc9b7696c1cbc140e0005f650c.a(rcc_f1.c.o)
 .data.enable_regs.4424
                0x000000002000017c        0xc /var/folders/10/2gtg3c9534n7mjwvtflsvxs80000gn/T/arduino_cache_356770/core/core_55a618dc9b7696c1cbc140e0005f650c.a(rcc_f1.c.o)
 .data.timer3   0x0000000020000188       0x24 /var/folders/10/2gtg3c9534n7mjwvtflsvxs80000gn/T/arduino_cache_356770/core/core_55a618dc9b7696c1cbc140e0005f650c.a(timer.c.o)
                0x0000000020000188                timer3
 .data.timer4   0x00000000200001ac       0x24 /var/folders/10/2gtg3c9534n7mjwvtflsvxs80000gn/T/arduino_cache_356770/core/core_55a618dc9b7696c1cbc140e0005f650c.a(timer.c.o)
                0x00000000200001ac                timer4
 .data.timer5   0x00000000200001d0       0x24 /var/folders/10/2gtg3c9534n7mjwvtflsvxs80000gn/T/arduino_cache_356770/core/core_55a618dc9b7696c1cbc140e0005f650c.a(timer.c.o)
                0x00000000200001d0                timer5
 .data.timer6   0x00000000200001f4        0xc /var/folders/10/2gtg3c9534n7mjwvtflsvxs80000gn/T/arduino_cache_356770/core/core_55a618dc9b7696c1cbc140e0005f650c.a(timer.c.o)
                0x00000000200001f4                timer6
 .data.timer7   0x0000000020000200        0xc /var/folders/10/2gtg3c9534n7mjwvtflsvxs80000gn/T/arduino_cache_356770/core/core_55a618dc9b7696c1cbc140e0005f650c.a(timer.c.o)
                0x0000000020000200                timer7
 .data.timer8   0x000000002000020c       0x28 /var/folders/10/2gtg3c9534n7mjwvtflsvxs80000gn/T/arduino_cache_356770/core/core_55a618dc9b7696c1cbc140e0005f650c.a(timer.c.o)
                0x000000002000020c                timer8
 .data.timer1   0x0000000020000234       0x28 /var/folders/10/2gtg3c9534n7mjwvtflsvxs80000gn/T/arduino_cache_356770/core/core_55a618dc9b7696c1cbc140e0005f650c.a(timer.c.o)
                0x0000000020000234                timer1
 .data.timer2   0x000000002000025c       0x24 /var/folders/10/2gtg3c9534n7mjwvtflsvxs80000gn/T/arduino_cache_356770/core/core_55a618dc9b7696c1cbc140e0005f650c.a(timer.c.o)
                0x000000002000025c                timer2
 .data.USART1   0x0000000020000280        0x4 /var/folders/10/2gtg3c9534n7mjwvtflsvxs80000gn/T/arduino_cache_356770/core/core_55a618dc9b7696c1cbc140e0005f650c.a(usart_f1.c.o)
                0x0000000020000280                USART1
 .data.USART2   0x0000000020000284        0x4 /var/folders/10/2gtg3c9534n7mjwvtflsvxs80000gn/T/arduino_cache_356770/core/core_55a618dc9b7696c1cbc140e0005f650c.a(usart_f1.c.o)
                0x0000000020000284                USART2
 .data.USART3   0x0000000020000288        0x4 /var/folders/10/2gtg3c9534n7mjwvtflsvxs80000gn/T/arduino_cache_356770/core/core_55a618dc9b7696c1cbc140e0005f650c.a(usart_f1.c.o)
                0x0000000020000288                USART3
 .data.usart3   0x000000002000028c       0x94 /var/folders/10/2gtg3c9534n7mjwvtflsvxs80000gn/T/arduino_cache_356770/core/core_55a618dc9b7696c1cbc140e0005f650c.a(usart_f1.c.o)
 .data.usart1   0x0000000020000320       0x94 /var/folders/10/2gtg3c9534n7mjwvtflsvxs80000gn/T/arduino_cache_356770/core/core_55a618dc9b7696c1cbc140e0005f650c.a(usart_f1.c.o)
 .data.usart2   0x00000000200003b4       0x94 /var/folders/10/2gtg3c9534n7mjwvtflsvxs80000gn/T/arduino_cache_356770/core/core_55a618dc9b7696c1cbc140e0005f650c.a(usart_f1.c.o)
 .data.uart4    0x0000000020000448       0x94 /var/folders/10/2gtg3c9534n7mjwvtflsvxs80000gn/T/arduino_cache_356770/core/core_55a618dc9b7696c1cbc140e0005f650c.a(usart_f1.c.o)
 .data.uart5    0x00000000200004dc       0x94 /var/folders/10/2gtg3c9534n7mjwvtflsvxs80000gn/T/arduino_cache_356770/core/core_55a618dc9b7696c1cbc140e0005f650c.a(usart_f1.c.o)
 .data.UART4    0x0000000020000570        0x4 /var/folders/10/2gtg3c9534n7mjwvtflsvxs80000gn/T/arduino_cache_356770/core/core_55a618dc9b7696c1cbc140e0005f650c.a(usart_f1.c.o)
                0x0000000020000570                UART4
 .data.UART5    0x0000000020000574        0x4 /var/folders/10/2gtg3c9534n7mjwvtflsvxs80000gn/T/arduino_cache_356770/core/core_55a618dc9b7696c1cbc140e0005f650c.a(usart_f1.c.o)
                0x0000000020000574                UART5
 .data.USBLIB   0x0000000020000578        0x4 /var/folders/10/2gtg3c9534n7mjwvtflsvxs80000gn/T/arduino_cache_356770/core/core_55a618dc9b7696c1cbc140e0005f650c.a(usb.c.o)
                0x0000000020000578                USBLIB
 .data.usblib   0x000000002000057c       0x10 /var/folders/10/2gtg3c9534n7mjwvtflsvxs80000gn/T/arduino_cache_356770/core/core_55a618dc9b7696c1cbc140e0005f650c.a(usb.c.o)
 .data.Config_Descriptor
                0x000000002000058c        0x8 /var/folders/10/2gtg3c9534n7mjwvtflsvxs80000gn/T/arduino_cache_356770/core/core_55a618dc9b7696c1cbc140e0005f650c.a(usb_cdcacm.c.o)
 .data.Device_Property
                0x0000000020000594       0x30 /var/folders/10/2gtg3c9534n7mjwvtflsvxs80000gn/T/arduino_cache_356770/core/core_55a618dc9b7696c1cbc140e0005f650c.a(usb_cdcacm.c.o)
                0x0000000020000594                Device_Property
 .data.ep_int_in
                0x00000000200005c4       0x1c /var/folders/10/2gtg3c9534n7mjwvtflsvxs80000gn/T/arduino_cache_356770/core/core_55a618dc9b7696c1cbc140e0005f650c.a(usb_cdcacm.c.o)
 .data.String_Descriptor
                0x00000000200005e0       0x18 /var/folders/10/2gtg3c9534n7mjwvtflsvxs80000gn/T/arduino_cache_356770/core/core_55a618dc9b7696c1cbc140e0005f650c.a(usb_cdcacm.c.o)
 .data.ep_int_out
                0x00000000200005f8       0x1c /var/folders/10/2gtg3c9534n7mjwvtflsvxs80000gn/T/arduino_cache_356770/core/core_55a618dc9b7696c1cbc140e0005f650c.a(usb_cdcacm.c.o)
 .data.line_coding
                0x0000000020000614        0x7 /var/folders/10/2gtg3c9534n7mjwvtflsvxs80000gn/T/arduino_cache_356770/core/core_55a618dc9b7696c1cbc140e0005f650c.a(usb_cdcacm.c.o)
 *fill*         0x000000002000061b        0x1 
 .data.User_Standard_Requests
                0x000000002000061c       0x24 /var/folders/10/2gtg3c9534n7mjwvtflsvxs80000gn/T/arduino_cache_356770/core/core_55a618dc9b7696c1cbc140e0005f650c.a(usb_cdcacm.c.o)
                0x000000002000061c                User_Standard_Requests
 .data.Device_Descriptor
                0x0000000020000640        0x8 /var/folders/10/2gtg3c9534n7mjwvtflsvxs80000gn/T/arduino_cache_356770/core/core_55a618dc9b7696c1cbc140e0005f650c.a(usb_cdcacm.c.o)
 .data.Device_Table
                0x0000000020000648        0x2 /var/folders/10/2gtg3c9534n7mjwvtflsvxs80000gn/T/arduino_cache_356770/core/core_55a618dc9b7696c1cbc140e0005f650c.a(usb_cdcacm.c.o)
                0x0000000020000648                Device_Table
 *fill*         0x000000002000064a        0x2 
 .data.impure_data
                0x000000002000064c       0x60 /Users/giovanni/Library/Arduino15/packages/arduino/tools/arm-none-eabi-gcc/4.8.3-2014q1/bin/../lib/gcc/arm-none-eabi/4.8.3/../../../../arm-none-eabi/lib/armv7-m/libc_s.a(lib_a-impure.o)
 .data._impure_ptr
                0x00000000200006ac        0x4 /Users/giovanni/Library/Arduino15/packages/arduino/tools/arm-none-eabi-gcc/4.8.3-2014q1/bin/../lib/gcc/arm-none-eabi/4.8.3/../../../../arm-none-eabi/lib/armv7-m/libc_s.a(lib_a-impure.o)
                0x00000000200006ac                _impure_ptr
                0x00000000200006b0                . = ALIGN (0x8)
                0x00000000200006b0                __data_end__ = .

.jcr            0x00000000200006b0        0x0 load address 0x0000000008004ce8
 .jcr           0x00000000200006b0        0x0 /Users/giovanni/Library/Arduino15/packages/arduino/tools/arm-none-eabi-gcc/4.8.3-2014q1/bin/../lib/gcc/arm-none-eabi/4.8.3/armv7-m/crtbegin.o

.igot.plt       0x00000000200006b0        0x0 load address 0x0000000008004ce8
 .igot.plt      0x0000000000000000        0x0 /Users/giovanni/Library/Arduino15/packages/arduino/tools/arm-none-eabi-gcc/4.8.3-2014q1/bin/../lib/gcc/arm-none-eabi/4.8.3/armv7-m/crtbegin.o

.rodata         0x0000000008004ce8      0x48c
 *(.rodata .rodata.* .gnu.linkonce.r.*)
 .rodata.PIN_MAP
                0x0000000008004ce8      0x330 /var/folders/10/2gtg3c9534n7mjwvtflsvxs80000gn/T/arduino_build_722449/core/board.cpp.o
                0x0000000008004ce8                PIN_MAP
 .rodata.GPIOB  0x0000000008005018        0x4 /var/folders/10/2gtg3c9534n7mjwvtflsvxs80000gn/T/arduino_cache_356770/core/core_55a618dc9b7696c1cbc140e0005f650c.a(gpio_f1.c.o)
                0x0000000008005018                GPIOB
 .rodata.GPIOC  0x000000000800501c        0x4 /var/folders/10/2gtg3c9534n7mjwvtflsvxs80000gn/T/arduino_cache_356770/core/core_55a618dc9b7696c1cbc140e0005f650c.a(gpio_f1.c.o)
                0x000000000800501c                GPIOC
 .rodata.rcc_dev_table
                0x0000000008005020       0x5c /var/folders/10/2gtg3c9534n7mjwvtflsvxs80000gn/T/arduino_cache_356770/core/core_55a618dc9b7696c1cbc140e0005f650c.a(rcc_f1.c.o)
                0x0000000008005020                rcc_dev_table
 .rodata.masks.4420