Archive member included because of file (symbol)

/var/folders/10/2gtg3c9534n7mjwvtflsvxs80000gn/T/arduino_build_328479/core/core.a(exc.S.o)
                              (__exc_nmi)
/var/folders/10/2gtg3c9534n7mjwvtflsvxs80000gn/T/arduino_build_328479/core/core.a(isrs.S.o)
                              (__stm32reservedexception7)
/var/folders/10/2gtg3c9534n7mjwvtflsvxs80000gn/T/arduino_build_328479/core/core.a(vector_table.S.o)
                              (__stm32_vector_table)
/var/folders/10/2gtg3c9534n7mjwvtflsvxs80000gn/T/arduino_build_328479/core/core.a(adc.c.o)
                              /var/folders/10/2gtg3c9534n7mjwvtflsvxs80000gn/T/arduino_build_328479/core/wirish/boards.cpp.o (adc_set_sample_rate)
/var/folders/10/2gtg3c9534n7mjwvtflsvxs80000gn/T/arduino_build_328479/core/core.a(adc_f1.c.o)
                              (__irq_adc)
/var/folders/10/2gtg3c9534n7mjwvtflsvxs80000gn/T/arduino_build_328479/core/core.a(dma_f1.c.o)
                              (__irq_dma1_channel1)
/var/folders/10/2gtg3c9534n7mjwvtflsvxs80000gn/T/arduino_build_328479/core/core.a(exti.c.o)
                              (__irq_exti0)
/var/folders/10/2gtg3c9534n7mjwvtflsvxs80000gn/T/arduino_build_328479/core/core.a(exti_f1.c.o)
                              /var/folders/10/2gtg3c9534n7mjwvtflsvxs80000gn/T/arduino_build_328479/core/core.a(exti.c.o) (exti_select)
/var/folders/10/2gtg3c9534n7mjwvtflsvxs80000gn/T/arduino_build_328479/core/core.a(flash.c.o)
                              /var/folders/10/2gtg3c9534n7mjwvtflsvxs80000gn/T/arduino_build_328479/core/wirish/boards.cpp.o (flash_set_latency)
/var/folders/10/2gtg3c9534n7mjwvtflsvxs80000gn/T/arduino_build_328479/core/core.a(gpio_f1.c.o)
                              /var/folders/10/2gtg3c9534n7mjwvtflsvxs80000gn/T/arduino_build_328479/core/wirish/boards_setup.cpp.o (gpio_init_all)
/var/folders/10/2gtg3c9534n7mjwvtflsvxs80000gn/T/arduino_build_328479/core/core.a(i2c_f1.c.o)
                              (__irq_i2c1_ev)
/var/folders/10/2gtg3c9534n7mjwvtflsvxs80000gn/T/arduino_build_328479/core/core.a(nvic.c.o)
                              /var/folders/10/2gtg3c9534n7mjwvtflsvxs80000gn/T/arduino_build_328479/core/core.a(i2c_f1.c.o) (nvic_irq_set_priority)
/var/folders/10/2gtg3c9534n7mjwvtflsvxs80000gn/T/arduino_build_328479/core/core.a(rcc.c.o)
                              /var/folders/10/2gtg3c9534n7mjwvtflsvxs80000gn/T/arduino_build_328479/core/wirish/boards.cpp.o (rcc_switch_sysclk)
/var/folders/10/2gtg3c9534n7mjwvtflsvxs80000gn/T/arduino_build_328479/core/core.a(rcc_f1.c.o)
                              /var/folders/10/2gtg3c9534n7mjwvtflsvxs80000gn/T/arduino_build_328479/core/wirish/boards.cpp.o (rcc_configure_pll)
/var/folders/10/2gtg3c9534n7mjwvtflsvxs80000gn/T/arduino_build_328479/core/core.a(systick.c.o)
                              /var/folders/10/2gtg3c9534n7mjwvtflsvxs80000gn/T/arduino_build_328479/core/wirish/boards.cpp.o (systick_init)
/var/folders/10/2gtg3c9534n7mjwvtflsvxs80000gn/T/arduino_build_328479/core/core.a(timer.c.o)
                              /var/folders/10/2gtg3c9534n7mjwvtflsvxs80000gn/T/arduino_build_328479/core/wirish/boards.cpp.o (timer_foreach)
/var/folders/10/2gtg3c9534n7mjwvtflsvxs80000gn/T/arduino_build_328479/core/core.a(usart_f1.c.o)
                              (__irq_usart1)
/var/folders/10/2gtg3c9534n7mjwvtflsvxs80000gn/T/arduino_build_328479/core/core.a(usart_private.c.o)
                              /var/folders/10/2gtg3c9534n7mjwvtflsvxs80000gn/T/arduino_build_328479/core/core.a(usart_f1.c.o) (_usart_clock_freq)
/var/folders/10/2gtg3c9534n7mjwvtflsvxs80000gn/T/arduino_build_328479/core/core.a(usb.c.o)
                              (__irq_usb_lp_can_rx0)
/var/folders/10/2gtg3c9534n7mjwvtflsvxs80000gn/T/arduino_build_328479/core/core.a(usb_cdcacm.c.o)
                              /var/folders/10/2gtg3c9534n7mjwvtflsvxs80000gn/T/arduino_build_328479/core/core.a(usb.c.o) (User_Standard_Requests)
/var/folders/10/2gtg3c9534n7mjwvtflsvxs80000gn/T/arduino_build_328479/core/core.a(usb_reg_map.c.o)
                              /var/folders/10/2gtg3c9534n7mjwvtflsvxs80000gn/T/arduino_build_328479/core/core.a(usb_cdcacm.c.o) (usb_set_ep_rx_count)
/var/folders/10/2gtg3c9534n7mjwvtflsvxs80000gn/T/arduino_build_328479/core/core.a(usb_core.c.o)
                              /var/folders/10/2gtg3c9534n7mjwvtflsvxs80000gn/T/arduino_build_328479/core/core.a(usb_cdcacm.c.o) (Standard_GetDescriptorData)
/var/folders/10/2gtg3c9534n7mjwvtflsvxs80000gn/T/arduino_build_328479/core/core.a(usb_init.c.o)
                              /var/folders/10/2gtg3c9534n7mjwvtflsvxs80000gn/T/arduino_build_328479/core/core.a(usb.c.o) (pInformation)
/var/folders/10/2gtg3c9534n7mjwvtflsvxs80000gn/T/arduino_build_328479/core/core.a(usb_mem.c.o)
                              /var/folders/10/2gtg3c9534n7mjwvtflsvxs80000gn/T/arduino_build_328479/core/core.a(usb_core.c.o) (UserToPMABufferCopy)
[...]
Memory Configuration

Name             Origin             Length             Attributes
ram              0x0000000020000000 0x000000000000c000 xrw
rom              0x0000000008000000 0x0000000000040000 xr
*default*        0x0000000000000000 0xffffffffffffffff

Linker script and memory map

LOAD /Users/giovanni/Library/Arduino15/packages/arduino/tools/arm-none-eabi-gcc/4.8.3-2014q1/bin/../lib/gcc/arm-none-eabi/4.8.3/armv7-m/crti.o
LOAD /Users/giovanni/Library/Arduino15/packages/arduino/tools/arm-none-eabi-gcc/4.8.3-2014q1/bin/../lib/gcc/arm-none-eabi/4.8.3/armv7-m/crtbegin.o
LOAD /Users/giovanni/Library/Arduino15/packages/arduino/tools/arm-none-eabi-gcc/4.8.3-2014q1/bin/../lib/gcc/arm-none-eabi/4.8.3/../../../../arm-none-eabi/lib/armv7-m/crt0.o
LOAD /Users/giovanni/Library/Arduino15/packages/arduino/tools/arm-none-eabi-gcc/4.8.3-2014q1/bin/../lib/gcc/arm-none-eabi/4.8.3/armv7-m/libgcc.a
START GROUP
LOAD /var/folders/10/2gtg3c9534n7mjwvtflsvxs80000gn/T/arduino_build_328479/sketch/Blink.ino.cpp.o
LOAD /var/folders/10/2gtg3c9534n7mjwvtflsvxs80000gn/T/arduino_build_328479/core/wirish/start.S.o
LOAD /var/folders/10/2gtg3c9534n7mjwvtflsvxs80000gn/T/arduino_build_328479/core/wirish/start_c.c.o
LOAD /var/folders/10/2gtg3c9534n7mjwvtflsvxs80000gn/T/arduino_build_328479/core/wirish/syscalls.c.o
LOAD /var/folders/10/2gtg3c9534n7mjwvtflsvxs80000gn/T/arduino_build_328479/core/board.cpp.o
LOAD /var/folders/10/2gtg3c9534n7mjwvtflsvxs80000gn/T/arduino_build_328479/core/wirish/boards.cpp.o
LOAD /var/folders/10/2gtg3c9534n7mjwvtflsvxs80000gn/T/arduino_build_328479/core/wirish/boards_setup.cpp.o
LOAD /var/folders/10/2gtg3c9534n7mjwvtflsvxs80000gn/T/arduino_build_328479/core/core.a
END GROUP
LOAD /Users/giovanni/Library/Arduino15/packages/arduino/tools/arm-none-eabi-gcc/4.8.3-2014q1/bin/../lib/gcc/arm-none-eabi/4.8.3/../../../../arm-none-eabi/lib/armv7-m/libstdc++_s.a
LOAD /Users/giovanni/Library/Arduino15/packages/arduino/tools/arm-none-eabi-gcc/4.8.3-2014q1/bin/../lib/gcc/arm-none-eabi/4.8.3/../../../../arm-none-eabi/lib/armv7-m/libm.a
START GROUP
LOAD /Users/giovanni/Library/Arduino15/packages/arduino/tools/arm-none-eabi-gcc/4.8.3-2014q1/bin/../lib/gcc/arm-none-eabi/4.8.3/armv7-m/libgcc.a
LOAD /Users/giovanni/Library/Arduino15/packages/arduino/tools/arm-none-eabi-gcc/4.8.3-2014q1/bin/../lib/gcc/arm-none-eabi/4.8.3/../../../../arm-none-eabi/lib/armv7-m/libc_s.a
END GROUP
START GROUP
LOAD /Users/giovanni/Library/Arduino15/packages/arduino/tools/arm-none-eabi-gcc/4.8.3-2014q1/bin/../lib/gcc/arm-none-eabi/4.8.3/armv7-m/libgcc.a
LOAD /Users/giovanni/Library/Arduino15/packages/arduino/tools/arm-none-eabi-gcc/4.8.3-2014q1/bin/../lib/gcc/arm-none-eabi/4.8.3/../../../../arm-none-eabi/lib/armv7-m/libc_s.a
END GROUP
LOAD /Users/giovanni/Library/Arduino15/packages/arduino/tools/arm-none-eabi-gcc/4.8.3-2014q1/bin/../lib/gcc/arm-none-eabi/4.8.3/armv7-m/crtend.o
LOAD /Users/giovanni/Library/Arduino15/packages/arduino/tools/arm-none-eabi-gcc/4.8.3-2014q1/bin/../lib/gcc/arm-none-eabi/4.8.3/armv7-m/crtn.o
START GROUP
LOAD /Users/giovanni/Library/Arduino15/packages/arduino/tools/arm-none-eabi-gcc/4.8.3-2014q1/bin/../lib/gcc/arm-none-eabi/4.8.3/armv7-m/libgcc.a
LOAD /Users/giovanni/Library/Arduino15/packages/arduino/tools/arm-none-eabi-gcc/4.8.3-2014q1/bin/../lib/gcc/arm-none-eabi/4.8.3/../../../../arm-none-eabi/lib/armv7-m/libc.a
LOAD /Users/giovanni/Library/Arduino15/packages/arduino/tools/arm-none-eabi-gcc/4.8.3-2014q1/bin/../lib/gcc/arm-none-eabi/4.8.3/../../../../arm-none-eabi/lib/armv7-m/libm.a
END GROUP
START GROUP
LOAD /Users/giovanni/Library/Arduino15/packages/arduino/tools/arm-none-eabi-gcc/4.8.3-2014q1/bin/../lib/gcc/arm-none-eabi/4.8.3/../../../../arm-none-eabi/lib/armv7-m/libnosys.a
END GROUP
                0x000000002000c000                PROVIDE (__msp_init, (ORIGIN (ram) + 0xc000))
                0x00000000080001b4                PROVIDE (__exc_reset, __start__)

.text           0x0000000008000000     0x2678
                0x0000000008000000                __text_start__ = .
 *(.stm32.interrupt_vector)
 .stm32.interrupt_vector
                0x0000000008000000      0x130 /var/folders/10/2gtg3c9534n7mjwvtflsvxs80000gn/T/arduino_build_328479/core/core.a(vector_table.S.o)
                0x0000000008000000                __stm32_vector_table
 *(.text .text.* .gnu.linkonce.t.*)
 .text          0x0000000008000130       0x54 /Users/giovanni/Library/Arduino15/packages/arduino/tools/arm-none-eabi-gcc/4.8.3-2014q1/bin/../lib/gcc/arm-none-eabi/4.8.3/armv7-m/crtbegin.o
 .text._Z5setupv
                0x0000000008000184        0x8 /var/folders/10/2gtg3c9534n7mjwvtflsvxs80000gn/T/arduino_build_328479/sketch/Blink.ino.cpp.o
                0x0000000008000184                setup()
 .text._Z4loopv
                0x000000000800018c       0x26 /var/folders/10/2gtg3c9534n7mjwvtflsvxs80000gn/T/arduino_build_328479/sketch/Blink.ino.cpp.o
                0x000000000800018c                loop()
 *fill*         0x00000000080001b2        0x2 
 .text          0x00000000080001b4       0x10 /var/folders/10/2gtg3c9534n7mjwvtflsvxs80000gn/T/arduino_build_328479/core/wirish/start.S.o
                0x00000000080001b4                __start__
 .text.start_c  0x00000000080001c4       0x64 /var/folders/10/2gtg3c9534n7mjwvtflsvxs80000gn/T/arduino_build_328479/core/wirish/start_c.c.o
                0x00000000080001c4                start_c
 .text._exit    0x0000000008000228        0x2 /var/folders/10/2gtg3c9534n7mjwvtflsvxs80000gn/T/arduino_build_328479/core/wirish/syscalls.c.o
                0x0000000008000228                _exit
 *fill*         0x000000000800022a        0x2 
 .text.startup._GLOBAL__sub_I_PIN_MAP
                0x000000000800022c       0x74 /var/folders/10/2gtg3c9534n7mjwvtflsvxs80000gn/T/arduino_build_328479/core/board.cpp.o
 .text._ZL18adc_default_configP7adc_dev
                0x00000000080002a0       0x1c /var/folders/10/2gtg3c9534n7mjwvtflsvxs80000gn/T/arduino_build_328479/core/wirish/boards.cpp.o
 .text._ZL20timer_default_configP9timer_dev
                0x00000000080002bc       0x9e /var/folders/10/2gtg3c9534n7mjwvtflsvxs80000gn/T/arduino_build_328479/core/wirish/boards.cpp.o
 .text._Z9boardInitv
                0x000000000800035a        0x2 /var/folders/10/2gtg3c9534n7mjwvtflsvxs80000gn/T/arduino_build_328479/core/wirish/boards.cpp.o
                0x000000000800035a                boardInit()
 .text._Z4initv
                0x000000000800035c       0xbc /var/folders/10/2gtg3c9534n7mjwvtflsvxs80000gn/T/arduino_build_328479/core/wirish/boards.cpp.o
                0x000000000800035c                init()
 .text._ZN6wirish4priv15board_reset_pllEv
                0x0000000008000418        0x2 /var/folders/10/2gtg3c9534n7mjwvtflsvxs80000gn/T/arduino_build_328479/core/wirish/boards_setup.cpp.o
                0x0000000008000418                wirish::priv::board_reset_pll()
 .text._ZN6wirish4priv28board_setup_clock_prescalersEv
                0x000000000800041a       0x2e /var/folders/10/2gtg3c9534n7mjwvtflsvxs80000gn/T/arduino_build_328479/core/wirish/boards_setup.cpp.o
                0x000000000800041a                wirish::priv::board_setup_clock_prescalers()
 .text._ZN6wirish4priv16board_setup_gpioEv
                0x0000000008000448        0x4 /var/folders/10/2gtg3c9534n7mjwvtflsvxs80000gn/T/arduino_build_328479/core/wirish/boards_setup.cpp.o
                0x0000000008000448                wirish::priv::board_setup_gpio()
 .text._ZN6wirish4priv15board_setup_usbEv
                0x000000000800044c        0x2 /var/folders/10/2gtg3c9534n7mjwvtflsvxs80000gn/T/arduino_build_328479/core/wirish/boards_setup.cpp.o
                0x000000000800044c                wirish::priv::board_setup_usb()
 .text._ZN6wirish4priv11series_initEv
                0x000000000800044e        0x4 /var/folders/10/2gtg3c9534n7mjwvtflsvxs80000gn/T/arduino_build_328479/core/wirish/boards_setup.cpp.o
                0x000000000800044e                wirish::priv::series_init()
 *fill*         0x0000000008000452        0xe 
 .text          0x0000000008000460       0x60 /var/folders/10/2gtg3c9534n7mjwvtflsvxs80000gn/T/arduino_build_328479/core/core.a(exc.S.o)
                0x0000000008000460                __exc_nmi
                0x0000000008000464                __exc_hardfault
                0x0000000008000468                __exc_memmanage
                0x000000000800046c                __exc_busfault
                0x0000000008000470                __exc_usagefault
 .text          0x00000000080004c0        0x2 /var/folders/10/2gtg3c9534n7mjwvtflsvxs80000gn/T/arduino_build_328479/core/core.a(isrs.S.o)
                0x00000000080004c0                __irq_rcc
                0x00000000080004c0                __irq_sdio
                0x00000000080004c0                __irq_fsmc
                0x00000000080004c0                __exc_debug_monitor
                0x00000000080004c0                __exc_svc
                0x00000000080004c0                __irq_can_rx1
                0x00000000080004c0                __irq_spi2
                0x00000000080004c0                __irq_can_sce
                0x00000000080004c0                __irq_pvd
                0x00000000080004c0                __irq_tamper
                0x00000000080004c0                __default_handler
                0x00000000080004c0                __irq_wwdg
                0x00000000080004c0                __stm32reservedexception10
                0x00000000080004c0                __irq_flash
                0x00000000080004c0                __stm32reservedexception13
                0x00000000080004c0                __irq_rtc
                0x00000000080004c0                __irq_spi1
                0x00000000080004c0                __stm32reservedexception7
                0x00000000080004c0                __irq_usb_hp_can_tx
                0x00000000080004c0                __irq_rtcalarm
                0x00000000080004c0                __irq_spi3
                0x00000000080004c0                __stm32reservedexception8
                0x00000000080004c0                __exc_pendsv
                0x00000000080004c0                __irq_usbwakeup
                0x00000000080004c0                __stm32reservedexception9
 .text.adc_init
                0x00000000080004c2       0x14 /var/folders/10/2gtg3c9534n7mjwvtflsvxs80000gn/T/arduino_build_328479/core/core.a(adc.c.o)
                0x00000000080004c2                adc_init
 .text.adc_set_extsel
                0x00000000080004d6       0x12 /var/folders/10/2gtg3c9534n7mjwvtflsvxs80000gn/T/arduino_build_328479/core/core.a(adc.c.o)
                0x00000000080004d6                adc_set_extsel
 .text.adc_set_sample_rate
                0x00000000080004e8       0x30 /var/folders/10/2gtg3c9534n7mjwvtflsvxs80000gn/T/arduino_build_328479/core/core.a(adc.c.o)
                0x00000000080004e8                adc_set_sample_rate
 .text.__irq_adc
                0x0000000008000518       0x50 /var/folders/10/2gtg3c9534n7mjwvtflsvxs80000gn/T/arduino_build_328479/core/core.a(adc_f1.c.o)
                0x0000000008000518                __irq_adc
 .text.__irq_adc3
                0x0000000008000568       0x50 /var/folders/10/2gtg3c9534n7mjwvtflsvxs80000gn/T/arduino_build_328479/core/core.a(adc_f1.c.o)
                0x0000000008000568                __irq_adc3
 .text.adc_calibrate
                0x00000000080005b8       0x24 /var/folders/10/2gtg3c9534n7mjwvtflsvxs80000gn/T/arduino_build_328479/core/core.a(adc_f1.c.o)
                0x00000000080005b8                adc_calibrate
 .text.adc_set_prescaler
                0x00000000080005dc        0x8 /var/folders/10/2gtg3c9534n7mjwvtflsvxs80000gn/T/arduino_build_328479/core/core.a(adc_f1.c.o)
                0x00000000080005dc                adc_set_prescaler
 .text.adc_foreach
                0x00000000080005e4       0x24 /var/folders/10/2gtg3c9534n7mjwvtflsvxs80000gn/T/arduino_build_328479/core/core.a(adc_f1.c.o)
                0x00000000080005e4                adc_foreach
 .text.adc_enable_single_swstart
                0x0000000008000608       0x36 /var/folders/10/2gtg3c9534n7mjwvtflsvxs80000gn/T/arduino_build_328479/core/core.a(adc_f1.c.o)
                0x0000000008000608                adc_enable_single_swstart
 .text.dma_irq_handler
                0x000000000800063e       0x1c /var/folders/10/2gtg3c9534n7mjwvtflsvxs80000gn/T/arduino_build_328479/core/core.a(dma_f1.c.o)
 *fill*         0x000000000800065a        0x2 
 .text.__irq_dma1_channel1
                0x000000000800065c       0x10 /var/folders/10/2gtg3c9534n7mjwvtflsvxs80000gn/T/arduino_build_328479/core/core.a(dma_f1.c.o)
                0x000000000800065c                __irq_dma1_channel1
 .text.__irq_dma1_channel2
                0x000000000800066c       0x10 /var/folders/10/2gtg3c9534n7mjwvtflsvxs80000gn/T/arduino_build_328479/core/core.a(dma_f1.c.o)
                0x000000000800066c                __irq_dma1_channel2
 .text.__irq_dma1_channel3
                0x000000000800067c       0x10 /var/folders/10/2gtg3c9534n7mjwvtflsvxs80000gn/T/arduino_build_328479/core/core.a(dma_f1.c.o)
                0x000000000800067c                __irq_dma1_channel3
 .text.__irq_dma1_channel4
                0x000000000800068c       0x10 /var/folders/10/2gtg3c9534n7mjwvtflsvxs80000gn/T/arduino_build_328479/core/core.a(dma_f1.c.o)
                0x000000000800068c                __irq_dma1_channel4
 .text.__irq_dma1_channel5
                0x000000000800069c       0x10 /var/folders/10/2gtg3c9534n7mjwvtflsvxs80000gn/T/arduino_build_328479/core/core.a(dma_f1.c.o)
                0x000000000800069c                __irq_dma1_channel5
 .text.__irq_dma1_channel6
                0x00000000080006ac       0x10 /var/folders/10/2gtg3c9534n7mjwvtflsvxs80000gn/T/arduino_build_328479/core/core.a(dma_f1.c.o)
                0x00000000080006ac                __irq_dma1_channel6
 .text.__irq_dma1_channel7
                0x00000000080006bc       0x10 /var/folders/10/2gtg3c9534n7mjwvtflsvxs80000gn/T/arduino_build_328479/core/core.a(dma_f1.c.o)
                0x00000000080006bc                __irq_dma1_channel7
 .text.__irq_dma2_channel1
                0x00000000080006cc       0x10 /var/folders/10/2gtg3c9534n7mjwvtflsvxs80000gn/T/arduino_build_328479/core/core.a(dma_f1.c.o)
                0x00000000080006cc                __irq_dma2_channel1
 .text.__irq_dma2_channel2
                0x00000000080006dc       0x10 /var/folders/10/2gtg3c9534n7mjwvtflsvxs80000gn/T/arduino_build_328479/core/core.a(dma_f1.c.o)
                0x00000000080006dc                __irq_dma2_channel2
 .text.__irq_dma2_channel3
                0x00000000080006ec       0x10 /var/folders/10/2gtg3c9534n7mjwvtflsvxs80000gn/T/arduino_build_328479/core/core.a(dma_f1.c.o)
                0x00000000080006ec                __irq_dma2_channel3
 .text.__irq_dma2_channel4_5
                0x00000000080006fc       0x40 /var/folders/10/2gtg3c9534n7mjwvtflsvxs80000gn/T/arduino_build_328479/core/core.a(dma_f1.c.o)
                0x00000000080006fc                __irq_dma2_channel4_5
 .text.dispatch_single_exti
                0x000000000800073c       0x2c /var/folders/10/2gtg3c9534n7mjwvtflsvxs80000gn/T/arduino_build_328479/core/core.a(exti.c.o)
                0x000000000800073c                dispatch_single_exti
 .text.dispatch_extis
                0x0000000008000768       0x4c /var/folders/10/2gtg3c9534n7mjwvtflsvxs80000gn/T/arduino_build_328479/core/core.a(exti.c.o)
                0x0000000008000768                dispatch_extis
 .text.__irq_exti0
                0x00000000080007b4        0x6 /var/folders/10/2gtg3c9534n7mjwvtflsvxs80000gn/T/arduino_build_328479/core/core.a(exti.c.o)
                0x00000000080007b4                __irq_exti0
 .text.__irq_exti1
                0x00000000080007ba        0x6 /var/folders/10/2gtg3c9534n7mjwvtflsvxs80000gn/T/arduino_build_328479/core/core.a(exti.c.o)
                0x00000000080007ba                __irq_exti1
 .text.__irq_exti2
                0x00000000080007c0        0x6 /var/folders/10/2gtg3c9534n7mjwvtflsvxs80000gn/T/arduino_build_328479/core/core.a(exti.c.o)
                0x00000000080007c0                __irq_exti2
 .text.__irq_exti3
                0x00000000080007c6        0x6 /var/folders/10/2gtg3c9534n7mjwvtflsvxs80000gn/T/arduino_build_328479/core/core.a(exti.c.o)
                0x00000000080007c6                __irq_exti3
 .text.__irq_exti4
                0x00000000080007cc        0x6 /var/folders/10/2gtg3c9534n7mjwvtflsvxs80000gn/T/arduino_build_328479/core/core.a(exti.c.o)
                0x00000000080007cc                __irq_exti4
 .text.__irq_exti9_5
                0x00000000080007d2        0x8 /var/folders/10/2gtg3c9534n7mjwvtflsvxs80000gn/T/arduino_build_328479/core/core.a(exti.c.o)
                0x00000000080007d2                __irq_exti9_5
 .text.__irq_exti15_10
                0x00000000080007da        0x8 /var/folders/10/2gtg3c9534n7mjwvtflsvxs80000gn/T/arduino_build_328479/core/core.a(exti.c.o)
                0x00000000080007da                __irq_exti15_10
 *fill*         0x00000000080007e2        0x2 
 .text.flash_set_latency
                0x00000000080007e4       0x14 /var/folders/10/2gtg3c9534n7mjwvtflsvxs80000gn/T/arduino_build_328479/core/core.a(flash.c.o)
                0x00000000080007e4                flash_set_latency
 .text.gpio_init_all
                0x00000000080007f8       0x30 /var/folders/10/2gtg3c9534n7mjwvtflsvxs80000gn/T/arduino_build_328479/core/core.a(gpio_f1.c.o)
                0x00000000080007f8                gpio_init_all
 .text.gpio_set_mode
                0x0000000008000828       0x50 /var/folders/10/2gtg3c9534n7mjwvtflsvxs80000gn/T/arduino_build_328479/core/core.a(gpio_f1.c.o)
                0x0000000008000828                gpio_set_mode
 .text.afio_init
                0x0000000008000878       0x12 /var/folders/10/2gtg3c9534n7mjwvtflsvxs80000gn/T/arduino_build_328479/core/core.a(gpio_f1.c.o)
                0x0000000008000878                afio_init
 *fill*         0x000000000800088a        0x2 
 .text.__irq_i2c1_ev
                0x000000000800088c        0xc /var/folders/10/2gtg3c9534n7mjwvtflsvxs80000gn/T/arduino_build_328479/core/core.a(i2c_f1.c.o)
                0x000000000800088c                __irq_i2c1_ev
 .text.__irq_i2c2_ev
                0x0000000008000898        0xc /var/folders/10/2gtg3c9534n7mjwvtflsvxs80000gn/T/arduino_build_328479/core/core.a(i2c_f1.c.o)
                0x0000000008000898                __irq_i2c2_ev
 .text.__irq_i2c1_er
                0x00000000080008a4        0xc /var/folders/10/2gtg3c9534n7mjwvtflsvxs80000gn/T/arduino_build_328479/core/core.a(i2c_f1.c.o)
                0x00000000080008a4                __irq_i2c1_er
 .text.__irq_i2c2_er
                0x00000000080008b0        0xc /var/folders/10/2gtg3c9534n7mjwvtflsvxs80000gn/T/arduino_build_328479/core/core.a(i2c_f1.c.o)
                0x00000000080008b0                __irq_i2c2_er
 .text.nvic_irq_set_priority
                0x00000000080008bc       0x28 /var/folders/10/2gtg3c9534n7mjwvtflsvxs80000gn/T/arduino_build_328479/core/core.a(nvic.c.o)
                0x00000000080008bc                nvic_irq_set_priority
 .text.nvic_init
                0x00000000080008e4       0x30 /var/folders/10/2gtg3c9534n7mjwvtflsvxs80000gn/T/arduino_build_328479/core/core.a(nvic.c.o)
                0x00000000080008e4                nvic_init
 .text.rcc_dev_clk
                0x0000000008000914        0xc /var/folders/10/2gtg3c9534n7mjwvtflsvxs80000gn/T/arduino_build_328479/core/core.a(rcc.c.o)
                0x0000000008000914                rcc_dev_clk
 .text.rcc_switch_sysclk
                0x0000000008000920       0x20 /var/folders/10/2gtg3c9534n7mjwvtflsvxs80000gn/T/arduino_build_328479/core/core.a(rcc.c.o)
                0x0000000008000920                rcc_switch_sysclk
 .text.rcc_turn_on_clk
                0x0000000008000940       0x1a /var/folders/10/2gtg3c9534n7mjwvtflsvxs80000gn/T/arduino_build_328479/core/core.a(rcc.c.o)
                0x0000000008000940                rcc_turn_on_clk
 .text.rcc_turn_off_clk
                0x000000000800095a       0x1c /var/folders/10/2gtg3c9534n7mjwvtflsvxs80000gn/T/arduino_build_328479/core/core.a(rcc.c.o)
                0x000000000800095a                rcc_turn_off_clk
 .text.rcc_is_clk_ready
                0x0000000008000976       0x18 /var/folders/10/2gtg3c9534n7mjwvtflsvxs80000gn/T/arduino_build_328479/core/core.a(rcc.c.o)
                0x0000000008000976                rcc_is_clk_ready
 *fill*         0x000000000800098e        0x2 
 .text.rcc_configure_pll
                0x0000000008000990       0x18 /var/folders/10/2gtg3c9534n7mjwvtflsvxs80000gn/T/arduino_build_328479/core/core.a(rcc_f1.c.o)
                0x0000000008000990                rcc_configure_pll
 .text.rcc_clk_enable
                0x00000000080009a8       0x30 /var/folders/10/2gtg3c9534n7mjwvtflsvxs80000gn/T/arduino_build_328479/core/core.a(rcc_f1.c.o)
                0x00000000080009a8                rcc_clk_enable
 .text.rcc_reset_dev
                0x00000000080009d8       0x34 /var/folders/10/2gtg3c9534n7mjwvtflsvxs80000gn/T/arduino_build_328479/core/core.a(rcc_f1.c.o)
                0x00000000080009d8                rcc_reset_dev
 .text.rcc_set_prescaler
                0x0000000008000a0c       0x20 /var/folders/10/2gtg3c9534n7mjwvtflsvxs80000gn/T/arduino_build_328479/core/core.a(rcc_f1.c.o)
                0x0000000008000a0c                rcc_set_prescaler
 .text.rcc_clk_disable
                0x0000000008000a2c       0x30 /var/folders/10/2gtg3c9534n7mjwvtflsvxs80000gn/T/arduino_build_328479/core/core.a(rcc_f1.c.o)
                0x0000000008000a2c                rcc_clk_disable
 .text.systick_init
                0x0000000008000a5c       0x10 /var/folders/10/2gtg3c9534n7mjwvtflsvxs80000gn/T/arduino_build_328479/core/core.a(systick.c.o)
                0x0000000008000a5c                systick_init
 .text.__exc_systick
                0x0000000008000a6c       0x1c /var/folders/10/2gtg3c9534n7mjwvtflsvxs80000gn/T/arduino_build_328479/core/core.a(systick.c.o)
                0x0000000008000a6c                __exc_systick
 .text.timer_oc_set_mode
                0x0000000008000a88       0x3a /var/folders/10/2gtg3c9534n7mjwvtflsvxs80000gn/T/arduino_build_328479/core/core.a(timer.c.o)
 .text.dispatch_single_irq
                0x0000000008000ac2       0x20 /var/folders/10/2gtg3c9534n7mjwvtflsvxs80000gn/T/arduino_build_328479/core/core.a(timer.c.o)
 .text.dispatch_adv_trg_com
                0x0000000008000ae2       0x2e /var/folders/10/2gtg3c9534n7mjwvtflsvxs80000gn/T/arduino_build_328479/core/core.a(timer.c.o)
 .text.dispatch_adv_cc
                0x0000000008000b10       0x4a /var/folders/10/2gtg3c9534n7mjwvtflsvxs80000gn/T/arduino_build_328479/core/core.a(timer.c.o)
 .text.dispatch_general
                0x0000000008000b5a       0x66 /var/folders/10/2gtg3c9534n7mjwvtflsvxs80000gn/T/arduino_build_328479/core/core.a(timer.c.o)
 .text.timer_cc_enable
                0x0000000008000bc0       0x1c /var/folders/10/2gtg3c9534n7mjwvtflsvxs80000gn/T/arduino_build_328479/core/core.a(timer.c.o)
 .text.timer_foreach
                0x0000000008000bdc       0x48 /var/folders/10/2gtg3c9534n7mjwvtflsvxs80000gn/T/arduino_build_328479/core/core.a(timer.c.o)
                0x0000000008000bdc                timer_foreach
 .text.timer_init
                0x0000000008000c24       0x14 /var/folders/10/2gtg3c9534n7mjwvtflsvxs80000gn/T/arduino_build_328479/core/core.a(timer.c.o)
                0x0000000008000c24                timer_init
 .text.timer_has_cc_channel
                0x0000000008000c38       0x30 /var/folders/10/2gtg3c9534n7mjwvtflsvxs80000gn/T/arduino_build_328479/core/core.a(timer.c.o)
                0x0000000008000c38                timer_has_cc_channel
 .text.timer_detach_interrupt
                0x0000000008000c68       0x1e /var/folders/10/2gtg3c9534n7mjwvtflsvxs80000gn/T/arduino_build_328479/core/core.a(timer.c.o)
                0x0000000008000c68                timer_detach_interrupt
 .text.input_capture_mode
                0x0000000008000c86       0x1a /var/folders/10/2gtg3c9534n7mjwvtflsvxs80000gn/T/arduino_build_328479/core/core.a(timer.c.o)
                0x0000000008000c86                input_capture_mode
 .text.timer_set_mode
                0x0000000008000ca0       0x8c /var/folders/10/2gtg3c9534n7mjwvtflsvxs80000gn/T/arduino_build_328479/core/core.a(timer.c.o)
                0x0000000008000ca0                timer_set_mode
 .text.__irq_tim1_brk
                0x0000000008000d2c       0x10 /var/folders/10/2gtg3c9534n7mjwvtflsvxs80000gn/T/arduino_build_328479/core/core.a(timer.c.o)
                0x0000000008000d2c                __irq_tim1_brk
 .text.__irq_tim1_up
                0x0000000008000d3c       0x10 /var/folders/10/2gtg3c9534n7mjwvtflsvxs80000gn/T/arduino_build_328479/core/core.a(timer.c.o)
                0x0000000008000d3c                __irq_tim1_up
 .text.__irq_tim1_trg_com
                0x0000000008000d4c        0xc /var/folders/10/2gtg3c9534n7mjwvtflsvxs80000gn/T/arduino_build_328479/core/core.a(timer.c.o)
                0x0000000008000d4c                __irq_tim1_trg_com
 .text.__irq_tim1_cc
                0x0000000008000d58        0xc /var/folders/10/2gtg3c9534n7mjwvtflsvxs80000gn/T/arduino_build_328479/core/core.a(timer.c.o)
                0x0000000008000d58                __irq_tim1_cc
 .text.__irq_tim2
                0x0000000008000d64        0xc /var/folders/10/2gtg3c9534n7mjwvtflsvxs80000gn/T/arduino_build_328479/core/core.a(timer.c.o)
                0x0000000008000d64                __irq_tim2
 .text.__irq_tim3
                0x0000000008000d70        0xc /var/folders/10/2gtg3c9534n7mjwvtflsvxs80000gn/T/arduino_build_328479/core/core.a(timer.c.o)
                0x0000000008000d70                __irq_tim3
 .text.__irq_tim4
                0x0000000008000d7c        0xc /var/folders/10/2gtg3c9534n7mjwvtflsvxs80000gn/T/arduino_build_328479/core/core.a(timer.c.o)
                0x0000000008000d7c                __irq_tim4
 .text.__irq_tim5
                0x0000000008000d88        0xc /var/folders/10/2gtg3c9534n7mjwvtflsvxs80000gn/T/arduino_build_328479/core/core.a(timer.c.o)
                0x0000000008000d88                __irq_tim5
 .text.__irq_tim6
                0x0000000008000d94       0x10 /var/folders/10/2gtg3c9534n7mjwvtflsvxs80000gn/T/arduino_build_328479/core/core.a(timer.c.o)
                0x0000000008000d94                __irq_tim6
 .text.__irq_tim7
                0x0000000008000da4       0x10 /var/folders/10/2gtg3c9534n7mjwvtflsvxs80000gn/T/arduino_build_328479/core/core.a(timer.c.o)
                0x0000000008000da4                __irq_tim7
 .text.__irq_tim8_brk
                0x0000000008000db4       0x10 /var/folders/10/2gtg3c9534n7mjwvtflsvxs80000gn/T/arduino_build_328479/core/core.a(timer.c.o)
                0x0000000008000db4                __irq_tim8_brk
 .text.__irq_tim8_up
                0x0000000008000dc4       0x10 /var/folders/10/2gtg3c9534n7mjwvtflsvxs80000gn/T/arduino_build_328479/core/core.a(timer.c.o)
                0x0000000008000dc4                __irq_tim8_up
 .text.__irq_tim8_trg_com
                0x0000000008000dd4        0xc /var/folders/10/2gtg3c9534n7mjwvtflsvxs80000gn/T/arduino_build_328479/core/core.a(timer.c.o)
                0x0000000008000dd4                __irq_tim8_trg_com
 .text.__irq_tim8_cc
                0x0000000008000de0        0xc /var/folders/10/2gtg3c9534n7mjwvtflsvxs80000gn/T/arduino_build_328479/core/core.a(timer.c.o)
                0x0000000008000de0                __irq_tim8_cc
 .text.usart_irq
                0x0000000008000dec       0xc8 /var/folders/10/2gtg3c9534n7mjwvtflsvxs80000gn/T/arduino_build_328479/core/core.a(usart_f1.c.o)
 .text.__irq_usart1
                0x0000000008000eb4       0x18 /var/folders/10/2gtg3c9534n7mjwvtflsvxs80000gn/T/arduino_build_328479/core/core.a(usart_f1.c.o)
                0x0000000008000eb4                __irq_usart1
 .text.__irq_usart2
                0x0000000008000ecc       0x18 /var/folders/10/2gtg3c9534n7mjwvtflsvxs80000gn/T/arduino_build_328479/core/core.a(usart_f1.c.o)
                0x0000000008000ecc                __irq_usart2
 .text.__irq_usart3
                0x0000000008000ee4       0x18 /var/folders/10/2gtg3c9534n7mjwvtflsvxs80000gn/T/arduino_build_328479/core/core.a(usart_f1.c.o)
                0x0000000008000ee4                __irq_usart3
 .text.__irq_uart4
                0x0000000008000efc       0x18 /var/folders/10/2gtg3c9534n7mjwvtflsvxs80000gn/T/arduino_build_328479/core/core.a(usart_f1.c.o)
                0x0000000008000efc                __irq_uart4
 .text.__irq_uart5
                0x0000000008000f14       0x18 /var/folders/10/2gtg3c9534n7mjwvtflsvxs80000gn/T/arduino_build_328479/core/core.a(usart_f1.c.o)
                0x0000000008000f14                __irq_uart5
 .text.usb_resume
                0x0000000008000f2c       0xb4 /var/folders/10/2gtg3c9534n7mjwvtflsvxs80000gn/T/arduino_build_328479/core/core.a(usb.c.o)
 .text.__irq_usb_lp_can_rx0
                0x0000000008000fe0      0x1c8 /var/folders/10/2gtg3c9534n7mjwvtflsvxs80000gn/T/arduino_build_328479/core/core.a(usb.c.o)
                0x0000000008000fe0                __irq_usb_lp_can_rx0
 .text.usb_set_ep_rx_stat
                0x00000000080011a8       0x22 /var/folders/10/2gtg3c9534n7mjwvtflsvxs80000gn/T/arduino_build_328479/core/core.a(usb_cdcacm.c.o)
 *fill*         0x00000000080011ca        0x2 
 .text.vcomGetSetLineCoding
                0x00000000080011cc       0x18 /var/folders/10/2gtg3c9534n7mjwvtflsvxs80000gn/T/arduino_build_328479/core/core.a(usb_cdcacm.c.o)
 .text.usbDataSetup
                0x00000000080011e4       0x54 /var/folders/10/2gtg3c9534n7mjwvtflsvxs80000gn/T/arduino_build_328479/core/core.a(usb_cdcacm.c.o)
 .text.usbNoDataSetup
                0x0000000008001238       0x50 /var/folders/10/2gtg3c9534n7mjwvtflsvxs80000gn/T/arduino_build_328479/core/core.a(usb_cdcacm.c.o)
 .text.usbGetInterfaceSetting
                0x0000000008001288       0x10 /var/folders/10/2gtg3c9534n7mjwvtflsvxs80000gn/T/arduino_build_328479/core/core.a(usb_cdcacm.c.o)
 .text.usbGetStringDescriptor
                0x0000000008001298       0x20 /var/folders/10/2gtg3c9534n7mjwvtflsvxs80000gn/T/arduino_build_328479/core/core.a(usb_cdcacm.c.o)
 .text.usbGetConfigDescriptor
                0x00000000080012b8        0xc /var/folders/10/2gtg3c9534n7mjwvtflsvxs80000gn/T/arduino_build_328479/core/core.a(usb_cdcacm.c.o)
 .text.usbGetDeviceDescriptor
                0x00000000080012c4        0xc /var/folders/10/2gtg3c9534n7mjwvtflsvxs80000gn/T/arduino_build_328479/core/core.a(usb_cdcacm.c.o)
 .text.usbInit  0x00000000080012d0       0x44 /var/folders/10/2gtg3c9534n7mjwvtflsvxs80000gn/T/arduino_build_328479/core/core.a(usb_cdcacm.c.o)
 .text.usbReset
                0x0000000008001314      0x160 /var/folders/10/2gtg3c9534n7mjwvtflsvxs80000gn/T/arduino_build_328479/core/core.a(usb_cdcacm.c.o)
 .text.usb_set_ep_rx_count
                0x0000000008001474       0x4c /var/folders/10/2gtg3c9534n7mjwvtflsvxs80000gn/T/arduino_build_328479/core/core.a(usb_reg_map.c.o)
                0x0000000008001474                usb_set_ep_rx_count
 .text.Standard_GetConfiguration
                0x00000000080014c0       0x24 /var/folders/10/2gtg3c9534n7mjwvtflsvxs80000gn/T/arduino_build_328479/core/core.a(usb_core.c.o)
                0x00000000080014c0                Standard_GetConfiguration
 .text.Standard_GetInterface
                0x00000000080014e4       0x24 /var/folders/10/2gtg3c9534n7mjwvtflsvxs80000gn/T/arduino_build_328479/core/core.a(usb_core.c.o)
                0x00000000080014e4                Standard_GetInterface
 .text.Standard_GetStatus
                0x0000000008001508       0x90 /var/folders/10/2gtg3c9534n7mjwvtflsvxs80000gn/T/arduino_build_328479/core/core.a(usb_core.c.o)
                0x0000000008001508                Standard_GetStatus
 .text.DataStageIn
                0x0000000008001598       0xa8 /var/folders/10/2gtg3c9534n7mjwvtflsvxs80000gn/T/arduino_build_328479/core/core.a(usb_core.c.o)
 .text.Standard_SetConfiguration
                0x0000000008001640       0x38 /var/folders/10/2gtg3c9534n7mjwvtflsvxs80000gn/T/arduino_build_328479/core/core.a(usb_core.c.o)
                0x0000000008001640                Standard_SetConfiguration
 .text.Standard_SetInterface
                0x0000000008001678       0x48 /var/folders/10/2gtg3c9534n7mjwvtflsvxs80000gn/T/arduino_build_328479/core/core.a(usb_core.c.o)
                0x0000000008001678                Standard_SetInterface
 .text.Standard_ClearFeature
                0x00000000080016c0       0xd0 /var/folders/10/2gtg3c9534n7mjwvtflsvxs80000gn/T/arduino_build_328479/core/core.a(usb_core.c.o)
                0x00000000080016c0                Standard_ClearFeature
 .text.Standard_SetEndPointFeature
                0x0000000008001790       0x84 /var/folders/10/2gtg3c9534n7mjwvtflsvxs80000gn/T/arduino_build_328479/core/core.a(usb_core.c.o)
                0x0000000008001790                Standard_SetEndPointFeature
 .text.Standard_SetDeviceFeature
                0x0000000008001814       0x24 /var/folders/10/2gtg3c9534n7mjwvtflsvxs80000gn/T/arduino_build_328479/core/core.a(usb_core.c.o)
                0x0000000008001814                Standard_SetDeviceFeature
 .text.Standard_GetDescriptorData
                0x0000000008001838       0x1c /var/folders/10/2gtg3c9534n7mjwvtflsvxs80000gn/T/arduino_build_328479/core/core.a(usb_core.c.o)
                0x0000000008001838                Standard_GetDescriptorData
 .text.Post0_Process
                0x0000000008001854       0x40 /var/folders/10/2gtg3c9534n7mjwvtflsvxs80000gn/T/arduino_build_328479/core/core.a(usb_core.c.o)
                0x0000000008001854                Post0_Process
 .text.Setup0_Process
                0x0000000008001894      0x2d0 /var/folders/10/2gtg3c9534n7mjwvtflsvxs80000gn/T/arduino_build_328479/core/core.a(usb_core.c.o)
                0x0000000008001894                Setup0_Process
 .text.Out0_Process
                0x0000000008001b64       0xc8 /var/folders/10/2gtg3c9534n7mjwvtflsvxs80000gn/T/arduino_build_328479/core/core.a(usb_core.c.o)
                0x0000000008001b64                Out0_Process
 .text.SetDeviceAddress
                0x0000000008001c2c       0x38 /var/folders/10/2gtg3c9534n7mjwvtflsvxs80000gn/T/arduino_build_328479/core/core.a(usb_core.c.o)
                0x0000000008001c2c                SetDeviceAddress
 .text.In0_Process
                0x0000000008001c64       0x5c /var/folders/10/2gtg3c9534n7mjwvtflsvxs80000gn/T/arduino_build_328479/core/core.a(usb_core.c.o)
                0x0000000008001c64                In0_Process
 .text.NOP_Process
                0x0000000008001cc0        0x2 /var/folders/10/2gtg3c9534n7mjwvtflsvxs80000gn/T/arduino_build_328479/core/core.a(usb_core.c.o)
                0x0000000008001cc0                NOP_Process
 .text.UserToPMABufferCopy
                0x0000000008001cc2       0x30 /var/folders/10/2gtg3c9534n7mjwvtflsvxs80000gn/T/arduino_build_328479/core/core.a(usb_mem.c.o)
                0x0000000008001cc2                UserToPMABufferCopy
 .text.PMAToUserBufferCopy
                0x0000000008001cf2       0x32 /var/folders/10/2gtg3c9534n7mjwvtflsvxs80000gn/T/arduino_build_328479/core/core.a(usb_mem.c.o)
                0x0000000008001cf2                PMAToUserBufferCopy
 .text.SetEPTxStatus
                0x0000000008001d24       0x2a /var/folders/10/2gtg3c9534n7mjwvtflsvxs80000gn/T/arduino_build_328479/core/core.a(usb_regs.c.o)
                0x0000000008001d24                SetEPTxStatus
 .text.ClearDTOG_RX
                0x0000000008001d4e       0x20 /var/folders/10/2gtg3c9534n7mjwvtflsvxs80000gn/T/arduino_build_328479/core/core.a(usb_regs.c.o)
                0x0000000008001d4e                ClearDTOG_RX
 .text.ClearDTOG_TX
                0x0000000008001d6e       0x20 /var/folders/10/2gtg3c9534n7mjwvtflsvxs80000gn/T/arduino_build_328479/core/core.a(usb_regs.c.o)
                0x0000000008001d6e                ClearDTOG_TX
 *fill*         0x0000000008001d8e        0x2 
 .text.GetEPTxAddr
                0x0000000008001d90       0x1c /var/folders/10/2gtg3c9534n7mjwvtflsvxs80000gn/T/arduino_build_328479/core/core.a(usb_regs.c.o)
                0x0000000008001d90                GetEPTxAddr
 .text.GetEPRxAddr
                0x0000000008001dac       0x1c /var/folders/10/2gtg3c9534n7mjwvtflsvxs80000gn/T/arduino_build_328479/core/core.a(usb_regs.c.o)
                0x0000000008001dac                GetEPRxAddr
 .text.SetEPTxCount
                0x0000000008001dc8       0x1c /var/folders/10/2gtg3c9534n7mjwvtflsvxs80000gn/T/arduino_build_328479/core/core.a(usb_regs.c.o)
                0x0000000008001dc8                SetEPTxCount
 .text.SetEPRxCount
                0x0000000008001de4       0x40 /var/folders/10/2gtg3c9534n7mjwvtflsvxs80000gn/T/arduino_build_328479/core/core.a(usb_regs.c.o)
                0x0000000008001de4                SetEPRxCount
 .text.throb    0x0000000008001e24       0x4c /var/folders/10/2gtg3c9534n7mjwvtflsvxs80000gn/T/arduino_build_328479/core/core.a(util.c.o)
                0x0000000008001e24                throb
 .text.__error  0x0000000008001e70       0x14 /var/folders/10/2gtg3c9534n7mjwvtflsvxs80000gn/T/arduino_build_328479/core/core.a(util.c.o)
                0x0000000008001e70                __error
 .text.rb_full_count
                0x0000000008001e84       0x22 /var/folders/10/2gtg3c9534n7mjwvtflsvxs80000gn/T/arduino_build_328479/core/core.a(HardwareSerial.cpp.o)
 .text._ZN14HardwareSerial4readEv
                0x0000000008001ea6       0x3a /var/folders/10/2gtg3c9534n7mjwvtflsvxs80000gn/T/arduino_build_328479/core/core.a(HardwareSerial.cpp.o)
                0x0000000008001ea6                HardwareSerial::read()
 .text._ZN14HardwareSerial9availableEv
                0x0000000008001ee0        0xc /var/folders/10/2gtg3c9534n7mjwvtflsvxs80000gn/T/arduino_build_328479/core/core.a(HardwareSerial.cpp.o)
                0x0000000008001ee0                HardwareSerial::available()
 .text._ZN14HardwareSerial4peekEv
                0x0000000008001eec       0x22 /var/folders/10/2gtg3c9534n7mjwvtflsvxs80000gn/T/arduino_build_328479/core/core.a(HardwareSerial.cpp.o)
                0x0000000008001eec                HardwareSerial::peek()
 .text._ZN14HardwareSerial5flushEv
                0x0000000008001f0e       0x1a /var/folders/10/2gtg3c9534n7mjwvtflsvxs80000gn/T/arduino_build_328479/core/core.a(HardwareSerial.cpp.o)
                0x0000000008001f0e                HardwareSerial::flush()
 .text._ZN14HardwareSerial5writeEh
                0x0000000008001f28       0x1e /var/folders/10/2gtg3c9534n7mjwvtflsvxs80000gn/T/arduino_build_328479/core/core.a(HardwareSerial.cpp.o)
                0x0000000008001f28                HardwareSerial::write(unsigned char)
 *fill*         0x0000000008001f46        0x2 
 .text._ZN14HardwareSerialC2EP9usart_devhh
                0x0000000008001f48       0x1c /var/folders/10/2gtg3c9534n7mjwvtflsvxs80000gn/T/arduino_build_328479/core/core.a(HardwareSerial.cpp.o)
                0x0000000008001f48                HardwareSerial::HardwareSerial(usart_dev*, unsigned char, unsigned char)
                0x0000000008001f48                HardwareSerial::HardwareSerial(usart_dev*, unsigned char, unsigned char)
 .text._ZN5Print5writeEPKvm
                0x0000000008001f64       0x20 /var/folders/10/2gtg3c9534n7mjwvtflsvxs80000gn/T/arduino_build_328479/core/core.a(Print.cpp.o)
                0x0000000008001f64                Print::write(void const*, unsigned long)
 .text._ZN5Print5writeEPKc
                0x0000000008001f84       0x1e /var/folders/10/2gtg3c9534n7mjwvtflsvxs80000gn/T/arduino_build_328479/core/core.a(Print.cpp.o)
                0x0000000008001f84                Print::write(char const*)
 .text.startup._Z7premainv
                0x0000000008001fa2        0x4 /var/folders/10/2gtg3c9534n7mjwvtflsvxs80000gn/T/arduino_build_328479/core/core.a(main.cpp.o)
                0x0000000008001fa2                premain()
 .text.startup.main
                0x0000000008001fa6        0xc /var/folders/10/2gtg3c9534n7mjwvtflsvxs80000gn/T/arduino_build_328479/core/core.a(main.cpp.o)
                0x0000000008001fa6                main
 *fill*         0x0000000008001fb2        0x2 
 .text._Z7pinModeh13WiringPinMode
                0x0000000008001fb4       0x84 /var/folders/10/2gtg3c9534n7mjwvtflsvxs80000gn/T/arduino_build_328479/core/core.a(wirish_digital_f1.cpp.o)
                0x0000000008001fb4                pinMode(unsigned char, WiringPinMode)
 .text._Z12digitalWritehh
                0x0000000008002038       0x2c /var/folders/10/2gtg3c9534n7mjwvtflsvxs80000gn/T/arduino_build_328479/core/core.a(wirish_digital.cpp.o)
                0x0000000008002038                digitalWrite(unsigned char, unsigned char)
 .text.micros   0x0000000008002064       0x34 /var/folders/10/2gtg3c9534n7mjwvtflsvxs80000gn/T/arduino_build_328479/core/core.a(wirish_time.cpp.o)
 .text.delay    0x0000000008002098       0x2a /var/folders/10/2gtg3c9534n7mjwvtflsvxs80000gn/T/arduino_build_328479/core/core.a(wirish_time.cpp.o)
                0x0000000008002098                delay
 .text.__empty  0x00000000080020c2        0x2 /var/folders/10/2gtg3c9534n7mjwvtflsvxs80000gn/T/arduino_build_328479/core/core.a(hooks.c.o)
                0x00000000080020c2                yield
 .text.gpio_init
                0x00000000080020c4       0x14 /var/folders/10/2gtg3c9534n7mjwvtflsvxs80000gn/T/arduino_build_328479/core/core.a(gpio.c.o)
                0x00000000080020c4                gpio_init
 .text.i2c_disable_irq
                0x00000000080020d8        0xc /var/folders/10/2gtg3c9534n7mjwvtflsvxs80000gn/T/arduino_build_328479/core/core.a(i2c.c.o)
 .text._i2c_irq_handler
                0x00000000080020e4      0x3d8 /var/folders/10/2gtg3c9534n7mjwvtflsvxs80000gn/T/arduino_build_328479/core/core.a(i2c.c.o)
                0x00000000080020e4                _i2c_irq_handler
 .text._i2c_irq_error_handler
                0x00000000080024bc       0x74 /var/folders/10/2gtg3c9534n7mjwvtflsvxs80000gn/T/arduino_build_328479/core/core.a(i2c.c.o)
                0x00000000080024bc                _i2c_irq_error_handler
 .text.usart_tx
                0x0000000008002530       0x9c /var/folders/10/2gtg3c9534n7mjwvtflsvxs80000gn/T/arduino_build_328479/core/core.a(usart.c.o)
                0x0000000008002530                usart_tx
 .text.exit     0x00000000080025cc       0x28 /Users/giovanni/Library/Arduino15/packages/arduino/tools/arm-none-eabi-gcc/4.8.3-2014q1/bin/../lib/gcc/arm-none-eabi/4.8.3/../../../../arm-none-eabi/lib/armv7-m/libc_s.a(lib_a-exit.o)
                0x00000000080025cc                exit
 .text.__libc_init_array
                0x00000000080025f4       0x4c /Users/giovanni/Library/Arduino15/packages/arduino/tools/arm-none-eabi-gcc/4.8.3-2014q1/bin/../lib/gcc/arm-none-eabi/4.8.3/../../../../arm-none-eabi/lib/armv7-m/libc_s.a(lib_a-init.o)
                0x00000000080025f4                __libc_init_array
 .text.strlen   0x0000000008002640       0x10 /Users/giovanni/Library/Arduino15/packages/arduino/tools/arm-none-eabi-gcc/4.8.3-2014q1/bin/../lib/gcc/arm-none-eabi/4.8.3/../../../../arm-none-eabi/lib/armv7-m/libc_s.a(lib_a-strlen.o)
                0x0000000008002640                strlen
 *(.plt)
 *(.gnu.warning)
 *(.glue_7t)
 .glue_7t       0x0000000000000000        0x0 linker stubs
 *(.glue_7)
 .glue_7        0x0000000000000000        0x0 linker stubs
 *(.vfp11_veneer)
 .vfp11_veneer  0x0000000000000000        0x0 linker stubs
 *(.ARM.extab* .gnu.linkonce.armextab.*)
 *(.gcc_except_table)
 *(.eh_frame_hdr)
 *(.eh_frame)
 .eh_frame      0x0000000008002650        0x0 /Users/giovanni/Library/Arduino15/packages/arduino/tools/arm-none-eabi-gcc/4.8.3-2014q1/bin/../lib/gcc/arm-none-eabi/4.8.3/armv7-m/crtbegin.o
                0x0000000008002650                . = ALIGN (0x4)
 *(.init)
 .init          0x0000000008002650        0x4 /Users/giovanni/Library/Arduino15/packages/arduino/tools/arm-none-eabi-gcc/4.8.3-2014q1/bin/../lib/gcc/arm-none-eabi/4.8.3/armv7-m/crti.o
                0x0000000008002650                _init
 .init          0x0000000008002654        0x8 /Users/giovanni/Library/Arduino15/packages/arduino/tools/arm-none-eabi-gcc/4.8.3-2014q1/bin/../lib/gcc/arm-none-eabi/4.8.3/armv7-m/crtn.o
                0x000000000800265c                . = ALIGN (0x4)
                0x000000000800265c                __preinit_array_start = .
 *(.preinit_array)
                0x000000000800265c                __preinit_array_end = .
                0x000000000800265c                . = ALIGN (0x4)
                0x000000000800265c                __init_array_start = .
 *(SORT(.init_array.*))
 .init_array.00101
                0x000000000800265c        0x4 /var/folders/10/2gtg3c9534n7mjwvtflsvxs80000gn/T/arduino_build_328479/core/core.a(main.cpp.o)
 *(.init_array)
 .init_array    0x0000000008002660        0x4 /Users/giovanni/Library/Arduino15/packages/arduino/tools/arm-none-eabi-gcc/4.8.3-2014q1/bin/../lib/gcc/arm-none-eabi/4.8.3/armv7-m/crtbegin.o
 .init_array    0x0000000008002664        0x4 /var/folders/10/2gtg3c9534n7mjwvtflsvxs80000gn/T/arduino_build_328479/core/board.cpp.o
                0x0000000008002668                __init_array_end = .
                0x0000000008002668                . = ALIGN (0x4)
 *crtbegin.o(.ctors)
 *(EXCLUDE_FILE(*crtend.o) .ctors)
 *(SORT(.ctors.*))
 *crtend.o(.ctors)
                0x0000000008002668                . = ALIGN (0x4)
 *(.fini)
 .fini          0x0000000008002668        0x4 /Users/giovanni/Library/Arduino15/packages/arduino/tools/arm-none-eabi-gcc/4.8.3-2014q1/bin/../lib/gcc/arm-none-eabi/4.8.3/armv7-m/crti.o
                0x0000000008002668                _fini
 .fini          0x000000000800266c        0x8 /Users/giovanni/Library/Arduino15/packages/arduino/tools/arm-none-eabi-gcc/4.8.3-2014q1/bin/../lib/gcc/arm-none-eabi/4.8.3/armv7-m/crtn.o
                0x0000000008002674                . = ALIGN (0x4)
                0x0000000008002674                __fini_array_start = .
 *(.fini_array)
 .fini_array    0x0000000008002674        0x4 /Users/giovanni/Library/Arduino15/packages/arduino/tools/arm-none-eabi-gcc/4.8.3-2014q1/bin/../lib/gcc/arm-none-eabi/4.8.3/armv7-m/crtbegin.o
 *(SORT(.fini_array.*))
                0x0000000008002678                __fini_array_end = .
 *crtbegin.o(.dtors)
 *(EXCLUDE_FILE(*crtend.o) .dtors)
 *(SORT(.dtors.*))
 *crtend.o(.dtors)

.v4_bx          0x0000000008002678        0x0
 .v4_bx         0x0000000000000000        0x0 linker stubs

.iplt           0x0000000008002678        0x0
 .iplt          0x0000000000000000        0x0 /Users/giovanni/Library/Arduino15/packages/arduino/tools/arm-none-eabi-gcc/4.8.3-2014q1/bin/../lib/gcc/arm-none-eabi/4.8.3/armv7-m/crtbegin.o

.text.align     0x0000000008002678        0x0
                0x0000000008002678                . = ALIGN (0x8)
                0x0000000008002678                __text_end__ = .
                0x0000000008002678                __exidx_start = .

.ARM.exidx      0x0000000008002678        0x8
 *(.ARM.exidx* .gnu.linkonce.armexidx.*)
 .ARM.exidx     0x0000000008002678        0x8 /var/folders/10/2gtg3c9534n7mjwvtflsvxs80000gn/T/arduino_build_328479/core/wirish/start.S.o
                0x0000000008002680                __exidx_end = .

.data           0x0000000020000000      0x650 load address 0x0000000008002680
                0x0000000020000000                __data_start__ = .
                0x0000000020000000        0x4 LONG 0x0
                0x0000000020000008                . = ALIGN (0x8)
 *fill*         0x0000000020000004        0x4 
 *(.got.plt)
 *(.got)
 *(.data .data.* .gnu.linkonce.d.*)
 .data._ZN6wirish4privL8pll_dataE
                0x0000000020000008        0x4 /var/folders/10/2gtg3c9534n7mjwvtflsvxs80000gn/T/arduino_build_328479/core/wirish/boards_setup.cpp.o
 .data._ZN6wirish4priv9w_adc_smpE
                0x000000002000000c        0x1 /var/folders/10/2gtg3c9534n7mjwvtflsvxs80000gn/T/arduino_build_328479/core/wirish/boards_setup.cpp.o
                0x000000002000000c                wirish::priv::w_adc_smp
 *fill*         0x000000002000000d        0x1 
 .data._ZN6wirish4priv9w_adc_preE
                0x000000002000000e        0x2 /var/folders/10/2gtg3c9534n7mjwvtflsvxs80000gn/T/arduino_build_328479/core/wirish/boards_setup.cpp.o
                0x000000002000000e                wirish::priv::w_adc_pre
 .data._ZN6wirish4priv15w_board_pll_cfgE
                0x0000000020000010        0x8 /var/folders/10/2gtg3c9534n7mjwvtflsvxs80000gn/T/arduino_build_328479/core/wirish/boards_setup.cpp.o
                0x0000000020000010                wirish::priv::w_board_pll_cfg
 .data.adc2     0x0000000020000018        0x8 /var/folders/10/2gtg3c9534n7mjwvtflsvxs80000gn/T/arduino_build_328479/core/core.a(adc_f1.c.o)
                0x0000000020000018                adc2
 .data.adc3     0x0000000020000020       0x18 /var/folders/10/2gtg3c9534n7mjwvtflsvxs80000gn/T/arduino_build_328479/core/core.a(adc_f1.c.o)
                0x0000000020000020                adc3
 .data.adc1     0x0000000020000038       0x18 /var/folders/10/2gtg3c9534n7mjwvtflsvxs80000gn/T/arduino_build_328479/core/core.a(adc_f1.c.o)
                0x0000000020000038                adc1
 .data.ADC2     0x0000000020000050        0x4 /var/folders/10/2gtg3c9534n7mjwvtflsvxs80000gn/T/arduino_build_328479/core/core.a(adc_f1.c.o)
                0x0000000020000050                ADC2
 .data.ADC1     0x0000000020000054        0x4 /var/folders/10/2gtg3c9534n7mjwvtflsvxs80000gn/T/arduino_build_328479/core/core.a(adc_f1.c.o)
                0x0000000020000054                ADC1
 .data.ADC3     0x0000000020000058        0x4 /var/folders/10/2gtg3c9534n7mjwvtflsvxs80000gn/T/arduino_build_328479/core/core.a(adc_f1.c.o)
                0x0000000020000058                ADC3
 .data.dma1     0x000000002000005c       0x40 /var/folders/10/2gtg3c9534n7mjwvtflsvxs80000gn/T/arduino_build_328479/core/core.a(dma_f1.c.o)
 .data.dma2     0x000000002000009c       0x30 /var/folders/10/2gtg3c9534n7mjwvtflsvxs80000gn/T/arduino_build_328479/core/core.a(dma_f1.c.o)
 .data.DMA1     0x00000000200000cc        0x4 /var/folders/10/2gtg3c9534n7mjwvtflsvxs80000gn/T/arduino_build_328479/core/core.a(dma_f1.c.o)
                0x00000000200000cc                DMA1
 .data.DMA2     0x00000000200000d0        0x4 /var/folders/10/2gtg3c9534n7mjwvtflsvxs80000gn/T/arduino_build_328479/core/core.a(dma_f1.c.o)
                0x00000000200000d0                DMA2
 .data.gpioa    0x00000000200000d4        0x8 /var/folders/10/2gtg3c9534n7mjwvtflsvxs80000gn/T/arduino_build_328479/core/core.a(gpio_f1.c.o)
                0x00000000200000d4                gpioa
 .data.gpiob    0x00000000200000dc        0x8 /var/folders/10/2gtg3c9534n7mjwvtflsvxs80000gn/T/arduino_build_328479/core/core.a(gpio_f1.c.o)
                0x00000000200000dc                gpiob
 .data.gpioc    0x00000000200000e4        0x8 /var/folders/10/2gtg3c9534n7mjwvtflsvxs80000gn/T/arduino_build_328479/core/core.a(gpio_f1.c.o)
                0x00000000200000e4                gpioc
 .data.gpiod    0x00000000200000ec        0x8 /var/folders/10/2gtg3c9534n7mjwvtflsvxs80000gn/T/arduino_build_328479/core/core.a(gpio_f1.c.o)
                0x00000000200000ec                gpiod
 .data.i2c1     0x00000000200000f4       0x38 /var/folders/10/2gtg3c9534n7mjwvtflsvxs80000gn/T/arduino_build_328479/core/core.a(i2c_f1.c.o)
 .data.i2c2     0x000000002000012c       0x38 /var/folders/10/2gtg3c9534n7mjwvtflsvxs80000gn/T/arduino_build_328479/core/core.a(i2c_f1.c.o)
 .data.enable_regs.4411
                0x0000000020000164        0xc /var/folders/10/2gtg3c9534n7mjwvtflsvxs80000gn/T/arduino_build_328479/core/core.a(rcc_f1.c.o)
 .data.reset_regs.4415
                0x0000000020000170        0x8 /var/folders/10/2gtg3c9534n7mjwvtflsvxs80000gn/T/arduino_build_328479/core/core.a(rcc_f1.c.o)
 .data.enable_regs.4424
                0x0000000020000178        0xc /var/folders/10/2gtg3c9534n7mjwvtflsvxs80000gn/T/arduino_build_328479/core/core.a(rcc_f1.c.o)
 .data.timer3   0x0000000020000184       0x24 /var/folders/10/2gtg3c9534n7mjwvtflsvxs80000gn/T/arduino_build_328479/core/core.a(timer.c.o)
                0x0000000020000184                timer3
 .data.timer4   0x00000000200001a8       0x24 /var/folders/10/2gtg3c9534n7mjwvtflsvxs80000gn/T/arduino_build_328479/core/core.a(timer.c.o)
                0x00000000200001a8                timer4
 .data.timer5   0x00000000200001cc       0x24 /var/folders/10/2gtg3c9534n7mjwvtflsvxs80000gn/T/arduino_build_328479/core/core.a(timer.c.o)
                0x00000000200001cc                timer5
 .data.timer6   0x00000000200001f0        0xc /var/folders/10/2gtg3c9534n7mjwvtflsvxs80000gn/T/arduino_build_328479/core/core.a(timer.c.o)
                0x00000000200001f0                timer6
 .data.timer7   0x00000000200001fc        0xc /var/folders/10/2gtg3c9534n7mjwvtflsvxs80000gn/T/arduino_build_328479/core/core.a(timer.c.o)
                0x00000000200001fc                timer7
 .data.timer8   0x0000000020000208       0x28 /var/folders/10/2gtg3c9534n7mjwvtflsvxs80000gn/T/arduino_build_328479/core/core.a(timer.c.o)
                0x0000000020000208                timer8
 .data.timer1   0x0000000020000230       0x28 /var/folders/10/2gtg3c9534n7mjwvtflsvxs80000gn/T/arduino_build_328479/core/core.a(timer.c.o)
                0x0000000020000230                timer1
 .data.timer2   0x0000000020000258       0x24 /var/folders/10/2gtg3c9534n7mjwvtflsvxs80000gn/T/arduino_build_328479/core/core.a(timer.c.o)
                0x0000000020000258                timer2
 .data.USART1   0x000000002000027c        0x4 /var/folders/10/2gtg3c9534n7mjwvtflsvxs80000gn/T/arduino_build_328479/core/core.a(usart_f1.c.o)
                0x000000002000027c                USART1
 .data.USART2   0x0000000020000280        0x4 /var/folders/10/2gtg3c9534n7mjwvtflsvxs80000gn/T/arduino_build_328479/core/core.a(usart_f1.c.o)
                0x0000000020000280                USART2
 .data.USART3   0x0000000020000284        0x4 /var/folders/10/2gtg3c9534n7mjwvtflsvxs80000gn/T/arduino_build_328479/core/core.a(usart_f1.c.o)
                0x0000000020000284                USART3
 .data.usart3   0x0000000020000288       0x94 /var/folders/10/2gtg3c9534n7mjwvtflsvxs80000gn/T/arduino_build_328479/core/core.a(usart_f1.c.o)
 .data.usart1   0x000000002000031c       0x94 /var/folders/10/2gtg3c9534n7mjwvtflsvxs80000gn/T/arduino_build_328479/core/core.a(usart_f1.c.o)
 .data.usart2   0x00000000200003b0       0x94 /var/folders/10/2gtg3c9534n7mjwvtflsvxs80000gn/T/arduino_build_328479/core/core.a(usart_f1.c.o)
 .data.uart4    0x0000000020000444       0x94 /var/folders/10/2gtg3c9534n7mjwvtflsvxs80000gn/T/arduino_build_328479/core/core.a(usart_f1.c.o)
 .data.uart5    0x00000000200004d8       0x94 /var/folders/10/2gtg3c9534n7mjwvtflsvxs80000gn/T/arduino_build_328479/core/core.a(usart_f1.c.o)
 .data.UART4    0x000000002000056c        0x4 /var/folders/10/2gtg3c9534n7mjwvtflsvxs80000gn/T/arduino_build_328479/core/core.a(usart_f1.c.o)
                0x000000002000056c                UART4
 .data.UART5    0x0000000020000570        0x4 /var/folders/10/2gtg3c9534n7mjwvtflsvxs80000gn/T/arduino_build_328479/core/core.a(usart_f1.c.o)
                0x0000000020000570                UART5
 .data.USBLIB   0x0000000020000574        0x4 /var/folders/10/2gtg3c9534n7mjwvtflsvxs80000gn/T/arduino_build_328479/core/core.a(usb.c.o)
                0x0000000020000574                USBLIB
 .data.usblib   0x0000000020000578       0x10 /var/folders/10/2gtg3c9534n7mjwvtflsvxs80000gn/T/arduino_build_328479/core/core.a(usb.c.o)
 .data.Config_Descriptor
                0x0000000020000588        0x8 /var/folders/10/2gtg3c9534n7mjwvtflsvxs80000gn/T/arduino_build_328479/core/core.a(usb_cdcacm.c.o)
 .data.Device_Property
                0x0000000020000590       0x30 /var/folders/10/2gtg3c9534n7mjwvtflsvxs80000gn/T/arduino_build_328479/core/core.a(usb_cdcacm.c.o)
                0x0000000020000590                Device_Property
 .data.String_Descriptor
                0x00000000200005c0       0x18 /var/folders/10/2gtg3c9534n7mjwvtflsvxs80000gn/T/arduino_build_328479/core/core.a(usb_cdcacm.c.o)
 .data.line_coding
                0x00000000200005d8        0x7 /var/folders/10/2gtg3c9534n7mjwvtflsvxs80000gn/T/arduino_build_328479/core/core.a(usb_cdcacm.c.o)
 *fill*         0x00000000200005df        0x1 
 .data.Device_Descriptor
                0x00000000200005e0        0x8 /var/folders/10/2gtg3c9534n7mjwvtflsvxs80000gn/T/arduino_build_328479/core/core.a(usb_cdcacm.c.o)
 .data.Device_Table
                0x00000000200005e8        0x2 /var/folders/10/2gtg3c9534n7mjwvtflsvxs80000gn/T/arduino_build_328479/core/core.a(usb_cdcacm.c.o)
                0x00000000200005e8                Device_Table
 *fill*         0x00000000200005ea        0x2 
 .data.impure_data
                0x00000000200005ec       0x60 /Users/giovanni/Library/Arduino15/packages/arduino/tools/arm-none-eabi-gcc/4.8.3-2014q1/bin/../lib/gcc/arm-none-eabi/4.8.3/../../../../arm-none-eabi/lib/armv7-m/libc_s.a(lib_a-impure.o)
                0x0000000020000650                . = ALIGN (0x8)
 *fill*         0x000000002000064c        0x4 
                0x0000000020000650                __data_end__ = .

.jcr            0x0000000020000650        0x0 load address 0x0000000008002cd0
 .jcr           0x0000000020000650        0x0 /Users/giovanni/Library/Arduino15/packages/arduino/tools/arm-none-eabi-gcc/4.8.3-2014q1/bin/../lib/gcc/arm-none-eabi/4.8.3/armv7-m/crtbegin.o

.igot.plt       0x0000000020000650        0x0 load address 0x0000000008002cd0
 .igot.plt      0x0000000000000000        0x0 /Users/giovanni/Library/Arduino15/packages/arduino/tools/arm-none-eabi-gcc/4.8.3-2014q1/bin/../lib/gcc/arm-none-eabi/4.8.3/armv7-m/crtbegin.o

.rodata         0x0000000008002cd0      0x454
 *(.rodata .rodata.* .gnu.linkonce.r.*)
 .rodata.PIN_MAP
                0x0000000008002cd0      0x330 /var/folders/10/2gtg3c9534n7mjwvtflsvxs80000gn/T/arduino_build_328479/core/board.cpp.o
                0x0000000008002cd0                PIN_MAP
 .rodata.GPIOB  0x0000000008003000        0x4 /var/folders/10/2gtg3c9534n7mjwvtflsvxs80000gn/T/arduino_build_328479/core/core.a(gpio_f1.c.o)
                0x0000000008003000                GPIOB
 .rodata.rcc_dev_table
                0x0000000008003004       0x5c /var/folders/10/2gtg3c9534n7mjwvtflsvxs80000gn/T/arduino_build_328479/core/core.a(rcc_f1.c.o)
                0x0000000008003004                rcc_dev_table
 .rodata.masks.4420
                0x0000000008003060       0x14 /var/folders/10/2gtg3c9534n7mjwvtflsvxs80000gn/T/arduino_build_328479/core/core.a(rcc_f1.c.o)
 .rodata.usbVcomDescriptor_iProduct
                0x0000000008003074        0xc /var/folders/10/2gtg3c9534n7mjwvtflsvxs80000gn/T/arduino_build_328479/core/core.a(usb_cdcacm.c.o)
 .rodata.usbVcomDescriptor_iManufacturer
                0x0000000008003080       0x12 /var/folders/10/2gtg3c9534n7mjwvtflsvxs80000gn/T/arduino_build_328479/core/core.a(usb_cdcacm.c.o)
 .rodata.usbVcomDescriptor_Device
                0x0000000008003092       0x12 /var/folders/10/2gtg3c9534n7mjwvtflsvxs80000gn/T/arduino_build_328479/core/core.a(usb_cdcacm.c.o)
 .rodata.usbVcomDescriptor_Config
                0x00000000080030a4       0x43 /var/folders/10/2gtg3c9534n7mjwvtflsvxs80000gn/T/arduino_build_328479/core/core.a(usb_cdcacm.c.o)
 .rodata.usbVcomDescriptor_LangID
                0x00000000080030e7        0x4 /var/folders/10/2gtg3c9534n7mjwvtflsvxs80000gn/T/arduino_build_328479/core/core.a(usb_cdcacm.c.o)
 *fill*         0x00000000080030eb        0x5 
 .rodata._ZTV14HardwareSerial
                0x00000000080030f0       0x28 /var/folders/10/2gtg3c9534n7mjwvtflsvxs80000gn/T/arduino_build_328479/core/core.a(HardwareSerial.cpp.o)
                0x00000000080030f0                vtable for HardwareSerial
 .rodata.str1.1
                0x0000000008003118        0x2 /Users/giovanni/Library/Arduino15/packages/arduino/tools/arm-none-eabi-gcc/4.8.3-2014q1/bin/../lib/gcc/arm-none-eabi/4.8.3/../../../../arm-none-eabi/lib/armv7-m/libc_s.a(lib_a-impure.o)
 *fill*         0x000000000800311a        0x2 
 .rodata._global_impure_ptr
                0x000000000800311c        0x4 /Users/giovanni/Library/Arduino15/packages/arduino/tools/arm-none-eabi-gcc/4.8.3-2014q1/bin/../lib/gcc/arm-none-eabi/4.8.3/../../../../arm-none-eabi/lib/armv7-m/libc_s.a(lib_a-impure.o)
                0x000000000800311c                _global_impure_ptr
 *(.USER_FLASH)
                0x0000000008003120                . = ALIGN (0x4)
                0x0000000008003120                _lm_rom_img_cfgp = .
                0x0000000008003120        0x4 LONG 0x8002680 LOADADDR (.data)
                0x0000000020000840                _lm_heap_start = DEFINED (_lm_heap_start)?_lm_heap_start:_end
                0x000000002000c000                _lm_heap_end = DEFINED (_lm_heap_end)?_lm_heap_end:__msp_init

.rel.dyn        0x0000000008003124        0x0
 .rel.iplt      0x0000000000000000        0x0 /Users/giovanni/Library/Arduino15/packages/arduino/tools/arm-none-eabi-gcc/4.8.3-2014q1/bin/../lib/gcc/arm-none-eabi/4.8.3/armv7-m/crtbegin.o

.bss            0x0000000020000650      0x1f0
                0x0000000020000650                . = ALIGN (0x8)
                0x0000000020000650                __bss_start__ = .
 *(.bss .bss.* .gnu.linkonce.b.*)
 .bss           0x0000000020000650       0x1c /Users/giovanni/Library/Arduino15/packages/arduino/tools/arm-none-eabi-gcc/4.8.3-2014q1/bin/../lib/gcc/arm-none-eabi/4.8.3/armv7-m/crtbegin.o
 .bss.Serial1   0x000000002000066c       0x18 /var/folders/10/2gtg3c9534n7mjwvtflsvxs80000gn/T/arduino_build_328479/core/board.cpp.o
                0x000000002000066c                Serial1
 .bss.Serial2   0x0000000020000684       0x18 /var/folders/10/2gtg3c9534n7mjwvtflsvxs80000gn/T/arduino_build_328479/core/board.cpp.o
                0x0000000020000684                Serial2
 .bss.Serial3   0x000000002000069c       0x18 /var/folders/10/2gtg3c9534n7mjwvtflsvxs80000gn/T/arduino_build_328479/core/board.cpp.o
                0x000000002000069c                Serial3
 .bss.Serial4   0x00000000200006b4       0x18 /var/folders/10/2gtg3c9534n7mjwvtflsvxs80000gn/T/arduino_build_328479/core/board.cpp.o
                0x00000000200006b4                Serial4
 .bss.Serial5   0x00000000200006cc       0x18 /var/folders/10/2gtg3c9534n7mjwvtflsvxs80000gn/T/arduino_build_328479/core/board.cpp.o
                0x00000000200006cc                Serial5
 .bss.exti_channels
                0x00000000200006e4       0x80 /var/folders/10/2gtg3c9534n7mjwvtflsvxs80000gn/T/arduino_build_328479/core/core.a(exti.c.o)
                0x00000000200006e4                exti_channels
 .bss.systick_user_callback
                0x0000000020000764        0x4 /var/folders/10/2gtg3c9534n7mjwvtflsvxs80000gn/T/arduino_build_328479/core/core.a(systick.c.o)
 .bss.usart1_wb
                0x0000000020000768        0xc /var/folders/10/2gtg3c9534n7mjwvtflsvxs80000gn/T/arduino_build_328479/core/core.a(usart_f1.c.o)
 .bss.usart1_rb
                0x0000000020000774        0xc /var/folders/10/2gtg3c9534n7mjwvtflsvxs80000gn/T/arduino_build_328479/core/core.a(usart_f1.c.o)
 .bss.usart2_rb
                0x0000000020000780        0xc /var/folders/10/2gtg3c9534n7mjwvtflsvxs80000gn/T/arduino_build_328479/core/core.a(usart_f1.c.o)
 .bss.usart3_rb
                0x000000002000078c        0xc /var/folders/10/2gtg3c9534n7mjwvtflsvxs80000gn/T/arduino_build_328479/core/core.a(usart_f1.c.o)
 .bss.uart4_rb  0x0000000020000798        0xc /var/folders/10/2gtg3c9534n7mjwvtflsvxs80000gn/T/arduino_build_328479/core/core.a(usart_f1.c.o)
 .bss.uart5_rb  0x00000000200007a4        0xc /var/folders/10/2gtg3c9534n7mjwvtflsvxs80000gn/T/arduino_build_328479/core/core.a(usart_f1.c.o)
 .bss.usart2_wb
                0x00000000200007b0        0xc /var/folders/10/2gtg3c9534n7mjwvtflsvxs80000gn/T/arduino_build_328479/core/core.a(usart_f1.c.o)
 .bss.uart4_wb  0x00000000200007bc        0xc /var/folders/10/2gtg3c9534n7mjwvtflsvxs80000gn/T/arduino_build_328479/core/core.a(usart_f1.c.o)
 .bss.usart3_wb
                0x00000000200007c8        0xc /var/folders/10/2gtg3c9534n7mjwvtflsvxs80000gn/T/arduino_build_328479/core/core.a(usart_f1.c.o)
 .bss.uart5_wb  0x00000000200007d4        0xc /var/folders/10/2gtg3c9534n7mjwvtflsvxs80000gn/T/arduino_build_328479/core/core.a(usart_f1.c.o)
 .bss.line_dtr_rts
                0x00000000200007e0        0x1 /var/folders/10/2gtg3c9534n7mjwvtflsvxs80000gn/T/arduino_build_328479/core/core.a(usb_cdcacm.c.o)
 *fill*         0x00000000200007e1        0x3 
 .bss.tx_head   0x00000000200007e4        0x4 /var/folders/10/2gtg3c9534n7mjwvtflsvxs80000gn/T/arduino_build_328479/core/core.a(usb_cdcacm.c.o)
 .bss.transmitting
                0x00000000200007e8        0x1 /var/folders/10/2gtg3c9534n7mjwvtflsvxs80000gn/T/arduino_build_328479/core/core.a(usb_cdcacm.c.o)
 *fill*         0x00000000200007e9        0x3 
 .bss.rx_tail   0x00000000200007ec        0x4 /var/folders/10/2gtg3c9534n7mjwvtflsvxs80000gn/T/arduino_build_328479/core/core.a(usb_cdcacm.c.o)
 .bss.iface_setup_hook
                0x00000000200007f0        0x4 /var/folders/10/2gtg3c9534n7mjwvtflsvxs80000gn/T/arduino_build_328479/core/core.a(usb_cdcacm.c.o)
 .bss.rx_head   0x00000000200007f4        0x4 /var/folders/10/2gtg3c9534n7mjwvtflsvxs80000gn/T/arduino_build_328479/core/core.a(usb_cdcacm.c.o)
 .bss.tx_tail   0x00000000200007f8        0x4 /var/folders/10/2gtg3c9534n7mjwvtflsvxs80000gn/T/arduino_build_328479/core/core.a(usb_cdcacm.c.o)
 .bss.Data_Mul_MaxPacketSize
                0x00000000200007fc        0x1 /var/folders/10/2gtg3c9534n7mjwvtflsvxs80000gn/T/arduino_build_328479/core/core.a(usb_core.c.o)
                0x00000000200007fc                Data_Mul_MaxPacketSize
 *(COMMON)
 *fill*         0x00000000200007fd        0x3 
 COMMON         0x0000000020000800        0x4 /var/folders/10/2gtg3c9534n7mjwvtflsvxs80000gn/T/arduino_build_328479/core/core.a(systick.c.o)
                0x0000000020000800                systick_uptime_millis
 COMMON         0x0000000020000804        0x6 /var/folders/10/2gtg3c9534n7mjwvtflsvxs80000gn/T/arduino_build_328479/core/core.a(usb.c.o)
                0x0000000020000804                SaveRState
                0x0000000020000806                SaveTState
                0x0000000020000808                ResumeS
 COMMON         0x000000002000080a        0x2 /var/folders/10/2gtg3c9534n7mjwvtflsvxs80000gn/T/arduino_build_328479/core/core.a(usb_core.c.o)
                0x000000002000080a                StatusInfo
 COMMON         0x000000002000080c       0x32 /var/folders/10/2gtg3c9534n7mjwvtflsvxs80000gn/T/arduino_build_328479/core/core.a(usb_init.c.o)
                0x000000002000080c                SaveState
                0x0000000020000810                pProperty
                0x0000000020000814                EPindex
                0x0000000020000818                Device_Info
                0x0000000020000834                pUser_Standard_Requests
                0x0000000020000838                pInformation
                0x000000002000083c                wInterrupt_Mask
                0x0000000020000840                . = ALIGN (0x8)
 *fill*         0x000000002000083e        0x2 
                0x0000000020000840                __bss_end__ = .
                0x0000000020000840                _end = __bss_end__

.stab
 *(.stab)

.stabstr
 *(.stabstr)

.debug
 *(.debug)

.line
 *(.line)

.debug_srcinfo
 *(.debug_srcinfo)

.debug_sfnames
 *(.debug_sfnames)

.debug_aranges  0x0000000000000000      0xf38
 *(.debug_aranges)
 .debug_aranges
                0x0000000000000000       0x28 /var/folders/10/2gtg3c9534n7mjwvtflsvxs80000gn/T/arduino_build_328479/sketch/Blink.ino.cpp.o
 .debug_aranges
                0x0000000000000028       0x20 /var/folders/10/2gtg3c9534n7mjwvtflsvxs80000gn/T/arduino_build_328479/core/wirish/start.S.o
 .debug_aranges
                0x0000000000000048       0x20 /var/folders/10/2gtg3c9534n7mjwvtflsvxs80000gn/T/arduino_build_328479/core/wirish/start_c.c.o
 .debug_aranges
                0x0000000000000068       0x88 /var/folders/10/2gtg3c9534n7mjwvtflsvxs80000gn/T/arduino_build_328479/core/wirish/syscalls.c.o
 .debug_aranges
                0x00000000000000f0       0x20 /var/folders/10/2gtg3c9534n7mjwvtflsvxs80000gn/T/arduino_build_328479/core/board.cpp.o
 .debug_aranges
                0x0000000000000110       0x40 /var/folders/10/2gtg3c9534n7mjwvtflsvxs80000gn/T/arduino_build_328479/core/wirish/boards.cpp.o
 .debug_aranges
                0x0000000000000150       0x40 /var/folders/10/2gtg3c9534n7mjwvtflsvxs80000gn/T/arduino_build_328479/core/wirish/boards_setup.cpp.o
 .debug_aranges
                0x0000000000000190       0x20 /var/folders/10/2gtg3c9534n7mjwvtflsvxs80000gn/T/arduino_build_328479/core/core.a(exc.S.o)
 .debug_aranges
                0x00000000000001b0       0x20 /var/folders/10/2gtg3c9534n7mjwvtflsvxs80000gn/T/arduino_build_328479/core/core.a(isrs.S.o)
 .debug_aranges
                0x00000000000001d0       0x38 /var/folders/10/2gtg3c9534n7mjwvtflsvxs80000gn/T/arduino_build_328479/core/core.a(adc.c.o)
 .debug_aranges
                0x0000000000000208       0x60 /var/folders/10/2gtg3c9534n7mjwvtflsvxs80000gn/T/arduino_build_328479/core/core.a(adc_f1.c.o)
 .debug_aranges
                0x0000000000000268       0xd0 /var/folders/10/2gtg3c9534n7mjwvtflsvxs80000gn/T/arduino_build_328479/core/core.a(dma_f1.c.o)
 .debug_aranges
                0x0000000000000338       0x80 /var/folders/10/2gtg3c9534n7mjwvtflsvxs80000gn/T/arduino_build_328479/core/core.a(exti.c.o)
 .debug_aranges
                0x00000000000003b8       0x20 /var/folders/10/2gtg3c9534n7mjwvtflsvxs80000gn/T/arduino_build_328479/core/core.a(exti_f1.c.o)
 .debug_aranges
                0x00000000000003d8       0x20 /var/folders/10/2gtg3c9534n7mjwvtflsvxs80000gn/T/arduino_build_328479/core/core.a(flash.c.o)
 .debug_aranges
                0x00000000000003f8       0x48 /var/folders/10/2gtg3c9534n7mjwvtflsvxs80000gn/T/arduino_build_328479/core/core.a(gpio_f1.c.o)
 .debug_aranges
                0x0000000000000440       0x50 /var/folders/10/2gtg3c9534n7mjwvtflsvxs80000gn/T/arduino_build_328479/core/core.a(i2c_f1.c.o)
 .debug_aranges
                0x0000000000000490       0x38 /var/folders/10/2gtg3c9534n7mjwvtflsvxs80000gn/T/arduino_build_328479/core/core.a(nvic.c.o)
 .debug_aranges
                0x00000000000004c8       0x48 /var/folders/10/2gtg3c9534n7mjwvtflsvxs80000gn/T/arduino_build_328479/core/core.a(rcc.c.o)
 .debug_aranges
                0x0000000000000510       0x48 /var/folders/10/2gtg3c9534n7mjwvtflsvxs80000gn/T/arduino_build_328479/core/core.a(rcc_f1.c.o)
 .debug_aranges
                0x0000000000000558       0x40 /var/folders/10/2gtg3c9534n7mjwvtflsvxs80000gn/T/arduino_build_328479/core/core.a(systick.c.o)
 .debug_aranges
                0x0000000000000598      0x100 /var/folders/10/2gtg3c9534n7mjwvtflsvxs80000gn/T/arduino_build_328479/core/core.a(timer.c.o)
 .debug_aranges
                0x0000000000000698       0x60 /var/folders/10/2gtg3c9534n7mjwvtflsvxs80000gn/T/arduino_build_328479/core/core.a(usart_f1.c.o)
 .debug_aranges
                0x00000000000006f8       0x20 /var/folders/10/2gtg3c9534n7mjwvtflsvxs80000gn/T/arduino_build_328479/core/core.a(usart_private.c.o)
 .debug_aranges
                0x0000000000000718       0x38 /var/folders/10/2gtg3c9534n7mjwvtflsvxs80000gn/T/arduino_build_328479/core/core.a(usb.c.o)
 .debug_aranges
                0x0000000000000750      0x128 /var/folders/10/2gtg3c9534n7mjwvtflsvxs80000gn/T/arduino_build_328479/core/core.a(usb_cdcacm.c.o)
 .debug_aranges
                0x0000000000000878       0x20 /var/folders/10/2gtg3c9534n7mjwvtflsvxs80000gn/T/arduino_build_328479/core/core.a(usb_reg_map.c.o)
 .debug_aranges
                0x0000000000000898       0x98 /var/folders/10/2gtg3c9534n7mjwvtflsvxs80000gn/T/arduino_build_328479/core/core.a(usb_core.c.o)
 .debug_aranges
                0x0000000000000930       0x20 /var/folders/10/2gtg3c9534n7mjwvtflsvxs80000gn/T/arduino_build_328479/core/core.a(usb_init.c.o)
 .debug_aranges
                0x0000000000000950       0x28 /var/folders/10/2gtg3c9534n7mjwvtflsvxs80000gn/T/arduino_build_328479/core/core.a(usb_mem.c.o)
 .debug_aranges
                0x0000000000000978      0x1f0 /var/folders/10/2gtg3c9534n7mjwvtflsvxs80000gn/T/arduino_build_328479/core/core.a(usb_regs.c.o)
 .debug_aranges
                0x0000000000000b68       0x50 /var/folders/10/2gtg3c9534n7mjwvtflsvxs80000gn/T/arduino_build_328479/core/core.a(util.c.o)
 .debug_aranges
                0x0000000000000bb8       0x70 /var/folders/10/2gtg3c9534n7mjwvtflsvxs80000gn/T/arduino_build_328479/core/core.a(HardwareSerial.cpp.o)
 .debug_aranges
                0x0000000000000c28      0x110 /var/folders/10/2gtg3c9534n7mjwvtflsvxs80000gn/T/arduino_build_328479/core/core.a(Print.cpp.o)
 .debug_aranges
                0x0000000000000d38       0x28 /var/folders/10/2gtg3c9534n7mjwvtflsvxs80000gn/T/arduino_build_328479/core/core.a(cxxabi-compat.cpp.o)
 .debug_aranges
                0x0000000000000d60       0x28 /var/folders/10/2gtg3c9534n7mjwvtflsvxs80000gn/T/arduino_build_328479/core/core.a(main.cpp.o)
 .debug_aranges
                0x0000000000000d88       0x20 /var/folders/10/2gtg3c9534n7mjwvtflsvxs80000gn/T/arduino_build_328479/core/core.a(wirish_digital_f1.cpp.o)
 .debug_aranges
                0x0000000000000da8       0x28 /var/folders/10/2gtg3c9534n7mjwvtflsvxs80000gn/T/arduino_build_328479/core/core.a(wirish_digital.cpp.o)
 .debug_aranges
                0x0000000000000dd0       0x30 /var/folders/10/2gtg3c9534n7mjwvtflsvxs80000gn/T/arduino_build_328479/core/core.a(wirish_time.cpp.o)
 .debug_aranges
                0x0000000000000e00       0x20 /var/folders/10/2gtg3c9534n7mjwvtflsvxs80000gn/T/arduino_build_328479/core/core.a(hooks.c.o)
 .debug_aranges
                0x0000000000000e20       0x28 /var/folders/10/2gtg3c9534n7mjwvtflsvxs80000gn/T/arduino_build_328479/core/core.a(dma.c.o)
 .debug_aranges
                0x0000000000000e48       0x20 /var/folders/10/2gtg3c9534n7mjwvtflsvxs80000gn/T/arduino_build_328479/core/core.a(gpio.c.o)
 .debug_aranges
                0x0000000000000e68       0x88 /var/folders/10/2gtg3c9534n7mjwvtflsvxs80000gn/T/arduino_build_328479/core/core.a(i2c.c.o)
 .debug_aranges
                0x0000000000000ef0       0x48 /var/folders/10/2gtg3c9534n7mjwvtflsvxs80000gn/T/arduino_build_328479/core/core.a(usart.c.o)

.debug_pubnames
 *(.debug_pubnames)

.debug_info     0x0000000000000000    0x1ce4c
 *(.debug_info .gnu.linkonce.wi.*)
 .debug_info    0x0000000000000000      0x396 /var/folders/10/2gtg3c9534n7mjwvtflsvxs80000gn/T/arduino_build_328479/sketch/Blink.ino.cpp.o
 .debug_info    0x0000000000000396       0xa6 /var/folders/10/2gtg3c9534n7mjwvtflsvxs80000gn/T/arduino_build_328479/core/wirish/start.S.o
 .debug_info    0x000000000000043c      0x176 /var/folders/10/2gtg3c9534n7mjwvtflsvxs80000gn/T/arduino_build_328479/core/wirish/start_c.c.o
 .debug_info    0x00000000000005b2      0x5cd /var/folders/10/2gtg3c9534n7mjwvtflsvxs80000gn/T/arduino_build_328479/core/wirish/syscalls.c.o
 .debug_info    0x0000000000000b7f     0x1003 /var/folders/10/2gtg3c9534n7mjwvtflsvxs80000gn/T/arduino_build_328479/core/board.cpp.o
 .debug_info    0x0000000000001b82     0x142d /var/folders/10/2gtg3c9534n7mjwvtflsvxs80000gn/T/arduino_build_328479/core/wirish/boards.cpp.o
 .debug_info    0x0000000000002faf      0x663 /var/folders/10/2gtg3c9534n7mjwvtflsvxs80000gn/T/arduino_build_328479/core/wirish/boards_setup.cpp.o
 .debug_info    0x0000000000003612       0x96 /var/folders/10/2gtg3c9534n7mjwvtflsvxs80000gn/T/arduino_build_328479/core/core.a(exc.S.o)
 .debug_info    0x00000000000036a8       0xab /var/folders/10/2gtg3c9534n7mjwvtflsvxs80000gn/T/arduino_build_328479/core/core.a(isrs.S.o)
 .debug_info    0x0000000000003753      0x79a /var/folders/10/2gtg3c9534n7mjwvtflsvxs80000gn/T/arduino_build_328479/core/core.a(adc.c.o)
 .debug_info    0x0000000000003eed      0xeec /var/folders/10/2gtg3c9534n7mjwvtflsvxs80000gn/T/arduino_build_328479/core/core.a(adc_f1.c.o)
 .debug_info    0x0000000000004dd9     0x197e /var/folders/10/2gtg3c9534n7mjwvtflsvxs80000gn/T/arduino_build_328479/core/core.a(dma_f1.c.o)
 .debug_info    0x0000000000006757      0xd3c /var/folders/10/2gtg3c9534n7mjwvtflsvxs80000gn/T/arduino_build_328479/core/core.a(exti.c.o)
 .debug_info    0x0000000000007493      0x213 /var/folders/10/2gtg3c9534n7mjwvtflsvxs80000gn/T/arduino_build_328479/core/core.a(exti_f1.c.o)
 .debug_info    0x00000000000076a6      0x128 /var/folders/10/2gtg3c9534n7mjwvtflsvxs80000gn/T/arduino_build_328479/core/core.a(flash.c.o)
 .debug_info    0x00000000000077ce      0x715 /var/folders/10/2gtg3c9534n7mjwvtflsvxs80000gn/T/arduino_build_328479/core/core.a(gpio_f1.c.o)
 .debug_info    0x0000000000007ee3      0xc25 /var/folders/10/2gtg3c9534n7mjwvtflsvxs80000gn/T/arduino_build_328479/core/core.a(i2c_f1.c.o)
 .debug_info    0x0000000000008b08      0x5a2 /var/folders/10/2gtg3c9534n7mjwvtflsvxs80000gn/T/arduino_build_328479/core/core.a(nvic.c.o)
 .debug_info    0x00000000000090aa      0x556 /var/folders/10/2gtg3c9534n7mjwvtflsvxs80000gn/T/arduino_build_328479/core/core.a(rcc.c.o)
 .debug_info    0x0000000000009600      0xb64 /var/folders/10/2gtg3c9534n7mjwvtflsvxs80000gn/T/arduino_build_328479/core/core.a(rcc_f1.c.o)
 .debug_info    0x000000000000a164      0x182 /var/folders/10/2gtg3c9534n7mjwvtflsvxs80000gn/T/arduino_build_328479/core/core.a(systick.c.o)
 .debug_info    0x000000000000a2e6     0x1b7c /var/folders/10/2gtg3c9534n7mjwvtflsvxs80000gn/T/arduino_build_328479/core/core.a(timer.c.o)
 .debug_info    0x000000000000be62      0xc97 /var/folders/10/2gtg3c9534n7mjwvtflsvxs80000gn/T/arduino_build_328479/core/core.a(usart_f1.c.o)
 .debug_info    0x000000000000caf9      0x595 /var/folders/10/2gtg3c9534n7mjwvtflsvxs80000gn/T/arduino_build_328479/core/core.a(usart_private.c.o)
 .debug_info    0x000000000000d08e      0xd16 /var/folders/10/2gtg3c9534n7mjwvtflsvxs80000gn/T/arduino_build_328479/core/core.a(usb.c.o)
 .debug_info    0x000000000000dda4     0x22d2 /var/folders/10/2gtg3c9534n7mjwvtflsvxs80000gn/T/arduino_build_328479/core/core.a(usb_cdcacm.c.o)
 .debug_info    0x0000000000010076      0x26c /var/folders/10/2gtg3c9534n7mjwvtflsvxs80000gn/T/arduino_build_328479/core/core.a(usb_reg_map.c.o)
 .debug_info    0x00000000000102e2      0xddf /var/folders/10/2gtg3c9534n7mjwvtflsvxs80000gn/T/arduino_build_328479/core/core.a(usb_core.c.o)
 .debug_info    0x00000000000110c1      0x3ed /var/folders/10/2gtg3c9534n7mjwvtflsvxs80000gn/T/arduino_build_328479/core/core.a(usb_init.c.o)
 .debug_info    0x00000000000114ae      0x183 /var/folders/10/2gtg3c9534n7mjwvtflsvxs80000gn/T/arduino_build_328479/core/core.a(usb_mem.c.o)
 .debug_info    0x0000000000011631      0xc88 /var/folders/10/2gtg3c9534n7mjwvtflsvxs80000gn/T/arduino_build_328479/core/core.a(usb_regs.c.o)
 .debug_info    0x00000000000122b9      0xad2 /var/folders/10/2gtg3c9534n7mjwvtflsvxs80000gn/T/arduino_build_328479/core/core.a(util.c.o)
 .debug_info    0x0000000000012d8b     0x29e8 /var/folders/10/2gtg3c9534n7mjwvtflsvxs80000gn/T/arduino_build_328479/core/core.a(HardwareSerial.cpp.o)
 .debug_info    0x0000000000015773     0x258a /var/folders/10/2gtg3c9534n7mjwvtflsvxs80000gn/T/arduino_build_328479/core/core.a(Print.cpp.o)
 .debug_info    0x0000000000017cfd      0x524 /var/folders/10/2gtg3c9534n7mjwvtflsvxs80000gn/T/arduino_build_328479/core/core.a(cxxabi-compat.cpp.o)
 .debug_info    0x0000000000018221       0x99 /var/folders/10/2gtg3c9534n7mjwvtflsvxs80000gn/T/arduino_build_328479/core/core.a(main.cpp.o)
 .debug_info    0x00000000000182ba      0xc8a /var/folders/10/2gtg3c9534n7mjwvtflsvxs80000gn/T/arduino_build_328479/core/core.a(wirish_digital_f1.cpp.o)
 .debug_info    0x0000000000018f44      0xb0b /var/folders/10/2gtg3c9534n7mjwvtflsvxs80000gn/T/arduino_build_328479/core/core.a(wirish_digital.cpp.o)
 .debug_info    0x0000000000019a4f      0x2bc /var/folders/10/2gtg3c9534n7mjwvtflsvxs80000gn/T/arduino_build_328479/core/core.a(wirish_time.cpp.o)
 .debug_info    0x0000000000019d0b       0x33 /var/folders/10/2gtg3c9534n7mjwvtflsvxs80000gn/T/arduino_build_328479/core/core.a(hooks.c.o)
 .debug_info    0x0000000000019d3e      0x6f7 /var/folders/10/2gtg3c9534n7mjwvtflsvxs80000gn/T/arduino_build_328479/core/core.a(dma.c.o)
 .debug_info    0x000000000001a435      0x313 /var/folders/10/2gtg3c9534n7mjwvtflsvxs80000gn/T/arduino_build_328479/core/core.a(gpio.c.o)
 .debug_info    0x000000000001a748     0x1ad2 /var/folders/10/2gtg3c9534n7mjwvtflsvxs80000gn/T/arduino_build_328479/core/core.a(i2c.c.o)
 .debug_info    0x000000000001c21a      0xc32 /var/folders/10/2gtg3c9534n7mjwvtflsvxs80000gn/T/arduino_build_328479/core/core.a(usart.c.o)

.debug_abbrev   0x0000000000000000     0x589d
 *(.debug_abbrev)
 .debug_abbrev  0x0000000000000000      0x113 /var/folders/10/2gtg3c9534n7mjwvtflsvxs80000gn/T/arduino_build_328479/sketch/Blink.ino.cpp.o
 .debug_abbrev  0x0000000000000113       0x14 /var/folders/10/2gtg3c9534n7mjwvtflsvxs80000gn/T/arduino_build_328479/core/wirish/start.S.o
 .debug_abbrev  0x0000000000000127      0x11f /var/folders/10/2gtg3c9534n7mjwvtflsvxs80000gn/T/arduino_build_328479/core/wirish/start_c.c.o
 .debug_abbrev  0x0000000000000246      0x17e /var/folders/10/2gtg3c9534n7mjwvtflsvxs80000gn/T/arduino_build_328479/core/wirish/syscalls.c.o
 .debug_abbrev  0x00000000000003c4      0x1d2 /var/folders/10/2gtg3c9534n7mjwvtflsvxs80000gn/T/arduino_build_328479/core/board.cpp.o
 .debug_abbrev  0x0000000000000596      0x3dd /var/folders/10/2gtg3c9534n7mjwvtflsvxs80000gn/T/arduino_build_328479/core/wirish/boards.cpp.o
 .debug_abbrev  0x0000000000000973      0x196 /var/folders/10/2gtg3c9534n7mjwvtflsvxs80000gn/T/arduino_build_328479/core/wirish/boards_setup.cpp.o
 .debug_abbrev  0x0000000000000b09       0x14 /var/folders/10/2gtg3c9534n7mjwvtflsvxs80000gn/T/arduino_build_328479/core/core.a(exc.S.o)
 .debug_abbrev  0x0000000000000b1d       0x14 /var/folders/10/2gtg3c9534n7mjwvtflsvxs80000gn/T/arduino_build_328479/core/core.a(isrs.S.o)
 .debug_abbrev  0x0000000000000b31      0x20b /var/folders/10/2gtg3c9534n7mjwvtflsvxs80000gn/T/arduino_build_328479/core/core.a(adc.c.o)
 .debug_abbrev  0x0000000000000d3c      0x2e6 /var/folders/10/2gtg3c9534n7mjwvtflsvxs80000gn/T/arduino_build_328479/core/core.a(adc_f1.c.o)
 .debug_abbrev  0x0000000000001022      0x3e9 /var/folders/10/2gtg3c9534n7mjwvtflsvxs80000gn/T/arduino_build_328479/core/core.a(dma_f1.c.o)
 .debug_abbrev  0x000000000000140b      0x286 /var/folders/10/2gtg3c9534n7mjwvtflsvxs80000gn/T/arduino_build_328479/core/core.a(exti.c.o)
 .debug_abbrev  0x0000000000001691       0xdb /var/folders/10/2gtg3c9534n7mjwvtflsvxs80000gn/T/arduino_build_328479/core/core.a(exti_f1.c.o)
 .debug_abbrev  0x000000000000176c       0x9f /var/folders/10/2gtg3c9534n7mjwvtflsvxs80000gn/T/arduino_build_328479/core/core.a(flash.c.o)
 .debug_abbrev  0x000000000000180b      0x191 /var/folders/10/2gtg3c9534n7mjwvtflsvxs80000gn/T/arduino_build_328479/core/core.a(gpio_f1.c.o)
 .debug_abbrev  0x000000000000199c      0x20b /var/folders/10/2gtg3c9534n7mjwvtflsvxs80000gn/T/arduino_build_328479/core/core.a(i2c_f1.c.o)
 .debug_abbrev  0x0000000000001ba7      0x1ac /var/folders/10/2gtg3c9534n7mjwvtflsvxs80000gn/T/arduino_build_328479/core/core.a(nvic.c.o)
 .debug_abbrev  0x0000000000001d53      0x17f /var/folders/10/2gtg3c9534n7mjwvtflsvxs80000gn/T/arduino_build_328479/core/core.a(rcc.c.o)
 .debug_abbrev  0x0000000000001ed2      0x28c /var/folders/10/2gtg3c9534n7mjwvtflsvxs80000gn/T/arduino_build_328479/core/core.a(rcc_f1.c.o)
 .debug_abbrev  0x000000000000215e      0x10f /var/folders/10/2gtg3c9534n7mjwvtflsvxs80000gn/T/arduino_build_328479/core/core.a(systick.c.o)
 .debug_abbrev  0x000000000000226d      0x47f /var/folders/10/2gtg3c9534n7mjwvtflsvxs80000gn/T/arduino_build_328479/core/core.a(timer.c.o)
 .debug_abbrev  0x00000000000026ec      0x2ad /var/folders/10/2gtg3c9534n7mjwvtflsvxs80000gn/T/arduino_build_328479/core/core.a(usart_f1.c.o)
 .debug_abbrev  0x0000000000002999      0x144 /var/folders/10/2gtg3c9534n7mjwvtflsvxs80000gn/T/arduino_build_328479/core/core.a(usart_private.c.o)
 .debug_abbrev  0x0000000000002add      0x352 /var/folders/10/2gtg3c9534n7mjwvtflsvxs80000gn/T/arduino_build_328479/core/core.a(usb.c.o)
 .debug_abbrev  0x0000000000002e2f      0x47d /var/folders/10/2gtg3c9534n7mjwvtflsvxs80000gn/T/arduino_build_328479/core/core.a(usb_cdcacm.c.o)
 .debug_abbrev  0x00000000000032ac      0x193 /var/folders/10/2gtg3c9534n7mjwvtflsvxs80000gn/T/arduino_build_328479/core/core.a(usb_reg_map.c.o)
 .debug_abbrev  0x000000000000343f      0x3a6 /var/folders/10/2gtg3c9534n7mjwvtflsvxs80000gn/T/arduino_build_328479/core/core.a(usb_core.c.o)
 .debug_abbrev  0x00000000000037e5      0x101 /var/folders/10/2gtg3c9534n7mjwvtflsvxs80000gn/T/arduino_build_328479/core/core.a(usb_init.c.o)
 .debug_abbrev  0x00000000000038e6       0xa6 /var/folders/10/2gtg3c9534n7mjwvtflsvxs80000gn/T/arduino_build_328479/core/core.a(usb_mem.c.o)
 .debug_abbrev  0x000000000000398c      0x1f3 /var/folders/10/2gtg3c9534n7mjwvtflsvxs80000gn/T/arduino_build_328479/core/core.a(usb_regs.c.o)
 .debug_abbrev  0x0000000000003b7f      0x2cb /var/folders/10/2gtg3c9534n7mjwvtflsvxs80000gn/T/arduino_build_328479/core/core.a(util.c.o)
 .debug_abbrev  0x0000000000003e4a      0x535 /var/folders/10/2gtg3c9534n7mjwvtflsvxs80000gn/T/arduino_build_328479/core/core.a(HardwareSerial.cpp.o)
 .debug_abbrev  0x000000000000437f      0x414 /var/folders/10/2gtg3c9534n7mjwvtflsvxs80000gn/T/arduino_build_328479/core/core.a(Print.cpp.o)
 .debug_abbrev  0x0000000000004793      0x163 /var/folders/10/2gtg3c9534n7mjwvtflsvxs80000gn/T/arduino_build_328479/core/core.a(cxxabi-compat.cpp.o)
 .debug_abbrev  0x00000000000048f6       0x7b /var/folders/10/2gtg3c9534n7mjwvtflsvxs80000gn/T/arduino_build_328479/core/core.a(main.cpp.o)
 .debug_abbrev  0x0000000000004971      0x240 /var/folders/10/2gtg3c9534n7mjwvtflsvxs80000gn/T/arduino_build_328479/core/core.a(wirish_digital_f1.cpp.o)
 .debug_abbrev  0x0000000000004bb1      0x17e /var/folders/10/2gtg3c9534n7mjwvtflsvxs80000gn/T/arduino_build_328479/core/core.a(wirish_digital.cpp.o)
 .debug_abbrev  0x0000000000004d2f      0x187 /var/folders/10/2gtg3c9534n7mjwvtflsvxs80000gn/T/arduino_build_328479/core/core.a(wirish_time.cpp.o)
 .debug_abbrev  0x0000000000004eb6       0x26 /var/folders/10/2gtg3c9534n7mjwvtflsvxs80000gn/T/arduino_build_328479/core/core.a(hooks.c.o)
 .debug_abbrev  0x0000000000004edc      0x182 /var/folders/10/2gtg3c9534n7mjwvtflsvxs80000gn/T/arduino_build_328479/core/core.a(dma.c.o)
 .debug_abbrev  0x000000000000505e      0x113 /var/folders/10/2gtg3c9534n7mjwvtflsvxs80000gn/T/arduino_build_328479/core/core.a(gpio.c.o)
 .debug_abbrev  0x0000000000005171      0x42d /var/folders/10/2gtg3c9534n7mjwvtflsvxs80000gn/T/arduino_build_328479/core/core.a(i2c.c.o)
 .debug_abbrev  0x000000000000559e      0x2ff /var/folders/10/2gtg3c9534n7mjwvtflsvxs80000gn/T/arduino_build_328479/core/core.a(usart.c.o)

.debug_line     0x0000000000000000     0x9e75
 *(.debug_line)
 .debug_line    0x0000000000000000      0x371 /var/folders/10/2gtg3c9534n7mjwvtflsvxs80000gn/T/arduino_build_328479/sketch/Blink.ino.cpp.o
 .debug_line    0x0000000000000371       0xb0 /var/folders/10/2gtg3c9534n7mjwvtflsvxs80000gn/T/arduino_build_328479/core/wirish/start.S.o
 .debug_line    0x0000000000000421       0xc1 /var/folders/10/2gtg3c9534n7mjwvtflsvxs80000gn/T/arduino_build_328479/core/wirish/start_c.c.o
 .debug_line    0x00000000000004e2      0x2fc /var/folders/10/2gtg3c9534n7mjwvtflsvxs80000gn/T/arduino_build_328479/core/wirish/syscalls.c.o
 .debug_line    0x00000000000007de      0x428 /var/folders/10/2gtg3c9534n7mjwvtflsvxs80000gn/T/arduino_build_328479/core/board.cpp.o
 .debug_line    0x0000000000000c06      0x4b1 /var/folders/10/2gtg3c9534n7mjwvtflsvxs80000gn/T/arduino_build_328479/core/wirish/boards.cpp.o
 .debug_line    0x00000000000010b7      0x3a0 /var/folders/10/2gtg3c9534n7mjwvtflsvxs80000gn/T/arduino_build_328479/core/wirish/boards_setup.cpp.o
 .debug_line    0x0000000000001457       0xb3 /var/folders/10/2gtg3c9534n7mjwvtflsvxs80000gn/T/arduino_build_328479/core/core.a(exc.S.o)
 .debug_line    0x000000000000150a       0xb0 /var/folders/10/2gtg3c9534n7mjwvtflsvxs80000gn/T/arduino_build_328479/core/core.a(isrs.S.o)
 .debug_line    0x00000000000015ba      0x32c /var/folders/10/2gtg3c9534n7mjwvtflsvxs80000gn/T/arduino_build_328479/core/core.a(adc.c.o)
 .debug_line    0x00000000000018e6      0x3fb /var/folders/10/2gtg3c9534n7mjwvtflsvxs80000gn/T/arduino_build_328479/core/core.a(adc_f1.c.o)
 .debug_line    0x0000000000001ce1      0x6b7 /var/folders/10/2gtg3c9534n7mjwvtflsvxs80000gn/T/arduino_build_328479/core/core.a(dma_f1.c.o)
 .debug_line    0x0000000000002398      0x405 /var/folders/10/2gtg3c9534n7mjwvtflsvxs80000gn/T/arduino_build_328479/core/core.a(exti.c.o)
 .debug_line    0x000000000000279d      0x32a /var/folders/10/2gtg3c9534n7mjwvtflsvxs80000gn/T/arduino_build_328479/core/core.a(exti_f1.c.o)
 .debug_line    0x0000000000002ac7      0x2ae /var/folders/10/2gtg3c9534n7mjwvtflsvxs80000gn/T/arduino_build_328479/core/core.a(flash.c.o)
 .debug_line    0x0000000000002d75      0x357 /var/folders/10/2gtg3c9534n7mjwvtflsvxs80000gn/T/arduino_build_328479/core/core.a(gpio_f1.c.o)
 .debug_line    0x00000000000030cc      0x437 /var/folders/10/2gtg3c9534n7mjwvtflsvxs80000gn/T/arduino_build_328479/core/core.a(i2c_f1.c.o)
 .debug_line    0x0000000000003503      0x316 /var/folders/10/2gtg3c9534n7mjwvtflsvxs80000gn/T/arduino_build_328479/core/core.a(nvic.c.o)
 .debug_line    0x0000000000003819      0x3ab /var/folders/10/2gtg3c9534n7mjwvtflsvxs80000gn/T/arduino_build_328479/core/core.a(rcc.c.o)
 .debug_line    0x0000000000003bc4      0x3f8 /var/folders/10/2gtg3c9534n7mjwvtflsvxs80000gn/T/arduino_build_328479/core/core.a(rcc_f1.c.o)
 .debug_line    0x0000000000003fbc      0x284 /var/folders/10/2gtg3c9534n7mjwvtflsvxs80000gn/T/arduino_build_328479/core/core.a(systick.c.o)
 .debug_line    0x0000000000004240      0x700 /var/folders/10/2gtg3c9534n7mjwvtflsvxs80000gn/T/arduino_build_328479/core/core.a(timer.c.o)
 .debug_line    0x0000000000004940      0x470 /var/folders/10/2gtg3c9534n7mjwvtflsvxs80000gn/T/arduino_build_328479/core/core.a(usart_f1.c.o)
 .debug_line    0x0000000000004db0      0x2ea /var/folders/10/2gtg3c9534n7mjwvtflsvxs80000gn/T/arduino_build_328479/core/core.a(usart_private.c.o)
 .debug_line    0x000000000000509a      0x51a /var/folders/10/2gtg3c9534n7mjwvtflsvxs80000gn/T/arduino_build_328479/core/core.a(usb.c.o)
 .debug_line    0x00000000000055b4      0x924 /var/folders/10/2gtg3c9534n7mjwvtflsvxs80000gn/T/arduino_build_328479/core/core.a(usb_cdcacm.c.o)
 .debug_line    0x0000000000005ed8      0x2e1 /var/folders/10/2gtg3c9534n7mjwvtflsvxs80000gn/T/arduino_build_328479/core/core.a(usb_reg_map.c.o)
 .debug_line    0x00000000000061b9      0x429 /var/folders/10/2gtg3c9534n7mjwvtflsvxs80000gn/T/arduino_build_328479/core/core.a(usb_core.c.o)
 .debug_line    0x00000000000065e2      0x13e /var/folders/10/2gtg3c9534n7mjwvtflsvxs80000gn/T/arduino_build_328479/core/core.a(usb_init.c.o)
 .debug_line    0x0000000000006720      0x178 /var/folders/10/2gtg3c9534n7mjwvtflsvxs80000gn/T/arduino_build_328479/core/core.a(usb_mem.c.o)
 .debug_line    0x0000000000006898      0x5a2 /var/folders/10/2gtg3c9534n7mjwvtflsvxs80000gn/T/arduino_build_328479/core/core.a(usb_regs.c.o)
 .debug_line    0x0000000000006e3a      0x3b2 /var/folders/10/2gtg3c9534n7mjwvtflsvxs80000gn/T/arduino_build_328479/core/core.a(util.c.o)
 .debug_line    0x00000000000071ec      0x53f /var/folders/10/2gtg3c9534n7mjwvtflsvxs80000gn/T/arduino_build_328479/core/core.a(HardwareSerial.cpp.o)
 .debug_line    0x000000000000772b      0x5b1 /var/folders/10/2gtg3c9534n7mjwvtflsvxs80000gn/T/arduino_build_328479/core/core.a(Print.cpp.o)
 .debug_line    0x0000000000007cdc      0x259 /var/folders/10/2gtg3c9534n7mjwvtflsvxs80000gn/T/arduino_build_328479/core/core.a(cxxabi-compat.cpp.o)
 .debug_line    0x0000000000007f35       0xab /var/folders/10/2gtg3c9534n7mjwvtflsvxs80000gn/T/arduino_build_328479/core/core.a(main.cpp.o)
 .debug_line    0x0000000000007fe0      0x3d8 /var/folders/10/2gtg3c9534n7mjwvtflsvxs80000gn/T/arduino_build_328479/core/core.a(wirish_digital_f1.cpp.o)
 .debug_line    0x00000000000083b8      0x360 /var/folders/10/2gtg3c9534n7mjwvtflsvxs80000gn/T/arduino_build_328479/core/core.a(wirish_digital.cpp.o)
 .debug_line    0x0000000000008718      0x344 /var/folders/10/2gtg3c9534n7mjwvtflsvxs80000gn/T/arduino_build_328479/core/core.a(wirish_time.cpp.o)
 .debug_line    0x0000000000008a5c       0x94 /var/folders/10/2gtg3c9534n7mjwvtflsvxs80000gn/T/arduino_build_328479/core/core.a(hooks.c.o)
 .debug_line    0x0000000000008af0      0x374 /var/folders/10/2gtg3c9534n7mjwvtflsvxs80000gn/T/arduino_build_328479/core/core.a(dma.c.o)
 .debug_line    0x0000000000008e64      0x2d3 /var/folders/10/2gtg3c9534n7mjwvtflsvxs80000gn/T/arduino_build_328479/core/core.a(gpio.c.o)
 .debug_line    0x0000000000009137      0x8fa /var/folders/10/2gtg3c9534n7mjwvtflsvxs80000gn/T/arduino_build_328479/core/core.a(i2c.c.o)
 .debug_line    0x0000000000009a31      0x444 /var/folders/10/2gtg3c9534n7mjwvtflsvxs80000gn/T/arduino_build_328479/core/core.a(usart.c.o)

.debug_frame    0x0000000000000000     0x2154
 *(.debug_frame)
 .debug_frame   0x0000000000000000       0x38 /var/folders/10/2gtg3c9534n7mjwvtflsvxs80000gn/T/arduino_build_328479/sketch/Blink.ino.cpp.o
 .debug_frame   0x0000000000000038       0x28 /var/folders/10/2gtg3c9534n7mjwvtflsvxs80000gn/T/arduino_build_328479/core/wirish/start_c.c.o
 .debug_frame   0x0000000000000060      0x130 /var/folders/10/2gtg3c9534n7mjwvtflsvxs80000gn/T/arduino_build_328479/core/wirish/syscalls.c.o
 .debug_frame   0x0000000000000190       0x28 /var/folders/10/2gtg3c9534n7mjwvtflsvxs80000gn/T/arduino_build_328479/core/board.cpp.o
 .debug_frame   0x00000000000001b8       0x84 /var/folders/10/2gtg3c9534n7mjwvtflsvxs80000gn/T/arduino_build_328479/core/wirish/boards.cpp.o
 .debug_frame   0x000000000000023c       0x68 /var/folders/10/2gtg3c9534n7mjwvtflsvxs80000gn/T/arduino_build_328479/core/wirish/boards_setup.cpp.o
 .debug_frame   0x00000000000002a4       0x64 /var/folders/10/2gtg3c9534n7mjwvtflsvxs80000gn/T/arduino_build_328479/core/core.a(adc.c.o)